2026-06-22 13:24:02 [INFO] __main__: Режим CI: увеличенные таймауты и ожидание networkidle.
2026-06-22 13:24:02 [INFO] __main__: Запуск парсера отелей...
2026-06-22 13:24:02 [INFO] __main__: Даты бронирования: 23.06.2026 - 24.06.2026
2026-06-22 13:24:04 [INFO] __main__: --- Страница 1 ---
2026-06-22 13:24:07 [INFO] __main__: Перехвачено и извлечено 20 отелей. Всего: 20
2026-06-22 13:24:56 [INFO] __main__: Добавлено 20 отелей со страницы 1. Переход на следующую страницу...
2026-06-22 13:24:58 [INFO] __main__: --- Страница 2 ---
2026-06-22 13:25:00 [INFO] __main__: Перехвачено и извлечено 20 отелей. Всего: 40
2026-06-22 13:25:05 [INFO] __main__: Добавлено 20 отелей со страницы 2. Переход на следующую страницу...
2026-06-22 13:25:08 [INFO] __main__: --- Страница 3 ---
2026-06-22 13:25:10 [INFO] __main__: Перехвачено и извлечено 20 отелей. Всего: 60
2026-06-22 13:25:15 [INFO] __main__: Добавлено 20 отелей со страницы 3. Переход на следующую страницу...
2026-06-22 13:25:18 [INFO] __main__: --- Страница 4 ---
2026-06-22 13:25:20 [INFO] __main__: Перехвачено и извлечено 20 отелей. Всего: 80
2026-06-22 13:26:07 [INFO] __main__: Добавлено 20 отелей со страницы 4. Переход на следующую страницу...
2026-06-22 13:26:09 [INFO] __main__: --- Страница 5 ---
2026-06-22 13:26:12 [INFO] __main__: Перехвачено и извлечено 20 отелей. Всего: 100
2026-06-22 13:27:01 [INFO] __main__: Добавлено 20 отелей со страницы 5. Переход на следующую страницу...
2026-06-22 13:27:03 [INFO] __main__: --- Страница 6 ---
2026-06-22 13:27:06 [INFO] __main__: Перехвачено и извлечено 8 отелей. Всего: 108
2026-06-22 13:27:10 [INFO] __main__: Добавлено 8 отелей со страницы 6. Переход на следующую страницу...
2026-06-22 13:27:12 [INFO] __main__: --- Страница 7 ---
2026-06-22 13:28:46 [WARNING] __main__: На странице 7 отелей не получено. Конец списка.
2026-06-22 13:28:46 [INFO] __main__: === Всего собрано отелей со всех страниц: 108 ===
2026-06-22 13:29:01 [INFO] __main__: Убрано дубликатов: 1. Уникальных отелей: 107
2026-06-22 13:29:01 [INFO] __main__: Сохранено 107 отелей в /home/runner/work/ostrovok-parser/ostrovok-parser/daily/hotels/2026-06-22.csv
2026-06-22 13:29:01 [INFO] __main__: Парсинг завершён. Всего обработано 107 отелей.
2026-06-22 13:29:01 [INFO] __main__: Каталог сохранён: 232 отелей → /home/runner/work/ostrovok-parser/ostrovok-parser/catalog/hotels.csv
2026-06-22 13:29:01 [INFO] __main__: Каталог обновлён: всего 232, новых 1
2026-06-22 13:29:03 [INFO] __main__: Даты бронирования: 23.06.2026 - 24.06.2026
2026-06-22 13:29:03 [INFO] __main__: Запуск браузера для получения куки...
2026-06-22 13:29:08 [INFO] __main__: Получено 55 куки
2026-06-22 13:29:08 [INFO] __main__: Запрашиваю ozerny_tulun_sports_complex_na_karbysheva_185_apartment (ozerny_tulun_sports_complex_na_karbysheva_185_apartment)
2026-06-22 13:29:09 [INFO] __main__: Сохранено 1 номеров для Спорткомплекс Озерный Тулун на Карбышева 185
2026-06-22 13:29:09 [INFO] __main__: Запрашиваю taiga_2 (taiga_2)
2026-06-22 13:29:11 [INFO] __main__: Сохранено 4 номеров для Отель Taiga
2026-06-22 13:29:11 [INFO] __main__: Запрашиваю hotel_nikola_2 (hotel_nikola_2)
2026-06-22 13:29:13 [INFO] __main__: Сохранено 5 номеров для Отель Никола
2026-06-22 13:29:13 [INFO] __main__: Запрашиваю na_ulitse_pavlova_28_apartments (na_ulitse_pavlova_28_apartments)
2026-06-22 13:29:14 [INFO] __main__: Сохранено 1 номеров для На улице Павлова 28
2026-06-22 13:29:14 [INFO] __main__: Запрашиваю yakovlev_hotel (yakovlev_hotel)
2026-06-22 13:29:15 [INFO] __main__: Сохранено 3 номеров для Отель Яковлевъ
2026-06-22 13:29:15 [INFO] __main__: Запрашиваю vozdushnaya_gavan (vozdushnaya_gavan)
2026-06-22 13:29:15 [INFO] __main__: Сохранено 2 номеров для Отель Воздушная Гавань
2026-06-22 13:29:15 [INFO] __main__: Запрашиваю metelitsa_6 (metelitsa_6)
2026-06-22 13:29:17 [INFO] __main__: Сохранено 3 номеров для Отель Метелица
2026-06-22 13:29:17 [INFO] __main__: Запрашиваю praskovya_guest_house (praskovya_guest_house)
2026-06-22 13:29:19 [INFO] __main__: Сохранено 4 номеров для Отель Прасковья
2026-06-22 13:29:19 [INFO] __main__: Запрашиваю hotel_pushkin_2 (hotel_pushkin_2)
2026-06-22 13:29:22 [INFO] __main__: Сохранено 5 номеров для Отель ПушкинЪ
2026-06-22 13:29:22 [INFO] __main__: Запрашиваю archi_apt_apartments (archi_apt_apartments)
2026-06-22 13:29:24 [INFO] __main__: Сохранено 1 номеров для Отель Baikal Archi Apt
2026-06-22 13:29:24 [INFO] __main__: Запрашиваю malinovka_3 (malinovka_3)
2026-06-22 13:29:24 [INFO] __main__: Сохранено 2 номеров для Малиновка
2026-06-22 13:29:24 [INFO] __main__: Запрашиваю bajkal_hotel (bajkal_hotel)
2026-06-22 13:29:25 [INFO] __main__: Сохранено 4 номеров для Отель Байкал
2026-06-22 13:29:25 [INFO] __main__: Запрашиваю sportkompleks_ozerny_tulun_hotel (sportkompleks_ozerny_tulun_hotel)
2026-06-22 13:29:25 [INFO] __main__: Сохранено 1 номеров для Спорткомплекс Озерный Тулун
2026-06-22 13:29:25 [INFO] __main__: Запрашиваю hotel_flagman_olkhona (hotel_flagman_olkhona)
2026-06-22 13:29:27 [INFO] __main__: Сохранено 3 номеров для Отель Флагман Ольхона
2026-06-22 13:29:27 [INFO] __main__: Запрашиваю best_eastern_hotel_zvezda (best_eastern_hotel_zvezda)
2026-06-22 13:29:29 [INFO] __main__: Сохранено 5 номеров для Отель Звезда
2026-06-22 13:29:29 [INFO] __main__: Запрашиваю bolshoe_puteshestvie_hotel (bolshoe_puteshestvie_hotel)
2026-06-22 13:29:31 [INFO] __main__: Сохранено 4 номеров для Кемпинг Отель Ольхон
2026-06-22 13:29:31 [INFO] __main__: Запрашиваю bajkal_severnoe_more_hotel (bajkal_severnoe_more_hotel)
2026-06-22 13:29:33 [INFO] __main__: Сохранено 7 номеров для Отель Байкал - Северное Море
2026-06-22 13:29:33 [INFO] __main__: Запрашиваю baikal_forest_hotel (baikal_forest_hotel)
2026-06-22 13:29:35 [INFO] __main__: Сохранено 5 номеров для Отель Форест
2026-06-22 13:29:35 [INFO] __main__: Запрашиваю matreshka_hotel (matreshka_hotel)
2026-06-22 13:29:36 [INFO] __main__: Сохранено 6 номеров для Отель Матрешка
2026-06-22 13:29:36 [INFO] __main__: Запрашиваю apartamentyi_v_irkutske (apartamentyi_v_irkutske)
2026-06-22 13:29:37 [INFO] __main__: Сохранено 2 номеров для Меблированные комнаты в Иркутске
2026-06-22 13:29:37 [INFO] __main__: Запрашиваю rus_hotel_irkutsk (rus_hotel_irkutsk)
2026-06-22 13:29:38 [INFO] __main__: Сохранено 4 номеров для Гостиничный Комплекс Русь
2026-06-22 13:29:38 [INFO] __main__: Запрашиваю olkhon_inn (olkhon_inn)
2026-06-22 13:29:40 [INFO] __main__: Сохранено 2 номеров для Olkhon Inn
2026-06-22 13:29:40 [INFO] __main__: Запрашиваю grand_baikal (grand_baikal)
2026-06-22 13:29:42 [INFO] __main__: Сохранено 3 номеров для Отель Гранд Байкал
2026-06-22 13:29:42 [INFO] __main__: Запрашиваю baikal_view_hotel (baikal_view_hotel)
2026-06-22 13:29:44 [INFO] __main__: Сохранено 5 номеров для Baikal View Hotel
2026-06-22 13:29:44 [INFO] __main__: Запрашиваю gostevoy_dom_sunrise (gostevoy_dom_sunrise)
2026-06-22 13:29:44 [INFO] __main__: Сохранено 2 номеров для Sunrise
2026-06-22 13:29:44 [INFO] __main__: Запрашиваю alaniya (alaniya)
2026-06-22 13:29:45 [INFO] __main__: Сохранено 1 номеров для Алания
2026-06-22 13:29:45 [INFO] __main__: Запрашиваю hotel_nataly_2 (hotel_nataly_2)
2026-06-22 13:29:46 [INFO] __main__: Сохранено 4 номеров для Отель Натали
2026-06-22 13:29:46 [INFO] __main__: Запрашиваю tsentr_otdykha_dashi (tsentr_otdykha_dashi)
2026-06-22 13:29:46 [INFO] __main__: Сохранено 5 номеров для Центр отдыха Да-ши
2026-06-22 13:29:46 [INFO] __main__: Запрашиваю the_sky_of_lake_baikal (the_sky_of_lake_baikal)
2026-06-22 13:29:47 [INFO] __main__: Сохранено 3 номеров для Небо Байкала
2026-06-22 13:29:47 [INFO] __main__: Запрашиваю lenatour (lenatour)
2026-06-22 13:29:48 [INFO] __main__: Сохранено 2 номеров для Отель  Ленатур
2026-06-22 13:29:48 [INFO] __main__: Запрашиваю inn_oasis_2 (inn_oasis_2)
2026-06-22 13:29:48 [INFO] __main__: Сохранено 4 номеров для База отдыха Оазис
2026-06-22 13:29:48 [INFO] __main__: Запрашиваю gostevoj_dom_na_zvezdinskoj (gostevoj_dom_na_zvezdinskoj)
2026-06-22 13:29:49 [INFO] __main__: Сохранено 1 номеров для Отель на Звездинской
2026-06-22 13:29:49 [INFO] __main__: Запрашиваю baza_otdykha_olkhon (baza_otdykha_olkhon)
2026-06-22 13:29:50 [INFO] __main__: Сохранено 3 номеров для База отдыха Ольхон
2026-06-22 13:29:50 [INFO] __main__: Запрашиваю kupechesky_dvor_hotel (kupechesky_dvor_hotel)
2026-06-22 13:29:51 [INFO] __main__: Сохранено 6 номеров для Отель Купеческий Дворъ
2026-06-22 13:29:51 [INFO] __main__: Запрашиваю magas (magas)
2026-06-22 13:29:52 [INFO] __main__: Сохранено 5 номеров для Отель на Перроне
2026-06-22 13:29:52 [INFO] __main__: Запрашиваю hotel_kurshavel_ (hotel_kurshavel_)
2026-06-22 13:29:53 [INFO] __main__: Сохранено 5 номеров для Отель Куршавель
2026-06-22 13:29:53 [INFO] __main__: Запрашиваю larus (larus)
2026-06-22 13:29:54 [INFO] __main__: Сохранено 1 номеров для Отель Ларус
2026-06-22 13:29:54 [INFO] __main__: Запрашиваю kheyvitsa_guest_house (kheyvitsa_guest_house)
2026-06-22 13:29:55 [INFO] __main__: Сохранено 7 номеров для Отель Гостевой Дом Хейвица
2026-06-22 13:29:55 [INFO] __main__: Запрашиваю city_park_hotel_13 (city_park_hotel_13)
2026-06-22 13:29:57 [INFO] __main__: Сохранено 4 номеров для Меблированные комнаты City Park
2026-06-22 13:29:57 [INFO] __main__: Запрашиваю gostevoi_dom_margobai (gostevoi_dom_margobai)
2026-06-22 13:29:59 [INFO] __main__: Сохранено 8 номеров для Отель Маргобай
2026-06-22 13:29:59 [INFO] __main__: Запрашиваю miniotel_medveditsa (miniotel_medveditsa)
2026-06-22 13:29:59 [INFO] __main__: Сохранено 2 номеров для Меблированные комнаты Медведица
2026-06-22 13:29:59 [INFO] __main__: Запрашиваю guesthouse_dudeevukh (guesthouse_dudeevukh)
2026-06-22 13:29:59 [INFO] __main__: Сохранено 2 номеров для Меблированные комнаты Дудеевых
2026-06-22 13:29:59 [INFO] __main__: Запрашиваю baykal_khan_hotel_olkhon (baykal_khan_hotel_olkhon)
2026-06-22 13:30:01 [INFO] __main__: Сохранено 4 номеров для Отель Байкал-Хан Ольхон
2026-06-22 13:30:01 [INFO] __main__: Запрашиваю tikhaya_gavan_4 (tikhaya_gavan_4)
2026-06-22 13:30:03 [INFO] __main__: Сохранено 2 номеров для Отель "Тихая Гавань"
2026-06-22 13:30:03 [INFO] __main__: Запрашиваю baikalbabr (baikalbabr)
2026-06-22 13:30:03 [INFO] __main__: Сохранено 2 номеров для Baikal-babr
2026-06-22 13:30:03 [INFO] __main__: Запрашиваю gostevoj_dom_otdyih_na_bajkale (gostevoj_dom_otdyih_na_bajkale)
2026-06-22 13:30:04 [INFO] __main__: Сохранено 6 номеров для Отель Отдых на Байкале
2026-06-22 13:30:04 [INFO] __main__: Запрашиваю gostevoy_dom_briz_3 (gostevoy_dom_briz_3)
2026-06-22 13:30:04 [INFO] __main__: Сохранено 2 номеров для Меблированные комнаты БРИЗ
2026-06-22 13:30:04 [INFO] __main__: Запрашиваю tri_kita_2 (tri_kita_2)
2026-06-22 13:30:06 [INFO] __main__: Сохранено 4 номеров для Отель Три Кита
2026-06-22 13:30:06 [INFO] __main__: Запрашиваю gostinitsa_solntse (gostinitsa_solntse)
2026-06-22 13:30:08 [INFO] __main__: Сохранено 8 номеров для Гостиница Солнце
2026-06-22 13:30:08 [INFO] __main__: Запрашиваю hotel_yubileinaya__2 (hotel_yubileinaya__2)
2026-06-22 13:30:09 [INFO] __main__: Сохранено 5 номеров для Гостиница Юбилейная
2026-06-22 13:30:09 [INFO] __main__: Запрашиваю uda_2 (uda_2)
2026-06-22 13:30:12 [INFO] __main__: Сохранено 6 номеров для Отель УДА
2026-06-22 13:30:12 [INFO] __main__: Запрашиваю the_hotel_on_volzhskaya (the_hotel_on_volzhskaya)
2026-06-22 13:30:13 [INFO] __main__: Сохранено 3 номеров для Гостиница на Волжской
2026-06-22 13:30:13 [INFO] __main__: Запрашиваю brusinka (brusinka)
2026-06-22 13:30:13 [INFO] __main__: Сохранено 2 номеров для Меблированные комнаты Брусника
2026-06-22 13:30:13 [INFO] __main__: Запрашиваю irkutsk_city_lodge (irkutsk_city_lodge)
2026-06-22 13:30:13 [INFO] __main__: Сохранено 2 номеров для Отель Иркутск Сити Лодж
2026-06-22 13:30:13 [INFO] __main__: Запрашиваю lotos_hotel (lotos_hotel)
2026-06-22 13:30:14 [INFO] __main__: Сохранено 5 номеров для Отель Лотос
2026-06-22 13:30:14 [INFO] __main__: Запрашиваю hotel_aziyayevropa (hotel_aziyayevropa)
2026-06-22 13:30:15 [INFO] __main__: Сохранено 4 номеров для Отель Азия-Европа
2026-06-22 13:30:15 [INFO] __main__: Запрашиваю modul (modul)
2026-06-22 13:30:16 [INFO] __main__: Сохранено 5 номеров для Гостиница Комфорт
2026-06-22 13:30:16 [INFO] __main__: Запрашиваю vitim (vitim)
2026-06-22 13:30:18 [INFO] __main__: Сохранено 1 номеров для Витим
2026-06-22 13:30:18 [INFO] __main__: Запрашиваю mini_hotel_vizit (mini_hotel_vizit)
2026-06-22 13:30:19 [INFO] __main__: Сохранено 3 номеров для Гостиница Визит
2026-06-22 13:30:19 [INFO] __main__: Запрашиваю hotel_harats_inn (hotel_harats_inn)
2026-06-22 13:30:20 [INFO] __main__: Сохранено 3 номеров для Отель Harat's inn
2026-06-22 13:30:20 [INFO] __main__: Запрашиваю green_hotel_ (green_hotel_)
2026-06-22 13:30:21 [INFO] __main__: Сохранено 5 номеров для Грин Отель
2026-06-22 13:30:21 [INFO] __main__: Запрашиваю alpari (alpari)
2026-06-22 13:30:22 [INFO] __main__: Сохранено 3 номеров для Гостиница Альпари
2026-06-22 13:30:22 [INFO] __main__: Запрашиваю saturn_8 (saturn_8)
2026-06-22 13:30:23 [INFO] __main__: Сохранено 3 номеров для Сатурн
2026-06-22 13:30:23 [INFO] __main__: Запрашиваю hotel_barguzin (hotel_barguzin)
2026-06-22 13:30:23 [INFO] __main__: Сохранено 2 номеров для Меблированные комнаты Баргузин
2026-06-22 13:30:23 [INFO] __main__: Запрашиваю solnechny_guest_house_7 (solnechny_guest_house_7)
2026-06-22 13:30:24 [INFO] __main__: Сохранено 1 номеров для Cолнечный
2026-06-22 13:30:24 [INFO] __main__: Запрашиваю azatai_park_hotel (azatai_park_hotel)
2026-06-22 13:30:26 [INFO] __main__: Сохранено 5 номеров для Парк-отель "Азатай"
2026-06-22 13:30:26 [INFO] __main__: Запрашиваю kharbor (kharbor)
2026-06-22 13:30:27 [INFO] __main__: Сохранено 3 номеров для Отель Харбор
2026-06-22 13:30:27 [INFO] __main__: Запрашиваю baikal_capsule_hostel (baikal_capsule_hostel)
2026-06-22 13:30:28 [INFO] __main__: Сохранено 1 номеров для Baikal Capsule (Байкал Капсула)
2026-06-22 13:30:28 [INFO] __main__: Запрашиваю hotel_u_ruchyya (hotel_u_ruchyya)
2026-06-22 13:30:28 [INFO] __main__: Сохранено 3 номеров для Отель У ручья
2026-06-22 13:30:28 [INFO] __main__: Запрашиваю camping_yelochka_kempinghotel (camping_yelochka_kempinghotel)
2026-06-22 13:30:30 [INFO] __main__: Сохранено 6 номеров для Отель Елочка
2026-06-22 13:30:30 [INFO] __main__: Запрашиваю meridian_7 (meridian_7)
2026-06-22 13:30:32 [INFO] __main__: Сохранено 5 номеров для Отель Меридиан
2026-06-22 13:30:32 [INFO] __main__: Запрашиваю dom_baykal_guest_house (dom_baykal_guest_house)
2026-06-22 13:30:33 [INFO] __main__: Сохранено 4 номеров для Меблированные комнаты Дом Байкал
2026-06-22 13:30:33 [INFO] __main__: Запрашиваю olkhonstory_guest_house (olkhonstory_guest_house)
2026-06-22 13:30:34 [INFO] __main__: Сохранено 1 номеров для Ольхон стори
2026-06-22 13:30:34 [INFO] __main__: Запрашиваю shelest (shelest)
2026-06-22 13:30:34 [INFO] __main__: Сохранено 2 номеров для Shelest
2026-06-22 13:30:34 [INFO] __main__: Запрашиваю hotel_olimpiada (hotel_olimpiada)
2026-06-22 13:30:36 [INFO] __main__: Сохранено 5 номеров для Олимпиада
2026-06-22 13:30:36 [INFO] __main__: Запрашиваю smart_hotel_kdo_irkutsk_hotel (smart_hotel_kdo_irkutsk_hotel)
2026-06-22 13:30:37 [INFO] __main__: Сохранено 2 номеров для Отель Smart Hotel Иркутск
2026-06-22 13:30:37 [INFO] __main__: Запрашиваю gloria_20 (gloria_20)
2026-06-22 13:30:39 [INFO] __main__: Сохранено 1 номеров для Отель Глория
2026-06-22 13:30:39 [INFO] __main__: Запрашиваю hotelclub_ice (hotelclub_ice)
2026-06-22 13:30:41 [INFO] __main__: Сохранено 1 номеров для Отель Сибирская резиденция Лёд Байкала
2026-06-22 13:30:41 [INFO] __main__: Запрашиваю olkhon_2 (olkhon_2)
2026-06-22 13:30:43 [INFO] __main__: Сохранено 4 номеров для Ольхон
2026-06-22 13:30:43 [INFO] __main__: Запрашиваю gostevoy_dom_holiday_park_on_olkhon (gostevoy_dom_holiday_park_on_olkhon)
2026-06-22 13:30:43 [INFO] __main__: Сохранено 2 номеров для Holiday park on Olkhon
2026-06-22 13:30:43 [INFO] __main__: Запрашиваю nochleg_i_zavtrak_bb_shambala (nochleg_i_zavtrak_bb_shambala)
2026-06-22 13:30:45 [INFO] __main__: Сохранено 1 номеров для Загородный отель Шамбала
2026-06-22 13:30:45 [INFO] __main__: Запрашиваю hotel_dacha_baikaleco (hotel_dacha_baikaleco)
2026-06-22 13:30:46 [INFO] __main__: Сохранено 2 номеров для Семейный отель Дача БайкалЭко
2026-06-22 13:30:46 [INFO] __main__: Запрашиваю rumyantseva_6_apartments (rumyantseva_6_apartments)
2026-06-22 13:30:46 [INFO] __main__: Сохранено 1 номеров для Апартаменты Baikal Story Румянцева 6
2026-06-22 13:30:46 [INFO] __main__: Запрашиваю less_guest_house (less_guest_house)
2026-06-22 13:30:47 [INFO] __main__: Сохранено 3 номеров для Меблированные комнаты Лесс
2026-06-22 13:30:47 [INFO] __main__: Запрашиваю parus_18 (parus_18)
2026-06-22 13:30:47 [INFO] __main__: Сохранено 3 номеров для Курортный отель Парус
2026-06-22 13:30:47 [INFO] __main__: Запрашиваю bajkalskie_sezonyi (bajkalskie_sezonyi)
2026-06-22 13:30:52 [INFO] __main__: Сохранено 5 номеров для Отель Парк Байкальские сезоны
2026-06-22 13:30:52 [INFO] __main__: Запрашиваю gostinitsa_undina (gostinitsa_undina)
2026-06-22 13:30:53 [INFO] __main__: Сохранено 2 номеров для Отель Ундина
2026-06-22 13:30:53 [INFO] __main__: Запрашиваю tengis_park_hotel (tengis_park_hotel)
2026-06-22 13:30:55 [INFO] __main__: Сохранено 2 номеров для Отель Тэнгис
2026-06-22 13:30:55 [INFO] __main__: Запрашиваю arena_g_irkutsk (arena_g_irkutsk)
2026-06-22 13:30:56 [INFO] __main__: Сохранено 3 номеров для Отель Арена Иркутск
2026-06-22 13:30:56 [INFO] __main__: Запрашиваю baza_otdykha_village_hvoy (baza_otdykha_village_hvoy)
2026-06-22 13:30:56 [INFO] __main__: Сохранено 4 номеров для Вилладж Хвоя
2026-06-22 13:30:56 [INFO] __main__: Запрашиваю arena_on_sverdlov (arena_on_sverdlov)
2026-06-22 13:30:57 [INFO] __main__: Сохранено 3 номеров для Меблированные комнаты общежитие "Арена на Свердлова"
2026-06-22 13:30:57 [INFO] __main__: Запрашиваю gostinitsa_ustilim (gostinitsa_ustilim)
2026-06-22 13:31:00 [INFO] __main__: Сохранено 8 номеров для Усть-Илим
2026-06-22 13:31:00 [INFO] __main__: Запрашиваю hotel_baikal_best_edelweiss (hotel_baikal_best_edelweiss)
2026-06-22 13:31:02 [INFO] __main__: Сохранено 8 номеров для Baikal Best Edelweiss
2026-06-22 13:31:02 [INFO] __main__: Запрашиваю trakstop_38_2 (trakstop_38_2)
2026-06-22 13:31:03 [INFO] __main__: Сохранено 2 номеров для Тракстоп 38
2026-06-22 13:31:03 [INFO] __main__: Запрашиваю zvezda_kochevnika (zvezda_kochevnika)
2026-06-22 13:31:05 [INFO] __main__: Сохранено 4 номеров для Отель Звезда Кочевника
2026-06-22 13:31:05 [INFO] __main__: Запрашиваю planeta_9 (planeta_9)
2026-06-22 13:31:07 [INFO] __main__: Сохранено 4 номеров для Планета
2026-06-22 13:31:07 [INFO] __main__: Запрашиваю mir_baykala_hotel (mir_baykala_hotel)
2026-06-22 13:31:09 [INFO] __main__: Сохранено 1 номеров для Отель Мир Байкала
2026-06-22 13:31:09 [INFO] __main__: Запрашиваю home_hotel_apartments_home_wanted_on_piskunov_street (home_hotel_apartments_home_wanted_on_piskunov_street)
2026-06-22 13:31:11 [INFO] __main__: Сохранено 2 номеров для Апартаменты Home Hotel (Хоум Отель) на улице Пискунова
2026-06-22 13:31:11 [INFO] __main__: Запрашиваю gostevoy_dom_isiger_baikal (gostevoy_dom_isiger_baikal)
2026-06-22 13:31:12 [INFO] __main__: Сохранено 1 номеров для Гостевой дом ISIGER BAIKAL
2026-06-22 13:31:12 [INFO] __main__: Запрашиваю komilfo_2 (komilfo_2)
2026-06-22 13:31:14 [INFO] __main__: Сохранено 4 номеров для Отель Комильфо
2026-06-22 13:31:14 [INFO] __main__: Запрашиваю glemping_hygge_barn (glemping_hygge_barn)
2026-06-22 13:31:15 [INFO] __main__: Сохранено 1 номеров для Hygge Barn
2026-06-22 13:31:15 [INFO] __main__: Запрашиваю spektr_2 (spektr_2)
2026-06-22 13:31:15 [INFO] __main__: Сохранено 2 номеров для Спектр
2026-06-22 13:31:15 [INFO] __main__: Запрашиваю izumrud_hotel_7 (izumrud_hotel_7)
2026-06-22 13:31:18 [INFO] __main__: Сохранено 2 номеров для Отель Изумруд
2026-06-22 13:31:18 [INFO] __main__: Запрашиваю baykkalina_guest_house (baykkalina_guest_house)
2026-06-22 13:31:19 [INFO] __main__: Сохранено 2 номеров для БайкКалина
2026-06-22 13:31:19 [INFO] __main__: Запрашиваю pekin_hotel (pekin_hotel)
2026-06-22 13:31:20 [INFO] __main__: Сохранено 2 номеров для Отель Пекин
2026-06-22 13:31:20 [INFO] __main__: Запрашиваю hotel_sayany (hotel_sayany)
2026-06-22 13:31:22 [INFO] __main__: Сохранено 6 номеров для Саяны
2026-06-22 13:31:22 [INFO] __main__: Запрашиваю hotel_baikal_krai (hotel_baikal_krai)
2026-06-22 13:31:23 [INFO] __main__: Сохранено 1 номеров для Усадьба Байкальский край
2026-06-22 13:31:23 [INFO] __main__: Сохранено 352 номеров в /home/runner/work/ostrovok-parser/ostrovok-parser/daily/rooms/2026-06-22.csv
2026-06-22 13:31:23 [INFO] __main__: Парсинг завершён. Всего обработано 352 номеров.
2026-06-22 13:31:25 [WARNING] __main__: free_rooms_amount (30) > rooms_num (14) для gostevoi_dom_margobai — используем effective_rooms_num=30
2026-06-22 13:31:25 [WARNING] __main__: free_rooms_amount (8) > rooms_num (7) для kharbor — используем effective_rooms_num=8
2026-06-22 13:31:25 [WARNING] __main__: free_rooms_amount (17) > rooms_num (15) для arena_g_irkutsk — используем effective_rooms_num=17
2026-06-22 13:31:25 [INFO] __main__: Статистика сохранена в /home/runner/work/ostrovok-parser/ostrovok-parser/daily/statistics/2026-06-22.csv
2026-06-22 13:31:25 [INFO] __main__: Обработано 107 отелей
