2026-08-28 19:41:21 [INFO] __main__: Режим CI: увеличенные таймауты и ожидание networkidle.
2026-08-28 19:41:21 [INFO] __main__: Запуск парсера отелей...
2026-08-28 19:41:21 [INFO] __main__: Даты бронирования: 30.08.2026 - 31.08.2026
2026-08-28 19:41:23 [INFO] __main__: --- Страница 1 ---
2026-08-28 19:41:29 [INFO] __main__: Перехвачено и извлечено 20 отелей. Всего: 20
2026-08-28 19:41:35 [INFO] __main__: Добавлено 20 отелей со страницы 1. Переход на следующую страницу...
2026-08-28 19:41:37 [INFO] __main__: --- Страница 2 ---
2026-08-28 19:41:40 [INFO] __main__: Перехвачено и извлечено 20 отелей. Всего: 40
2026-08-28 19:41:44 [INFO] __main__: Добавлено 20 отелей со страницы 2. Переход на следующую страницу...
2026-08-28 19:41:47 [INFO] __main__: --- Страница 3 ---
2026-08-28 19:41:49 [INFO] __main__: Перехвачено и извлечено 20 отелей. Всего: 60
2026-08-28 19:41:53 [INFO] __main__: Добавлено 20 отелей со страницы 3. Переход на следующую страницу...
2026-08-28 19:41:56 [INFO] __main__: --- Страница 4 ---
2026-08-28 19:41:58 [INFO] __main__: Перехвачено и извлечено 20 отелей. Всего: 80
2026-08-28 19:42:03 [INFO] __main__: Добавлено 20 отелей со страницы 4. Переход на следующую страницу...
2026-08-28 19:42:05 [INFO] __main__: --- Страница 5 ---
2026-08-28 19:42:08 [INFO] __main__: Перехвачено и извлечено 20 отелей. Всего: 100
2026-08-28 19:42:12 [INFO] __main__: Добавлено 20 отелей со страницы 5. Переход на следующую страницу...
2026-08-28 19:42:15 [INFO] __main__: --- Страница 6 ---
2026-08-28 19:42:17 [INFO] __main__: Перехвачено и извлечено 20 отелей. Всего: 120
2026-08-28 19:42:22 [INFO] __main__: Добавлено 20 отелей со страницы 6. Переход на следующую страницу...
2026-08-28 19:42:24 [INFO] __main__: --- Страница 7 ---
2026-08-28 19:42:27 [INFO] __main__: Перехвачено и извлечено 20 отелей. Всего: 140
2026-08-28 19:42:31 [INFO] __main__: Добавлено 20 отелей со страницы 7. Переход на следующую страницу...
2026-08-28 19:42:33 [INFO] __main__: --- Страница 8 ---
2026-08-28 19:42:36 [INFO] __main__: Перехвачено и извлечено 20 отелей. Всего: 160
2026-08-28 19:42:40 [INFO] __main__: Добавлено 20 отелей со страницы 8. Переход на следующую страницу...
2026-08-28 19:42:43 [INFO] __main__: --- Страница 9 ---
2026-08-28 19:42:46 [INFO] __main__: Перехвачено и извлечено 20 отелей. Всего: 180
2026-08-28 19:42:50 [INFO] __main__: Добавлено 20 отелей со страницы 9. Переход на следующую страницу...
2026-08-28 19:42:52 [INFO] __main__: --- Страница 10 ---
2026-08-28 19:42:55 [INFO] __main__: Перехвачено и извлечено 16 отелей. Всего: 196
2026-08-28 19:42:59 [INFO] __main__: Добавлено 16 отелей со страницы 10. Переход на следующую страницу...
2026-08-28 19:43:01 [INFO] __main__: --- Страница 11 ---
2026-08-28 19:43:52 [WARNING] __main__: На странице 11 отелей не получено. Конец списка.
2026-08-28 19:43:52 [INFO] __main__: === Всего собрано отелей со всех страниц: 196 ===
2026-08-28 19:44:07 [INFO] __main__: Убрано дубликатов: 1. Уникальных отелей: 195
2026-08-28 19:44:07 [INFO] __main__: Сохранено 195 отелей в /home/runner/work/ostrovok-parser/ostrovok-parser/daily/hotels/2026-08-29.csv
2026-08-28 19:44:07 [INFO] __main__: Парсинг завершён. Всего обработано 195 отелей.
2026-08-28 19:44:07 [INFO] __main__: Каталог сохранён: 281 отелей → /home/runner/work/ostrovok-parser/ostrovok-parser/catalog/hotels.csv
2026-08-28 19:44:07 [INFO] __main__: Каталог обновлён: всего 281, новых 0
2026-08-28 19:44:10 [INFO] __main__: Даты бронирования: 30.08.2026 - 31.08.2026
2026-08-28 19:44:10 [INFO] __main__: Запуск браузера для получения куки...
2026-08-28 19:44:16 [INFO] __main__: Получено 52 куки
2026-08-28 19:44:16 [INFO] __main__: Запрашиваю irkutsk_city_center (irkutsk_city_center)
2026-08-28 19:44:16 [INFO] __main__: Сохранено 7 номеров для Отель Иркутск Сити Центр
2026-08-28 19:44:16 [INFO] __main__: Запрашиваю tajga_hotel (tajga_hotel)
2026-08-28 19:44:21 [INFO] __main__: Сохранено 6 номеров для Отель Тайга
2026-08-28 19:44:21 [INFO] __main__: Запрашиваю ibis_irkutsk_center (ibis_irkutsk_center)
2026-08-28 19:44:25 [INFO] __main__: Сохранено 4 номеров для Отель Ибис Иркутск Центр
2026-08-28 19:44:25 [INFO] __main__: Запрашиваю victory_hotel_4 (victory_hotel_4)
2026-08-28 19:44:30 [INFO] __main__: Сохранено 4 номеров для Гостиница Виктория
2026-08-28 19:44:30 [INFO] __main__: Запрашиваю dohodnyij_dom_listratvoj_butikhotel (dohodnyij_dom_listratvoj_butikhotel)
2026-08-28 19:44:35 [INFO] __main__: Сохранено 6 номеров для Отель Доходный дом Листратовой
2026-08-28 19:44:35 [INFO] __main__: Запрашиваю angara_hotel (angara_hotel)
2026-08-28 19:44:39 [INFO] __main__: Сохранено 7 номеров для Ангара Отель
2026-08-28 19:44:39 [INFO] __main__: Запрашиваю rus_hotel_irkutsk (rus_hotel_irkutsk)
2026-08-28 19:44:44 [INFO] __main__: Сохранено 6 номеров для Гостиничный Комплекс Русь
2026-08-28 19:44:44 [INFO] __main__: Запрашиваю evropa_hotel (evropa_hotel)
2026-08-28 19:44:49 [INFO] __main__: Сохранено 9 номеров для Отель Европа
2026-08-28 19:44:49 [INFO] __main__: Запрашиваю hotel_premium_hotel_pushkin (hotel_premium_hotel_pushkin)
2026-08-28 19:44:49 [INFO] __main__: Сохранено 5 номеров для Премиум-отель Пушкин
2026-08-28 19:44:49 [INFO] __main__: Запрашиваю hotel_harats_inn (hotel_harats_inn)
2026-08-28 19:44:51 [INFO] __main__: Сохранено 4 номеров для Отель Harat's inn
2026-08-28 19:44:51 [INFO] __main__: Запрашиваю hotel_nikola_2 (hotel_nikola_2)
2026-08-28 19:44:56 [INFO] __main__: Сохранено 5 номеров для Отель Никола
2026-08-28 19:44:56 [INFO] __main__: Запрашиваю otel_irkut (otel_irkut)
2026-08-28 19:44:57 [INFO] __main__: Сохранено 7 номеров для Отель Иркут
2026-08-28 19:44:57 [INFO] __main__: Запрашиваю divobaykala_flat_1 (divobaykala_flat_1)
2026-08-28 19:44:57 [INFO] __main__: Сохранено 1 номеров для Диво Байкала 1
2026-08-28 19:44:57 [INFO] __main__: Запрашиваю history_boutiquehotel (history_boutiquehotel)
2026-08-28 19:45:02 [INFO] __main__: Сохранено 8 номеров для Отель HISTORY Бутик-отель и СПА
2026-08-28 19:45:02 [INFO] __main__: Запрашиваю azimut_aeroport_irkutsk_hotel (azimut_aeroport_irkutsk_hotel)
2026-08-28 19:45:02 [INFO] __main__: Сохранено 4 номеров для AZIMUT Отель Аэропорт Иркутск 4*
2026-08-28 19:45:02 [INFO] __main__: Запрашиваю hotel_anastasiya_2 (hotel_anastasiya_2)
2026-08-28 19:45:03 [INFO] __main__: Сохранено 11 номеров для Отель ГК Анастасия
2026-08-28 19:45:03 [INFO] __main__: Запрашиваю podlemorie_hotel (podlemorie_hotel)
2026-08-28 19:45:05 [INFO] __main__: Сохранено 4 номеров для Отель Подлеморье
2026-08-28 19:45:05 [INFO] __main__: Запрашиваю vozdushnaya_gavan (vozdushnaya_gavan)
2026-08-28 19:45:09 [INFO] __main__: Сохранено 2 номеров для Отель Воздушная Гавань
2026-08-28 19:45:09 [INFO] __main__: Запрашиваю yakovlev_hotel (yakovlev_hotel)
2026-08-28 19:45:12 [INFO] __main__: Сохранено 4 номеров для Отель Яковлевъ
2026-08-28 19:45:12 [INFO] __main__: Запрашиваю hotel_nuur_hotel (hotel_nuur_hotel)
2026-08-28 19:45:22 [INFO] __main__: Сохранено 4 номеров для Отель Nuur Hotel
2026-08-28 19:45:22 [INFO] __main__: Запрашиваю hotel_flagman_olkhona (hotel_flagman_olkhona)
2026-08-28 19:45:26 [INFO] __main__: Сохранено 5 номеров для Отель Флагман Ольхона
2026-08-28 19:45:26 [INFO] __main__: Запрашиваю grand_baikal (grand_baikal)
2026-08-28 19:45:27 [INFO] __main__: Сохранено 4 номеров для Отель Гранд Байкал
2026-08-28 19:45:27 [INFO] __main__: Запрашиваю hotel_nataly_2 (hotel_nataly_2)
2026-08-28 19:45:30 [INFO] __main__: Сохранено 4 номеров для Отель Натали
2026-08-28 19:45:30 [INFO] __main__: Запрашиваю bajkal_hotel (bajkal_hotel)
2026-08-28 19:45:30 [INFO] __main__: Сохранено 4 номеров для Отель Байкал
2026-08-28 19:45:30 [INFO] __main__: Запрашиваю wind_lake_guest_house (wind_lake_guest_house)
2026-08-28 19:45:31 [INFO] __main__: Сохранено 3 номеров для Wind Lake
2026-08-28 19:45:31 [INFO] __main__: Запрашиваю otel_tsentral (otel_tsentral)
2026-08-28 19:45:35 [INFO] __main__: Сохранено 6 номеров для Отель Централь
2026-08-28 19:45:35 [INFO] __main__: Запрашиваю vera_baikal (vera_baikal)
2026-08-28 19:45:40 [INFO] __main__: Сохранено 6 номеров для Отель Вера Байкал
2026-08-28 19:45:40 [INFO] __main__: Запрашиваю klubnyij_kvartal_apartments (klubnyij_kvartal_apartments)
2026-08-28 19:45:44 [INFO] __main__: Сохранено 2 номеров для Клубный Квартал
2026-08-28 19:45:44 [INFO] __main__: Запрашиваю empire_hotel_3 (empire_hotel_3)
2026-08-28 19:45:49 [INFO] __main__: Сохранено 11 номеров для Гостиница Империя
2026-08-28 19:45:49 [INFO] __main__: Запрашиваю baykal_shale_guest_house (baykal_shale_guest_house)
2026-08-28 19:45:50 [INFO] __main__: Сохранено 4 номеров для Байкал Шале
2026-08-28 19:45:50 [INFO] __main__: Запрашиваю lyuks_hotel_4 (lyuks_hotel_4)
2026-08-28 19:45:53 [INFO] __main__: Сохранено 3 номеров для Отель Люкс
2026-08-28 19:45:53 [INFO] __main__: Запрашиваю parus_18 (parus_18)
2026-08-28 19:45:56 [INFO] __main__: Сохранено 6 номеров для Курортный отель Парус
2026-08-28 19:45:56 [INFO] __main__: Запрашиваю praskovya_guest_house (praskovya_guest_house)
2026-08-28 19:45:57 [INFO] __main__: Сохранено 4 номеров для Отель Прасковья
2026-08-28 19:45:57 [INFO] __main__: Запрашиваю miniotel_good_hotel (miniotel_good_hotel)
2026-08-28 19:46:00 [INFO] __main__: Сохранено 1 номеров для Мини-Отель Good Hotel
2026-08-28 19:46:00 [INFO] __main__: Запрашиваю international_hotel_sayen (international_hotel_sayen)
2026-08-28 19:46:00 [INFO] __main__: Сохранено 7 номеров для SAYEN
2026-08-28 19:46:00 [INFO] __main__: Запрашиваю gostevoy_dom_sunrise (gostevoy_dom_sunrise)
2026-08-28 19:46:03 [INFO] __main__: Сохранено 3 номеров для Sunrise
2026-08-28 19:46:03 [INFO] __main__: Запрашиваю baykal_khan_listvyanka (baykal_khan_listvyanka)
2026-08-28 19:46:03 [INFO] __main__: Сохранено 5 номеров для Отель Байкал Хан п.Листвянка
2026-08-28 19:46:03 [INFO] __main__: Запрашиваю baza_otdykha_gostiny_dvor_vdokhnovenie (baza_otdykha_gostiny_dvor_vdokhnovenie)
2026-08-28 19:46:03 [INFO] __main__: Сохранено 7 номеров для Отель Гостиный Двор Вдохновение
2026-08-28 19:46:03 [INFO] __main__: Запрашиваю mayak_hotel_listvyanka (mayak_hotel_listvyanka)
2026-08-28 19:46:07 [INFO] __main__: Сохранено 15 номеров для Отель Маяк
2026-08-28 19:46:07 [INFO] __main__: Запрашиваю best_eastern_hotel_zvezda (best_eastern_hotel_zvezda)
2026-08-28 19:46:12 [INFO] __main__: Сохранено 6 номеров для Отель Звезда
2026-08-28 19:46:12 [INFO] __main__: Запрашиваю hotel_sozvezdie_baikala (hotel_sozvezdie_baikala)
2026-08-28 19:46:13 [INFO] __main__: Сохранено 6 номеров для Отель Созвездие Байкала
2026-08-28 19:46:13 [INFO] __main__: Запрашиваю guest_house_baykaliya (guest_house_baykaliya)
2026-08-28 19:46:14 [INFO] __main__: Сохранено 2 номеров для Байкалия
2026-08-28 19:46:14 [INFO] __main__: Запрашиваю inn_business_hall (inn_business_hall)
2026-08-28 19:46:18 [INFO] __main__: Сохранено 5 номеров для Отель Business Hall
2026-08-28 19:46:18 [INFO] __main__: Запрашиваю olkhonstory_guest_house (olkhonstory_guest_house)
2026-08-28 19:46:21 [INFO] __main__: Сохранено 2 номеров для История Ольхона
2026-08-28 19:46:21 [INFO] __main__: Запрашиваю archi_apt_apartments (archi_apt_apartments)
2026-08-28 19:46:21 [INFO] __main__: Сохранено 2 номеров для Отель Baikal Archi Apt
2026-08-28 19:46:21 [INFO] __main__: Запрашиваю azatai_park_hotel (azatai_park_hotel)
2026-08-28 19:46:23 [INFO] __main__: Сохранено 5 номеров для Парк-отель "Азатай"
2026-08-28 19:46:23 [INFO] __main__: Запрашиваю apartamentyi_v_irkutske (apartamentyi_v_irkutske)
2026-08-28 19:46:25 [INFO] __main__: Сохранено 1 номеров для Меблированные комнаты в Иркутске
2026-08-28 19:46:25 [INFO] __main__: Запрашиваю larus (larus)
2026-08-28 19:46:27 [INFO] __main__: Сохранено 1 номеров для Отель Ларус
2026-08-28 19:46:27 [INFO] __main__: Запрашиваю baikal_business_center_hotel (baikal_business_center_hotel)
2026-08-28 19:46:32 [INFO] __main__: Сохранено 5 номеров для Отель Байкал Бизнес Центр
2026-08-28 19:46:32 [INFO] __main__: Запрашиваю bolshoe_puteshestvie_hotel (bolshoe_puteshestvie_hotel)
2026-08-28 19:46:35 [INFO] __main__: Сохранено 4 номеров для Кемпинг Отель Ольхон
2026-08-28 19:46:35 [INFO] __main__: Запрашиваю atlas_hotel_3 (atlas_hotel_3)
2026-08-28 19:46:39 [INFO] __main__: Сохранено 6 номеров для Гостиница Атлас
2026-08-28 19:46:39 [INFO] __main__: Запрашиваю mini_hotel_vizit (mini_hotel_vizit)
2026-08-28 19:46:40 [INFO] __main__: Сохранено 2 номеров для Гостиница Визит
2026-08-28 19:46:40 [INFO] __main__: Запрашиваю matreshka_hotel (matreshka_hotel)
2026-08-28 19:46:46 [INFO] __main__: Сохранено 8 номеров для Отель Матрешка
2026-08-28 19:46:46 [INFO] __main__: Запрашиваю city_park_hotel_13 (city_park_hotel_13)
2026-08-28 19:46:46 [INFO] __main__: Сохранено 4 номеров для Меблированные комнаты City Park
2026-08-28 19:46:46 [INFO] __main__: Запрашиваю minihotel_albatros (minihotel_albatros)
2026-08-28 19:46:51 [INFO] __main__: Сохранено 3 номеров для Гостиница Альбатрос
2026-08-28 19:46:51 [INFO] __main__: Запрашиваю malinovka_3 (malinovka_3)
2026-08-28 19:46:54 [INFO] __main__: Сохранено 5 номеров для Малиновка
2026-08-28 19:46:54 [INFO] __main__: Запрашиваю baikal_view_hotel (baikal_view_hotel)
2026-08-28 19:46:56 [INFO] __main__: Сохранено 10 номеров для Baikal View Hotel
2026-08-28 19:46:56 [INFO] __main__: Запрашиваю mihail_strogov (mihail_strogov)
2026-08-28 19:47:00 [INFO] __main__: Сохранено 4 номеров для Отель Михаил Строгов
2026-08-28 19:47:00 [INFO] __main__: Запрашиваю lotos_hotel (lotos_hotel)
2026-08-28 19:47:05 [INFO] __main__: Сохранено 5 номеров для Отель Лотос
2026-08-28 19:47:05 [INFO] __main__: Запрашиваю the_sky_of_lake_baikal (the_sky_of_lake_baikal)
2026-08-28 19:47:07 [INFO] __main__: Сохранено 6 номеров для Небо Байкала
2026-08-28 19:47:07 [INFO] __main__: Запрашиваю bajkal_severnoe_more_hotel (bajkal_severnoe_more_hotel)
2026-08-28 19:47:12 [INFO] __main__: Сохранено 8 номеров для Отель Байкал - Северное Море
2026-08-28 19:47:12 [INFO] __main__: Запрашиваю baikal_forest_hotel (baikal_forest_hotel)
2026-08-28 19:47:17 [INFO] __main__: Сохранено 7 номеров для Отель Форест
2026-08-28 19:47:17 [INFO] __main__: Запрашиваю montana_hostel (montana_hostel)
2026-08-28 19:47:17 [INFO] __main__: Сохранено 2 номеров для Меблированные комнаты Montana
2026-08-28 19:47:17 [INFO] __main__: Запрашиваю 7_dorog (7_dorog)
2026-08-28 19:47:17 [INFO] __main__: Сохранено 6 номеров для Гостиница 7 дорог
2026-08-28 19:47:17 [INFO] __main__: Запрашиваю alaniya (alaniya)
2026-08-28 19:47:20 [INFO] __main__: Сохранено 3 номеров для Алания
2026-08-28 19:47:20 [INFO] __main__: Запрашиваю gostinitsa_solntse (gostinitsa_solntse)
2026-08-28 19:47:25 [INFO] __main__: Сохранено 7 номеров для Гостиница Солнце
2026-08-28 19:47:25 [INFO] __main__: Запрашиваю magas (magas)
2026-08-28 19:47:28 [INFO] __main__: Сохранено 6 номеров для Отель на Перроне
2026-08-28 19:47:28 [INFO] __main__: Запрашиваю burduguz_hotel_2 (burduguz_hotel_2)
2026-08-28 19:47:28 [INFO] __main__: Сохранено 8 номеров для Парк-Отель Бурдугуз
2026-08-28 19:47:28 [INFO] __main__: Запрашиваю izumrud_hotel_7 (izumrud_hotel_7)
2026-08-28 19:47:30 [INFO] __main__: Сохранено 4 номеров для Отель Изумруд
2026-08-28 19:47:30 [INFO] __main__: Запрашиваю baykal_guest_house_3 (baykal_guest_house_3)
2026-08-28 19:47:31 [INFO] __main__: Сохранено 4 номеров для Меблированные комнаты Байкал
2026-08-28 19:47:31 [INFO] __main__: Запрашиваю legendy_baykala (legendy_baykala)
2026-08-28 19:47:31 [INFO] __main__: Сохранено 5 номеров для Гостиница Легенды Байкала
2026-08-28 19:47:31 [INFO] __main__: Запрашиваю uda_2 (uda_2)
2026-08-28 19:47:34 [INFO] __main__: Сохранено 6 номеров для Отель УДА
2026-08-28 19:47:34 [INFO] __main__: Запрашиваю aristokrat_hotel (aristokrat_hotel)
2026-08-28 19:47:38 [INFO] __main__: Сохранено 5 номеров для Отель Аристократ
2026-08-28 19:47:38 [INFO] __main__: Запрашиваю kupechesky_dvor_hotel (kupechesky_dvor_hotel)
2026-08-28 19:47:40 [INFO] __main__: Сохранено 7 номеров для Отель Купеческий Дворъ
2026-08-28 19:47:40 [INFO] __main__: Запрашиваю nochleg_i_zavtrak_bb_shambala (nochleg_i_zavtrak_bb_shambala)
2026-08-28 19:47:41 [INFO] __main__: Сохранено 1 номеров для Загородный отель Шамбала
2026-08-28 19:47:41 [INFO] __main__: Запрашиваю baza_otdykha_olkhon (baza_otdykha_olkhon)
2026-08-28 19:47:42 [INFO] __main__: Сохранено 3 номеров для База отдыха Ольхон
2026-08-28 19:47:42 [INFO] __main__: Запрашиваю miniotel_serdtse_baykala (miniotel_serdtse_baykala)
2026-08-28 19:47:42 [INFO] __main__: Сохранено 2 номеров для Сердце Байкала
2026-08-28 19:47:42 [INFO] __main__: Запрашиваю gostevoj_dom_otdyih_na_bajkale (gostevoj_dom_otdyih_na_bajkale)
2026-08-28 19:47:43 [INFO] __main__: Сохранено 6 номеров для Отель Отдых на Байкале
2026-08-28 19:47:43 [INFO] __main__: Запрашиваю armat_hotel (armat_hotel)
2026-08-28 19:47:48 [INFO] __main__: Сохранено 10 номеров для Отель Армат
2026-08-28 19:47:48 [INFO] __main__: Запрашиваю dom_baykal_guest_house (dom_baykal_guest_house)
2026-08-28 19:47:49 [INFO] __main__: Сохранено 3 номеров для Меблированные комнаты Дом Байкал
2026-08-28 19:47:49 [INFO] __main__: Запрашиваю hotel_kurshavel_ (hotel_kurshavel_)
2026-08-28 19:47:51 [INFO] __main__: Сохранено 5 номеров для Отель Куршавель
2026-08-28 19:47:51 [INFO] __main__: Запрашиваю tikhaya_gavan_4 (tikhaya_gavan_4)
2026-08-28 19:47:52 [INFO] __main__: Сохранено 2 номеров для Отель "Тихая Гавань"
2026-08-28 19:47:52 [INFO] __main__: Запрашиваю less_guest_house (less_guest_house)
2026-08-28 19:47:53 [INFO] __main__: Сохранено 3 номеров для Меблированные комнаты Лесс
2026-08-28 19:47:53 [INFO] __main__: Запрашиваю miniotel_medveditsa (miniotel_medveditsa)
2026-08-28 19:47:55 [INFO] __main__: Сохранено 3 номеров для Меблированные комнаты Медведица
2026-08-28 19:47:55 [INFO] __main__: Запрашиваю smart_hotel_kdo_irkutsk_hotel (smart_hotel_kdo_irkutsk_hotel)
2026-08-28 19:47:58 [INFO] __main__: Сохранено 5 номеров для Отель Smart Hotel Иркутск
2026-08-28 19:47:58 [INFO] __main__: Запрашиваю guesthouse_dudeevukh (guesthouse_dudeevukh)
2026-08-28 19:48:00 [INFO] __main__: Сохранено 2 номеров для Меблированные комнаты Дудеевых
2026-08-28 19:48:00 [INFO] __main__: Запрашиваю domik_na_kholme_guest_house (domik_na_kholme_guest_house)
2026-08-28 19:48:00 [INFO] __main__: Сохранено 1 номеров для Меблированные комнаты Домик на холме
2026-08-28 19:48:00 [INFO] __main__: Запрашиваю krestovaya_pad_hotel (krestovaya_pad_hotel)
2026-08-28 19:48:05 [INFO] __main__: Сохранено 8 номеров для Гостиница Крестовая падь
2026-08-28 19:48:05 [INFO] __main__: Запрашиваю gostinitsa_akademicheskaya (gostinitsa_akademicheskaya)
2026-08-28 19:48:05 [INFO] __main__: Сохранено 2 номеров для Отель Гостиница Академическая
2026-08-28 19:48:05 [INFO] __main__: Запрашиваю taiga_2 (taiga_2)
2026-08-28 19:48:10 [INFO] __main__: Сохранено 4 номеров для Отель Тайга
2026-08-28 19:48:10 [INFO] __main__: Запрашиваю momant_house_recreation_camp (momant_house_recreation_camp)
2026-08-28 19:48:11 [INFO] __main__: Сохранено 2 номеров для Momant house
2026-08-28 19:48:11 [INFO] __main__: Запрашиваю olkhon_inn (olkhon_inn)
2026-08-28 19:48:18 [INFO] __main__: Сохранено 2 номеров для Olkhon Inn
2026-08-28 19:48:18 [INFO] __main__: Запрашиваю gostevoy_dom_briz_3 (gostevoy_dom_briz_3)
2026-08-28 19:48:21 [INFO] __main__: Сохранено 2 номеров для Меблированные комнаты БРИЗ
2026-08-28 19:48:21 [INFO] __main__: Запрашиваю hotel_u_ruchyya (hotel_u_ruchyya)
2026-08-28 19:48:21 [INFO] __main__: Сохранено 1 номеров для Отель У ручья
2026-08-28 19:48:21 [INFO] __main__: Запрашиваю inn_oasis_2 (inn_oasis_2)
2026-08-28 19:48:23 [INFO] __main__: Сохранено 4 номеров для База отдыха Оазис
2026-08-28 19:48:23 [INFO] __main__: Запрашиваю hotel_olimpiada (hotel_olimpiada)
2026-08-28 19:48:25 [INFO] __main__: Сохранено 5 номеров для Олимпиада
2026-08-28 19:48:25 [INFO] __main__: Запрашиваю baza_otdykha_village_hvoy (baza_otdykha_village_hvoy)
2026-08-28 19:48:25 [INFO] __main__: Сохранено 4 номеров для Вилладж Хвоя
2026-08-28 19:48:25 [INFO] __main__: Запрашиваю hotel_baikal_best_edelweiss (hotel_baikal_best_edelweiss)
2026-08-28 19:48:28 [INFO] __main__: Сохранено 7 номеров для Отель Байкал Эдельвейс
2026-08-28 19:48:28 [INFO] __main__: Запрашиваю luna_hotel_9 (luna_hotel_9)
2026-08-28 19:48:29 [INFO] __main__: Сохранено 5 номеров для Отель Луна
2026-08-28 19:48:29 [INFO] __main__: Запрашиваю flagman_hotel (flagman_hotel)
2026-08-28 19:48:32 [INFO] __main__: Сохранено 4 номеров для Отель Флагман
2026-08-28 19:48:32 [INFO] __main__: Запрашиваю tri_kita_2 (tri_kita_2)
2026-08-28 19:48:33 [INFO] __main__: Сохранено 4 номеров для Отель Три Кита
2026-08-28 19:48:33 [INFO] __main__: Запрашиваю dream_of_baikal_hotel (dream_of_baikal_hotel)
2026-08-28 19:48:36 [INFO] __main__: Сохранено 5 номеров для Отель Dream of Baikal
2026-08-28 19:48:36 [INFO] __main__: Запрашиваю gostevoy_dom_holiday_park_on_olkhon (gostevoy_dom_holiday_park_on_olkhon)
2026-08-28 19:48:38 [INFO] __main__: Сохранено 2 номеров для Holiday park on Olkhon
2026-08-28 19:48:38 [INFO] __main__: Запрашиваю vostochnaia (vostochnaia)
2026-08-28 19:48:39 [INFO] __main__: Сохранено 6 номеров для Гостиница Восточная
2026-08-28 19:48:39 [INFO] __main__: Запрашиваю tochka_baykala_hotel (tochka_baykala_hotel)
2026-08-28 19:48:39 [INFO] __main__: Сохранено 2 номеров для Отель Точка Байкала
2026-08-28 19:48:39 [INFO] __main__: Запрашиваю alpari (alpari)
2026-08-28 19:48:44 [INFO] __main__: Сохранено 1 номеров для Гостиница Альпари
2026-08-28 19:48:44 [INFO] __main__: Запрашиваю hotel_yubileinaya__2 (hotel_yubileinaya__2)
2026-08-28 19:48:49 [INFO] __main__: Сохранено 6 номеров для Гостиница Юбилейная
2026-08-28 19:48:49 [INFO] __main__: Запрашиваю artrezidentsiya_port_olhon (artrezidentsiya_port_olhon)
2026-08-28 19:48:51 [INFO] __main__: Сохранено 8 номеров для Арт-отель Порт Ольхон
2026-08-28 19:48:51 [INFO] __main__: Запрашиваю hotel_gostinitsa_dinamo (hotel_gostinitsa_dinamo)
2026-08-28 19:48:52 [INFO] __main__: Сохранено 5 номеров для Отель Динамо
2026-08-28 19:48:52 [INFO] __main__: Запрашиваю gostinitsa_undina (gostinitsa_undina)
2026-08-28 19:48:55 [INFO] __main__: Сохранено 5 номеров для Отель Ундина
2026-08-28 19:48:55 [INFO] __main__: Запрашиваю glemping_hygge_barn (glemping_hygge_barn)
2026-08-28 19:48:55 [INFO] __main__: Сохранено 1 номеров для Hygge Barn
2026-08-28 19:48:55 [INFO] __main__: Запрашиваю recreation_centre_baikal_rainbow (recreation_centre_baikal_rainbow)
2026-08-28 19:48:58 [INFO] __main__: Сохранено 4 номеров для База отдыха Байкальская Радуга
2026-08-28 19:48:58 [INFO] __main__: Запрашиваю gostevoi_dom_margobai (gostevoi_dom_margobai)
2026-08-28 19:49:00 [INFO] __main__: Сохранено 8 номеров для Отель Маргобай
2026-08-28 19:49:00 [INFO] __main__: Запрашиваю dauria_hotel_2 (dauria_hotel_2)
2026-08-28 19:49:00 [INFO] __main__: Сохранено 5 номеров для Отель Даурия
2026-08-28 19:49:00 [INFO] __main__: Запрашиваю yolochka (yolochka)
2026-08-28 19:49:02 [INFO] __main__: Сохранено 9 номеров для Меблированные комнаты Ёлочка
2026-08-28 19:49:02 [INFO] __main__: Запрашиваю hotel_kosmos_5 (hotel_kosmos_5)
2026-08-28 19:49:03 [INFO] __main__: Сохранено 2 номеров для Отель Космос
2026-08-28 19:49:03 [INFO] __main__: Запрашиваю hotel_angara (hotel_angara)
2026-08-28 19:49:08 [INFO] __main__: Сохранено 6 номеров для Отель Ангара-Приоритет
2026-08-28 19:49:08 [INFO] __main__: Запрашиваю meridian_7 (meridian_7)
2026-08-28 19:49:12 [INFO] __main__: Сохранено 5 номеров для Отель Меридиан
2026-08-28 19:49:12 [INFO] __main__: Запрашиваю flagman_hotel_4 (flagman_hotel_4)
2026-08-28 19:49:14 [INFO] __main__: Сохранено 4 номеров для Отель Флагман
2026-08-28 19:49:14 [INFO] __main__: Запрашиваю solnechny_guest_house_7 (solnechny_guest_house_7)
2026-08-28 19:49:15 [INFO] __main__: Сохранено 1 номеров для Cолнечный
2026-08-28 19:49:15 [INFO] __main__: Запрашиваю aura_living_quarters (aura_living_quarters)
2026-08-28 19:49:15 [INFO] __main__: Сохранено 1 номеров для Меблированные комнаты Аура
2026-08-28 19:49:15 [INFO] __main__: Запрашиваю lada_8 (lada_8)
2026-08-28 19:49:16 [INFO] __main__: Сохранено 6 номеров для Отель Гостиница ЛАДА
2026-08-28 19:49:16 [INFO] __main__: Запрашиваю green_hotel_ (green_hotel_)
2026-08-28 19:49:20 [INFO] __main__: Сохранено 7 номеров для Грин Отель
2026-08-28 19:49:20 [INFO] __main__: Запрашиваю gostinitsa_ustilim (gostinitsa_ustilim)
2026-08-28 19:49:25 [INFO] __main__: Сохранено 8 номеров для Усть-Илим
2026-08-28 19:49:25 [INFO] __main__: Запрашиваю aerobratsk (aerobratsk)
2026-08-28 19:49:26 [INFO] __main__: Сохранено 2 номеров для Отель Аэропорт Братск
2026-08-28 19:49:26 [INFO] __main__: Запрашиваю planeta_9 (planeta_9)
2026-08-28 19:49:28 [INFO] __main__: Сохранено 4 номеров для Планета
2026-08-28 19:49:28 [INFO] __main__: Запрашиваю hotel_aziyayevropa (hotel_aziyayevropa)
2026-08-28 19:49:36 [INFO] __main__: Сохранено 5 номеров для Отель Азия-Европа
2026-08-28 19:49:36 [INFO] __main__: Запрашиваю beliy_sobol_parkhotel (beliy_sobol_parkhotel)
2026-08-28 19:49:41 [INFO] __main__: Сохранено 4 номеров для Парк-отель Белый Соболь
2026-08-28 19:49:41 [INFO] __main__: Запрашиваю hotel_soyuz_2 (hotel_soyuz_2)
2026-08-28 19:49:41 [INFO] __main__: Сохранено 8 номеров для Жилое помещение Союз
2026-08-28 19:49:41 [INFO] __main__: Запрашиваю kheyvitsa_guest_house (kheyvitsa_guest_house)
2026-08-28 19:49:45 [INFO] __main__: Сохранено 6 номеров для Отель Гостевой Дом Хейвица
2026-08-28 19:49:45 [INFO] __main__: Запрашиваю magnetit (magnetit)
2026-08-28 19:49:50 [INFO] __main__: Сохранено 7 номеров для Отель Магнетит
2026-08-28 19:49:50 [INFO] __main__: Запрашиваю svetly_aparthotel (svetly_aparthotel)
2026-08-28 19:49:55 [INFO] __main__: Сохранено 2 номеров для Отель Светлый
2026-08-28 19:49:55 [INFO] __main__: Запрашиваю arena_g_irkutsk (arena_g_irkutsk)
2026-08-28 19:49:56 [INFO] __main__: Сохранено 3 номеров для Отель Арена Иркутск
2026-08-28 19:49:56 [INFO] __main__: Запрашиваю metelitsa_6 (metelitsa_6)
2026-08-28 19:49:58 [INFO] __main__: Сохранено 3 номеров для Отель Метелица
2026-08-28 19:49:58 [INFO] __main__: Запрашиваю hotel_gostinitsa_avtovokzal (hotel_gostinitsa_avtovokzal)
2026-08-28 19:50:01 [INFO] __main__: Сохранено 4 номеров для Отель Автовокзал
2026-08-28 19:50:01 [INFO] __main__: Запрашиваю ozerny_tulun_sports_complex_na_karbysheva_185_apartment (ozerny_tulun_sports_complex_na_karbysheva_185_apartment)
2026-08-28 19:50:01 [INFO] __main__: Сохранено 1 номеров для Спорткомплекс Озерный Тулун на Карбышева 185
2026-08-28 19:50:01 [INFO] __main__: Запрашиваю amurskiy (amurskiy)
2026-08-28 19:50:01 [INFO] __main__: Сохранено 6 номеров для Отель Амурский
2026-08-28 19:50:01 [INFO] __main__: Запрашиваю hotel_khotej (hotel_khotej)
2026-08-28 19:50:02 [INFO] __main__: Сохранено 1 номеров для Отель Хотэй
2026-08-28 19:50:02 [INFO] __main__: Запрашиваю tsentr_otdykha_dashi (tsentr_otdykha_dashi)
2026-08-28 19:50:04 [INFO] __main__: Сохранено 4 номеров для Центр отдыха Да-ши
2026-08-28 19:50:04 [INFO] __main__: Запрашиваю hotel_complex_baikalov_ostrog (hotel_complex_baikalov_ostrog)
2026-08-28 19:50:07 [INFO] __main__: Сохранено 4 номеров для Гостиница Байкалов Острог
2026-08-28 19:50:07 [INFO] __main__: Запрашиваю bely_bereg (bely_bereg)
2026-08-28 19:50:07 [INFO] __main__: Сохранено 3 номеров для Отель Белый берег
2026-08-28 19:50:07 [INFO] __main__: Запрашиваю arena_on_sverdlov (arena_on_sverdlov)
2026-08-28 19:50:10 [INFO] __main__: Сохранено 4 номеров для Меблированные комнаты общежитие "Арена на Свердлова"
2026-08-28 19:50:10 [INFO] __main__: Запрашиваю yupiter (yupiter)
2026-08-28 19:50:11 [INFO] __main__: Сохранено 2 номеров для Юпитер
2026-08-28 19:50:11 [INFO] __main__: Запрашиваю gostevoy_dom_isiger_baikal (gostevoy_dom_isiger_baikal)
2026-08-28 19:50:11 [INFO] __main__: Сохранено 1 номеров для Гостевой дом ISIGER BAIKAL
2026-08-28 19:50:11 [INFO] __main__: Запрашиваю lenatour (lenatour)
2026-08-28 19:50:13 [INFO] __main__: Сохранено 4 номеров для Отель  Ленатур
2026-08-28 19:50:13 [INFO] __main__: Запрашиваю hotel_pushkin_2 (hotel_pushkin_2)
2026-08-28 19:50:18 [INFO] __main__: Сохранено 6 номеров для Отель ПушкинЪ
2026-08-28 19:50:18 [INFO] __main__: Запрашиваю katantsa_hotel (katantsa_hotel)
2026-08-28 19:50:18 [INFO] __main__: Сохранено 5 номеров для Отель Катанца
2026-08-28 19:50:18 [INFO] __main__: Запрашиваю hotel_rodina_grand_hotel_spa_irkutsk_5 (hotel_rodina_grand_hotel_spa_irkutsk_5)
2026-08-28 19:50:19 [INFO] __main__: Сохранено 11 номеров для Отель RODINA Grand Hotel & SPA Irkutsk 5*
2026-08-28 19:50:19 [INFO] __main__: Запрашиваю v_derevne_guest_house (v_derevne_guest_house)
2026-08-28 19:50:19 [INFO] __main__: Сохранено 1 номеров для Уютный дом
2026-08-28 19:50:19 [INFO] __main__: Запрашиваю modul (modul)
2026-08-28 19:50:24 [INFO] __main__: Сохранено 5 номеров для Гостиница Комфорт
2026-08-28 19:50:24 [INFO] __main__: Запрашиваю shelest (shelest)
2026-08-28 19:50:30 [INFO] __main__: Сохранено 2 номеров для Shelest
2026-08-28 19:50:30 [INFO] __main__: Запрашиваю v_samom_tsentre_irkutska_minihotel (v_samom_tsentre_irkutska_minihotel)
2026-08-28 19:50:32 [INFO] __main__: Сохранено 1 номеров для Отель В Сердце Иркутска
2026-08-28 19:50:32 [INFO] __main__: Запрашиваю irkutsk_city_lodge (irkutsk_city_lodge)
2026-08-28 19:50:34 [INFO] __main__: Сохранено 2 номеров для Отель Иркутск Сити Лодж
2026-08-28 19:50:34 [INFO] __main__: Запрашиваю private_house_uedinenny_dom_na_beregu_zhivopisnoy_zavodi (private_house_uedinenny_dom_na_beregu_zhivopisnoy_zavodi)
2026-08-28 19:50:34 [INFO] __main__: Сохранено 1 номеров для Байкал 51
2026-08-28 19:50:34 [INFO] __main__: Запрашиваю gostevoy_dom_chilla_villa_baikal (gostevoy_dom_chilla_villa_baikal)
2026-08-28 19:50:36 [INFO] __main__: Сохранено 2 номеров для Гостевой дом Chilla_villa_baikal
2026-08-28 19:50:36 [INFO] __main__: Запрашиваю lazurny_bereg_hotel_ (lazurny_bereg_hotel_)
2026-08-28 19:50:41 [INFO] __main__: Сохранено 4 номеров для Гостиница Лазурный берег
2026-08-28 19:50:41 [INFO] __main__: Запрашиваю hotel_shishki (hotel_shishki)
2026-08-28 19:50:41 [INFO] __main__: Сохранено 3 номеров для Меблированные комнаты Шишки
2026-08-28 19:50:41 [INFO] __main__: Запрашиваю camping_yelochka_kempinghotel (camping_yelochka_kempinghotel)
2026-08-28 19:50:43 [INFO] __main__: Сохранено 2 номеров для Отель Елочка
2026-08-28 19:50:43 [INFO] __main__: Запрашиваю u_lukomorya_4 (u_lukomorya_4)
2026-08-28 19:50:46 [INFO] __main__: Сохранено 2 номеров для У Лукоморья
2026-08-28 19:50:46 [INFO] __main__: Запрашиваю hostel_katrin_2 (hostel_katrin_2)
2026-08-28 19:50:47 [INFO] __main__: Сохранено 2 номеров для Катрин
2026-08-28 19:50:47 [INFO] __main__: Запрашиваю guest_house_vremena_goda (guest_house_vremena_goda)
2026-08-28 19:50:47 [INFO] __main__: Сохранено 4 номеров для Времена Года
2026-08-28 19:50:47 [INFO] __main__: Запрашиваю legend_of_baikal (legend_of_baikal)
2026-08-28 19:50:47 [INFO] __main__: Сохранено 5 номеров для Отель Легенда Байкала
2026-08-28 19:50:47 [INFO] __main__: Запрашиваю riderside (riderside)
2026-08-28 19:50:52 [INFO] __main__: Сохранено 2 номеров для Гостиница Riverside
2026-08-28 19:50:52 [INFO] __main__: Запрашиваю apartments_viking_khaus (apartments_viking_khaus)
2026-08-28 19:50:53 [INFO] __main__: Сохранено 1 номеров для Викинг Хаус
2026-08-28 19:50:53 [INFO] __main__: Запрашиваю bajkalskie_sezonyi (bajkalskie_sezonyi)
2026-08-28 19:50:55 [INFO] __main__: Сохранено 5 номеров для Отель Парк Байкальские сезоны
2026-08-28 19:50:55 [INFO] __main__: Запрашиваю royal_hotel_33 (royal_hotel_33)
2026-08-28 19:51:00 [INFO] __main__: Сохранено 5 номеров для Отель Рояль
2026-08-28 19:51:00 [INFO] __main__: Запрашиваю baykal_khan_hotel_olkhon (baykal_khan_hotel_olkhon)
2026-08-28 19:51:02 [INFO] __main__: Сохранено 4 номеров для Отель Байкал-Хан Ольхон
2026-08-28 19:51:02 [INFO] __main__: Запрашиваю eko_baikalwood_hotel (eko_baikalwood_hotel)
2026-08-28 19:51:03 [INFO] __main__: Сохранено 8 номеров для Отель БайкалВуд
2026-08-28 19:51:03 [INFO] __main__: Запрашиваю rodnye_berega_holiday_park_ (rodnye_berega_holiday_park_)
2026-08-28 19:51:04 [INFO] __main__: Сохранено 2 номеров для База Отдыха Родные Берега
2026-08-28 19:51:04 [INFO] __main__: Запрашиваю hotel_barguzin (hotel_barguzin)
2026-08-28 19:51:07 [INFO] __main__: Сохранено 4 номеров для Меблированные комнаты Баргузин
2026-08-28 19:51:07 [INFO] __main__: Запрашиваю u_istoka_hotel (u_istoka_hotel)
2026-08-28 19:51:12 [INFO] __main__: Сохранено 1 номеров для Гостиница У Истока
2026-08-28 19:51:12 [INFO] __main__: Запрашиваю recreation_complex_altan (recreation_complex_altan)
2026-08-28 19:51:14 [INFO] __main__: Сохранено 6 номеров для Парк-Отель Алтан
2026-08-28 19:51:14 [INFO] __main__: Запрашиваю oktyabrskaya_minihotel (oktyabrskaya_minihotel)
2026-08-28 19:51:16 [INFO] __main__: Сохранено 3 номеров для Октябрьская
2026-08-28 19:51:16 [INFO] __main__: Запрашиваю gloria_20 (gloria_20)
2026-08-28 19:51:18 [INFO] __main__: Сохранено 2 номеров для Отель Глория
2026-08-28 19:51:18 [INFO] __main__: Запрашиваю olkhon_house_guest_family_house (olkhon_house_guest_family_house)
2026-08-28 19:51:19 [INFO] __main__: Сохранено 4 номеров для Olkhon Family House
2026-08-28 19:51:19 [INFO] __main__: Запрашиваю trakstop_38_2 (trakstop_38_2)
2026-08-28 19:51:20 [INFO] __main__: Сохранено 2 номеров для Тракстоп 38
2026-08-28 19:51:20 [INFO] __main__: Запрашиваю khoromy_recreation_camp (khoromy_recreation_camp)
2026-08-28 19:51:25 [INFO] __main__: Сохранено 3 номеров для Хоромы
2026-08-28 19:51:25 [INFO] __main__: Запрашиваю mir_baykala_hotel (mir_baykala_hotel)
2026-08-28 19:51:27 [INFO] __main__: Сохранено 4 номеров для Отель Мир Байкала
2026-08-28 19:51:27 [INFO] __main__: Запрашиваю home_hotel_apartments_home_wanted_on_piskunov_street (home_hotel_apartments_home_wanted_on_piskunov_street)
2026-08-28 19:51:28 [INFO] __main__: Сохранено 2 номеров для Апартаменты Home Hotel (Хоум Отель) на улице Пискунова
2026-08-28 19:51:28 [INFO] __main__: Запрашиваю lakeplacebaykal_living_quarters (lakeplacebaykal_living_quarters)
2026-08-28 19:51:29 [INFO] __main__: Сохранено 2 номеров для Меблированные комнаты ЛэйкПлэйсБайкал
2026-08-28 19:51:29 [INFO] __main__: Запрашиваю v_gostyakh_u_dubrovskikh_guest_house (v_gostyakh_u_dubrovskikh_guest_house)
2026-08-28 19:51:29 [INFO] __main__: Сохранено 1 номеров для В гостях у ДУБРОВСКИХ
2026-08-28 19:51:29 [INFO] __main__: Запрашиваю dlya_kompanii_guest_house (dlya_kompanii_guest_house)
2026-08-28 19:51:30 [INFO] __main__: Сохранено 1 номеров для Для компании
2026-08-28 19:51:30 [INFO] __main__: Запрашиваю na_beregu_baykala_guest_house (na_beregu_baykala_guest_house)
2026-08-28 19:51:30 [INFO] __main__: Сохранено 1 номеров для На берегу Байкала
2026-08-28 19:51:30 [INFO] __main__: Запрашиваю baykkalina_guest_house (baykkalina_guest_house)
2026-08-28 19:51:32 [INFO] __main__: Сохранено 2 номеров для БайкКалина
2026-08-28 19:51:32 [INFO] __main__: Запрашиваю aleksandrovskij_dvor (aleksandrovskij_dvor)
2026-08-28 19:51:35 [INFO] __main__: Сохранено 1 номеров для Александровский двор
2026-08-28 19:51:35 [INFO] __main__: Запрашиваю loft_house_38_guest_house (loft_house_38_guest_house)
2026-08-28 19:51:35 [INFO] __main__: Сохранено 1 номеров для Loft House 38
2026-08-28 19:51:35 [INFO] __main__: Запрашиваю komilfo_2 (komilfo_2)
2026-08-28 19:51:40 [INFO] __main__: Сохранено 3 номеров для Отель Комильфо
2026-08-28 19:51:40 [INFO] __main__: Запрашиваю baikalov_ostrog (baikalov_ostrog)
2026-08-28 19:51:45 [INFO] __main__: Сохранено 5 номеров для Bajkal-Ujuga
2026-08-28 19:51:45 [INFO] __main__: Запрашиваю rezidentsii_rodina_irkutsk (rezidentsii_rodina_irkutsk)
2026-08-28 19:51:45 [INFO] __main__: Сохранено 3 номеров для Резиденции Rodina Irkutsk
2026-08-28 19:51:45 [INFO] __main__: Запрашиваю glempingotel_yolki_recreation_camp (glempingotel_yolki_recreation_camp)
2026-08-28 19:51:46 [INFO] __main__: Сохранено 2 номеров для Аян
2026-08-28 19:51:46 [INFO] __main__: Запрашиваю maksi_hotel (maksi_hotel)
2026-08-28 19:51:46 [INFO] __main__: Сохранено 1 номеров для Отель Макси
2026-08-28 19:51:46 [INFO] __main__: Запрашиваю profsoyuznaya_hotel_4 (profsoyuznaya_hotel_4)
2026-08-28 19:51:46 [INFO] __main__: Сохранено 1 номеров для Профсоюзная
2026-08-28 19:51:46 [INFO] __main__: Запрашиваю hotel_baikal_krai (hotel_baikal_krai)
2026-08-28 19:51:48 [INFO] __main__: Сохранено 3 номеров для Усадьба Байкальский край
2026-08-28 19:51:48 [INFO] __main__: Запрашиваю hotel_arakhis (hotel_arakhis)
2026-08-28 19:51:49 [INFO] __main__: Сохранено 3 номеров для Отель Арахис
2026-08-28 19:51:49 [INFO] __main__: Запрашиваю living_quarters_uyutnye_dlya_dvoikh (living_quarters_uyutnye_dlya_dvoikh)
2026-08-28 19:51:49 [INFO] __main__: Сохранено 1 номеров для Меблированные комнаты Уютные для Двоих
2026-08-28 19:51:49 [INFO] __main__: Сохранено 810 номеров в /home/runner/work/ostrovok-parser/ostrovok-parser/daily/rooms/2026-08-29.csv
2026-08-28 19:51:49 [INFO] __main__: Парсинг завершён. Всего обработано 810 номеров.
2026-08-28 19:51:52 [WARNING] __main__: free_rooms_amount (42) > rooms_num (30) для victory_hotel_4 — используем effective_rooms_num=42
2026-08-28 19:51:52 [WARNING] __main__: free_rooms_amount (59) > rooms_num (56) для rus_hotel_irkutsk — используем effective_rooms_num=59
2026-08-28 19:51:52 [WARNING] __main__: free_rooms_amount (29) > rooms_num (27) для hotel_nikola_2 — используем effective_rooms_num=29
2026-08-28 19:51:52 [WARNING] __main__: free_rooms_amount (44) > rooms_num (40) для history_boutiquehotel — используем effective_rooms_num=44
2026-08-28 19:51:52 [WARNING] __main__: free_rooms_amount (31) > rooms_num (26) для hotel_anastasiya_2 — используем effective_rooms_num=31
2026-08-28 19:51:52 [WARNING] __main__: free_rooms_amount (25) > rooms_num (15) для hotel_flagman_olkhona — используем effective_rooms_num=25
2026-08-28 19:51:52 [WARNING] __main__: free_rooms_amount (56) > rooms_num (48) для otel_tsentral — используем effective_rooms_num=56
2026-08-28 19:51:52 [WARNING] __main__: free_rooms_amount (43) > rooms_num (38) для vera_baikal — используем effective_rooms_num=43
2026-08-28 19:51:52 [WARNING] __main__: free_rooms_amount (14) > rooms_num (11) для baykal_shale_guest_house — используем effective_rooms_num=14
2026-08-28 19:51:52 [WARNING] __main__: free_rooms_amount (15) > rooms_num (10) для bolshoe_puteshestvie_hotel — используем effective_rooms_num=15
2026-08-28 19:51:52 [WARNING] __main__: free_rooms_amount (151) > rooms_num (99) для baikal_view_hotel — используем effective_rooms_num=151
2026-08-28 19:51:52 [WARNING] __main__: free_rooms_amount (26) > rooms_num (25) для magas — используем effective_rooms_num=26
2026-08-28 19:51:52 [WARNING] __main__: free_rooms_amount (11) > rooms_num (9) для izumrud_hotel_7 — используем effective_rooms_num=11
2026-08-28 19:51:52 [WARNING] __main__: free_rooms_amount (15) > rooms_num (12) для aristokrat_hotel — используем effective_rooms_num=15
2026-08-28 19:51:52 [WARNING] __main__: free_rooms_amount (15) > rooms_num (14) для kupechesky_dvor_hotel — используем effective_rooms_num=15
2026-08-28 19:51:52 [WARNING] __main__: free_rooms_amount (62) > rooms_num (40) для armat_hotel — используем effective_rooms_num=62
2026-08-28 19:51:52 [WARNING] __main__: free_rooms_amount (31) > rooms_num (14) для gostevoi_dom_margobai — используем effective_rooms_num=31
2026-08-28 19:51:52 [WARNING] __main__: free_rooms_amount (25) > rooms_num (4) для dauria_hotel_2 — используем effective_rooms_num=25
2026-08-28 19:51:52 [WARNING] __main__: free_rooms_amount (9) > rooms_num (6) для yolochka — используем effective_rooms_num=9
2026-08-28 19:51:52 [WARNING] __main__: free_rooms_amount (16) > rooms_num (15) для arena_g_irkutsk — используем effective_rooms_num=16
2026-08-28 19:51:52 [WARNING] __main__: free_rooms_amount (16) > rooms_num (12) для modul — используем effective_rooms_num=16
2026-08-28 19:51:52 [WARNING] __main__: free_rooms_amount (70) > rooms_num (44) для eko_baikalwood_hotel — используем effective_rooms_num=70
2026-08-28 19:51:52 [INFO] __main__: Статистика сохранена в /home/runner/work/ostrovok-parser/ostrovok-parser/daily/statistics/2026-08-29.csv
2026-08-28 19:51:52 [INFO] __main__: Обработано 195 отелей
2026-08-29 13:26:10 [INFO] __main__: Режим CI: увеличенные таймауты и ожидание networkidle.
2026-08-29 13:26:10 [INFO] __main__: Запуск парсера отелей...
2026-08-29 13:26:10 [INFO] __main__: Даты бронирования: 30.08.2026 - 31.08.2026
2026-08-29 13:26:11 [INFO] __main__: --- Страница 1 ---
2026-08-29 13:26:17 [INFO] __main__: Перехвачено и извлечено 20 отелей. Всего: 20
2026-08-29 13:26:23 [INFO] __main__: Добавлено 20 отелей со страницы 1. Переход на следующую страницу...
2026-08-29 13:26:25 [INFO] __main__: --- Страница 2 ---
2026-08-29 13:26:28 [INFO] __main__: Перехвачено и извлечено 20 отелей. Всего: 40
2026-08-29 13:26:34 [INFO] __main__: Добавлено 20 отелей со страницы 2. Переход на следующую страницу...
2026-08-29 13:26:37 [INFO] __main__: --- Страница 3 ---
2026-08-29 13:26:39 [INFO] __main__: Перехвачено и извлечено 20 отелей. Всего: 60
2026-08-29 13:26:43 [INFO] __main__: Добавлено 20 отелей со страницы 3. Переход на следующую страницу...
2026-08-29 13:26:46 [INFO] __main__: --- Страница 4 ---
2026-08-29 13:26:49 [INFO] __main__: Перехвачено и извлечено 20 отелей. Всего: 80
2026-08-29 13:26:53 [INFO] __main__: Добавлено 20 отелей со страницы 4. Переход на следующую страницу...
2026-08-29 13:26:55 [INFO] __main__: --- Страница 5 ---
2026-08-29 13:26:58 [INFO] __main__: Перехвачено и извлечено 20 отелей. Всего: 100
2026-08-29 13:27:02 [INFO] __main__: Добавлено 20 отелей со страницы 5. Переход на следующую страницу...
2026-08-29 13:27:05 [INFO] __main__: --- Страница 6 ---
2026-08-29 13:27:07 [INFO] __main__: Перехвачено и извлечено 20 отелей. Всего: 120
2026-08-29 13:27:11 [INFO] __main__: Добавлено 20 отелей со страницы 6. Переход на следующую страницу...
2026-08-29 13:27:14 [INFO] __main__: --- Страница 7 ---
2026-08-29 13:27:16 [INFO] __main__: Перехвачено и извлечено 20 отелей. Всего: 140
2026-08-29 13:27:20 [INFO] __main__: Добавлено 20 отелей со страницы 7. Переход на следующую страницу...
2026-08-29 13:27:23 [INFO] __main__: --- Страница 8 ---
2026-08-29 13:27:25 [INFO] __main__: Перехвачено и извлечено 20 отелей. Всего: 160
2026-08-29 13:27:32 [INFO] __main__: Добавлено 20 отелей со страницы 8. Переход на следующую страницу...
2026-08-29 13:27:34 [INFO] __main__: --- Страница 9 ---
2026-08-29 13:27:37 [INFO] __main__: Перехвачено и извлечено 20 отелей. Всего: 180
2026-08-29 13:27:41 [INFO] __main__: Добавлено 20 отелей со страницы 9. Переход на следующую страницу...
2026-08-29 13:27:43 [INFO] __main__: --- Страница 10 ---
2026-08-29 13:27:46 [INFO] __main__: Перехвачено и извлечено 14 отелей. Всего: 194
2026-08-29 13:27:50 [INFO] __main__: Добавлено 14 отелей со страницы 10. Переход на следующую страницу...
2026-08-29 13:27:53 [INFO] __main__: --- Страница 11 ---
2026-08-29 13:28:45 [WARNING] __main__: На странице 11 отелей не получено. Конец списка.
2026-08-29 13:28:45 [INFO] __main__: === Всего собрано отелей со всех страниц: 194 ===
2026-08-29 13:29:01 [INFO] __main__: Сохранено 194 отелей в /home/runner/work/ostrovok-parser/ostrovok-parser/daily/hotels/2026-08-29.csv
2026-08-29 13:29:01 [INFO] __main__: Парсинг завершён. Всего обработано 194 отелей.
2026-08-29 13:29:01 [INFO] __main__: Каталог сохранён: 281 отелей → /home/runner/work/ostrovok-parser/ostrovok-parser/catalog/hotels.csv
2026-08-29 13:29:01 [INFO] __main__: Каталог обновлён: всего 281, новых 0
2026-08-29 13:29:03 [INFO] __main__: Даты бронирования: 30.08.2026 - 31.08.2026
2026-08-29 13:29:03 [INFO] __main__: Запуск браузера для получения куки...
2026-08-29 13:29:09 [INFO] __main__: Получено 54 куки
2026-08-29 13:29:09 [INFO] __main__: Запрашиваю irkutsk_city_center (irkutsk_city_center)
2026-08-29 13:29:10 [INFO] __main__: Сохранено 7 номеров для Отель Иркутск Сити Центр
2026-08-29 13:29:10 [INFO] __main__: Запрашиваю tajga_hotel (tajga_hotel)
2026-08-29 13:29:15 [INFO] __main__: Сохранено 6 номеров для Отель Тайга
2026-08-29 13:29:15 [INFO] __main__: Запрашиваю dohodnyij_dom_listratvoj_butikhotel (dohodnyij_dom_listratvoj_butikhotel)
2026-08-29 13:29:19 [INFO] __main__: Сохранено 6 номеров для Отель Доходный дом Листратовой
2026-08-29 13:29:19 [INFO] __main__: Запрашиваю ibis_irkutsk_center (ibis_irkutsk_center)
2026-08-29 13:29:24 [INFO] __main__: Сохранено 4 номеров для Отель Ибис Иркутск Центр
2026-08-29 13:29:24 [INFO] __main__: Запрашиваю victory_hotel_4 (victory_hotel_4)
2026-08-29 13:29:27 [INFO] __main__: Сохранено 4 номеров для Гостиница Виктория
2026-08-29 13:29:27 [INFO] __main__: Запрашиваю angara_hotel (angara_hotel)
2026-08-29 13:29:31 [INFO] __main__: Сохранено 7 номеров для Ангара Отель
2026-08-29 13:29:31 [INFO] __main__: Запрашиваю rus_hotel_irkutsk (rus_hotel_irkutsk)
2026-08-29 13:29:36 [INFO] __main__: Сохранено 6 номеров для Гостиничный Комплекс Русь
2026-08-29 13:29:36 [INFO] __main__: Запрашиваю evropa_hotel (evropa_hotel)
2026-08-29 13:29:41 [INFO] __main__: Сохранено 9 номеров для Отель Европа
2026-08-29 13:29:41 [INFO] __main__: Запрашиваю hotel_premium_hotel_pushkin (hotel_premium_hotel_pushkin)
2026-08-29 13:29:42 [INFO] __main__: Сохранено 5 номеров для Премиум-отель Пушкин
2026-08-29 13:29:42 [INFO] __main__: Запрашиваю hotel_harats_inn (hotel_harats_inn)
2026-08-29 13:29:44 [INFO] __main__: Сохранено 4 номеров для Отель Harat's inn
2026-08-29 13:29:44 [INFO] __main__: Запрашиваю hotel_nikola_2 (hotel_nikola_2)
2026-08-29 13:29:49 [INFO] __main__: Сохранено 5 номеров для Отель Никола
2026-08-29 13:29:49 [INFO] __main__: Запрашиваю otel_irkut (otel_irkut)
2026-08-29 13:29:49 [INFO] __main__: Сохранено 7 номеров для Отель Иркут
2026-08-29 13:29:49 [INFO] __main__: Запрашиваю divobaykala_flat_1 (divobaykala_flat_1)
2026-08-29 13:29:50 [INFO] __main__: Сохранено 1 номеров для Диво Байкала 1
2026-08-29 13:29:50 [INFO] __main__: Запрашиваю hotel_anastasiya_2 (hotel_anastasiya_2)
2026-08-29 13:29:50 [INFO] __main__: Сохранено 11 номеров для Отель ГК Анастасия
2026-08-29 13:29:50 [INFO] __main__: Запрашиваю azimut_aeroport_irkutsk_hotel (azimut_aeroport_irkutsk_hotel)
2026-08-29 13:29:51 [INFO] __main__: Сохранено 4 номеров для AZIMUT Отель Аэропорт Иркутск 4*
2026-08-29 13:29:51 [INFO] __main__: Запрашиваю podlemorie_hotel (podlemorie_hotel)
2026-08-29 13:29:52 [INFO] __main__: Сохранено 4 номеров для Отель Подлеморье
2026-08-29 13:29:52 [INFO] __main__: Запрашиваю history_boutiquehotel (history_boutiquehotel)
2026-08-29 13:29:57 [INFO] __main__: Сохранено 8 номеров для Отель HISTORY Бутик-отель и СПА
2026-08-29 13:29:57 [INFO] __main__: Запрашиваю lyuks_hotel_4 (lyuks_hotel_4)
2026-08-29 13:30:00 [INFO] __main__: Сохранено 3 номеров для Отель Люкс
2026-08-29 13:30:00 [INFO] __main__: Запрашиваю bajkal_hotel (bajkal_hotel)
2026-08-29 13:30:01 [INFO] __main__: Сохранено 4 номеров для Отель Байкал
2026-08-29 13:30:01 [INFO] __main__: Запрашиваю hotel_nataly_2 (hotel_nataly_2)
2026-08-29 13:30:04 [INFO] __main__: Сохранено 4 номеров для Отель Натали
2026-08-29 13:30:04 [INFO] __main__: Запрашиваю yakovlev_hotel (yakovlev_hotel)
2026-08-29 13:30:09 [INFO] __main__: Сохранено 4 номеров для Отель Яковлевъ
2026-08-29 13:30:09 [INFO] __main__: Запрашиваю hotel_nuur_hotel (hotel_nuur_hotel)
2026-08-29 13:30:14 [INFO] __main__: Сохранено 4 номеров для Отель Nuur Hotel
2026-08-29 13:30:14 [INFO] __main__: Запрашиваю vozdushnaya_gavan (vozdushnaya_gavan)
2026-08-29 13:30:19 [INFO] __main__: Сохранено 2 номеров для Отель Воздушная Гавань
2026-08-29 13:30:19 [INFO] __main__: Запрашиваю hotel_flagman_olkhona (hotel_flagman_olkhona)
2026-08-29 13:30:24 [INFO] __main__: Сохранено 5 номеров для Отель Флагман Ольхона
2026-08-29 13:30:24 [INFO] __main__: Запрашиваю grand_baikal (grand_baikal)
2026-08-29 13:30:26 [INFO] __main__: Сохранено 4 номеров для Отель Гранд Байкал
2026-08-29 13:30:26 [INFO] __main__: Запрашиваю wind_lake_guest_house (wind_lake_guest_house)
2026-08-29 13:30:26 [INFO] __main__: Сохранено 3 номеров для Wind Lake
2026-08-29 13:30:26 [INFO] __main__: Запрашиваю vera_baikal (vera_baikal)
2026-08-29 13:30:31 [INFO] __main__: Сохранено 6 номеров для Отель Вера Байкал
2026-08-29 13:30:31 [INFO] __main__: Запрашиваю otel_tsentral (otel_tsentral)
2026-08-29 13:30:36 [INFO] __main__: Сохранено 6 номеров для Отель Централь
2026-08-29 13:30:36 [INFO] __main__: Запрашиваю klubnyij_kvartal_apartments (klubnyij_kvartal_apartments)
2026-08-29 13:30:40 [INFO] __main__: Сохранено 2 номеров для Клубный Квартал
2026-08-29 13:30:40 [INFO] __main__: Запрашиваю baykal_shale_guest_house (baykal_shale_guest_house)
2026-08-29 13:30:42 [INFO] __main__: Сохранено 4 номеров для Байкал Шале
2026-08-29 13:30:42 [INFO] __main__: Запрашиваю praskovya_guest_house (praskovya_guest_house)
2026-08-29 13:30:45 [INFO] __main__: Сохранено 4 номеров для Отель Прасковья
2026-08-29 13:30:45 [INFO] __main__: Запрашиваю parus_18 (parus_18)
2026-08-29 13:30:47 [INFO] __main__: Сохранено 6 номеров для Курортный отель Парус
2026-08-29 13:30:47 [INFO] __main__: Запрашиваю empire_hotel_3 (empire_hotel_3)
2026-08-29 13:30:52 [INFO] __main__: Сохранено 11 номеров для Гостиница Империя
2026-08-29 13:30:52 [INFO] __main__: Запрашиваю baykal_khan_listvyanka (baykal_khan_listvyanka)
2026-08-29 13:30:55 [INFO] __main__: Сохранено 5 номеров для Отель Байкал Хан п.Листвянка
2026-08-29 13:30:55 [INFO] __main__: Запрашиваю hotel_sozvezdie_baikala (hotel_sozvezdie_baikala)
2026-08-29 13:30:57 [INFO] __main__: Сохранено 6 номеров для Отель Созвездие Байкала
2026-08-29 13:30:57 [INFO] __main__: Запрашиваю baza_otdykha_gostiny_dvor_vdokhnovenie (baza_otdykha_gostiny_dvor_vdokhnovenie)
2026-08-29 13:30:57 [INFO] __main__: Сохранено 7 номеров для Отель Гостиный Двор Вдохновение
2026-08-29 13:30:57 [INFO] __main__: Запрашиваю international_hotel_sayen (international_hotel_sayen)
2026-08-29 13:30:58 [INFO] __main__: Сохранено 7 номеров для SAYEN
2026-08-29 13:30:58 [INFO] __main__: Запрашиваю gostevoy_dom_sunrise (gostevoy_dom_sunrise)
2026-08-29 13:30:58 [INFO] __main__: Сохранено 3 номеров для Sunrise
2026-08-29 13:30:58 [INFO] __main__: Запрашиваю mayak_hotel_listvyanka (mayak_hotel_listvyanka)
2026-08-29 13:30:59 [INFO] __main__: Сохранено 11 номеров для Отель Маяк
2026-08-29 13:30:59 [INFO] __main__: Запрашиваю best_eastern_hotel_zvezda (best_eastern_hotel_zvezda)
2026-08-29 13:31:04 [INFO] __main__: Сохранено 6 номеров для Отель Звезда
2026-08-29 13:31:04 [INFO] __main__: Запрашиваю guest_house_baykaliya (guest_house_baykaliya)
2026-08-29 13:31:04 [INFO] __main__: Сохранено 2 номеров для Байкалия
2026-08-29 13:31:04 [INFO] __main__: Запрашиваю inn_business_hall (inn_business_hall)
2026-08-29 13:31:09 [INFO] __main__: Сохранено 5 номеров для Отель Business Hall
2026-08-29 13:31:09 [INFO] __main__: Запрашиваю aristokrat_hotel (aristokrat_hotel)
2026-08-29 13:31:14 [INFO] __main__: Сохранено 5 номеров для Отель Аристократ
2026-08-29 13:31:14 [INFO] __main__: Запрашиваю olkhonstory_guest_house (olkhonstory_guest_house)
2026-08-29 13:31:16 [INFO] __main__: Сохранено 2 номеров для История Ольхона
2026-08-29 13:31:16 [INFO] __main__: Запрашиваю azatai_park_hotel (azatai_park_hotel)
2026-08-29 13:31:18 [INFO] __main__: Сохранено 5 номеров для Парк-отель "Азатай"
2026-08-29 13:31:18 [INFO] __main__: Запрашиваю apartamentyi_v_irkutske (apartamentyi_v_irkutske)
2026-08-29 13:31:20 [INFO] __main__: Сохранено 1 номеров для Меблированные комнаты в Иркутске
2026-08-29 13:31:20 [INFO] __main__: Запрашиваю larus (larus)
2026-08-29 13:31:21 [INFO] __main__: Сохранено 1 номеров для Отель Ларус
2026-08-29 13:31:21 [INFO] __main__: Запрашиваю mini_hotel_vizit (mini_hotel_vizit)
2026-08-29 13:31:22 [INFO] __main__: Сохранено 2 номеров для Гостиница Визит
2026-08-29 13:31:22 [INFO] __main__: Запрашиваю archi_apt_apartments (archi_apt_apartments)
2026-08-29 13:31:23 [INFO] __main__: Сохранено 2 номеров для Отель Baikal Archi Apt
2026-08-29 13:31:23 [INFO] __main__: Запрашиваю atlas_hotel_3 (atlas_hotel_3)
2026-08-29 13:31:27 [INFO] __main__: Сохранено 6 номеров для Гостиница Атлас
2026-08-29 13:31:27 [INFO] __main__: Запрашиваю bolshoe_puteshestvie_hotel (bolshoe_puteshestvie_hotel)
2026-08-29 13:31:30 [INFO] __main__: Сохранено 4 номеров для Кемпинг Отель Ольхон
2026-08-29 13:31:30 [INFO] __main__: Запрашиваю uda_2 (uda_2)
2026-08-29 13:31:34 [INFO] __main__: Сохранено 6 номеров для Отель УДА
2026-08-29 13:31:34 [INFO] __main__: Запрашиваю city_park_hotel_13 (city_park_hotel_13)
2026-08-29 13:31:35 [INFO] __main__: Сохранено 3 номеров для Меблированные комнаты City Park
2026-08-29 13:31:35 [INFO] __main__: Запрашиваю minihotel_albatros (minihotel_albatros)
2026-08-29 13:31:39 [INFO] __main__: Сохранено 2 номеров для Гостиница Альбатрос
2026-08-29 13:31:39 [INFO] __main__: Запрашиваю mihail_strogov (mihail_strogov)
2026-08-29 13:31:44 [INFO] __main__: Сохранено 4 номеров для Отель Михаил Строгов
2026-08-29 13:31:44 [INFO] __main__: Запрашиваю baikal_business_center_hotel (baikal_business_center_hotel)
2026-08-29 13:31:48 [INFO] __main__: Сохранено 5 номеров для Отель Байкал Бизнес Центр
2026-08-29 13:31:48 [INFO] __main__: Запрашиваю the_sky_of_lake_baikal (the_sky_of_lake_baikal)
2026-08-29 13:31:51 [INFO] __main__: Сохранено 6 номеров для Небо Байкала
2026-08-29 13:31:51 [INFO] __main__: Запрашиваю matreshka_hotel (matreshka_hotel)
2026-08-29 13:31:56 [INFO] __main__: Сохранено 8 номеров для Отель Матрешка
2026-08-29 13:31:56 [INFO] __main__: Запрашиваю baikal_forest_hotel (baikal_forest_hotel)
2026-08-29 13:32:00 [INFO] __main__: Сохранено 7 номеров для Отель Форест
2026-08-29 13:32:00 [INFO] __main__: Запрашиваю baikal_view_hotel (baikal_view_hotel)
2026-08-29 13:32:02 [INFO] __main__: Сохранено 10 номеров для Baikal View Hotel
2026-08-29 13:32:02 [INFO] __main__: Запрашиваю gostevoj_dom_na_zvezdinskoj (gostevoj_dom_na_zvezdinskoj)
2026-08-29 13:32:05 [INFO] __main__: Сохранено 3 номеров для Отель на Звездинской
2026-08-29 13:32:05 [INFO] __main__: Запрашиваю bajkal_severnoe_more_hotel (bajkal_severnoe_more_hotel)
2026-08-29 13:32:10 [INFO] __main__: Сохранено 8 номеров для Отель Байкал - Северное Море
2026-08-29 13:32:10 [INFO] __main__: Запрашиваю lotos_hotel (lotos_hotel)
2026-08-29 13:32:14 [INFO] __main__: Сохранено 4 номеров для Отель Лотос
2026-08-29 13:32:14 [INFO] __main__: Запрашиваю alaniya (alaniya)
2026-08-29 13:32:17 [INFO] __main__: Сохранено 3 номеров для Алания
2026-08-29 13:32:17 [INFO] __main__: Запрашиваю malinovka_3 (malinovka_3)
2026-08-29 13:32:19 [INFO] __main__: Сохранено 4 номеров для Малиновка
2026-08-29 13:32:19 [INFO] __main__: Запрашиваю 7_dorog (7_dorog)
2026-08-29 13:32:20 [INFO] __main__: Сохранено 6 номеров для Гостиница 7 дорог
2026-08-29 13:32:20 [INFO] __main__: Запрашиваю magas (magas)
2026-08-29 13:32:22 [INFO] __main__: Сохранено 6 номеров для Отель на Перроне
2026-08-29 13:32:22 [INFO] __main__: Запрашиваю gostinitsa_solntse (gostinitsa_solntse)
2026-08-29 13:32:27 [INFO] __main__: Сохранено 7 номеров для Гостиница Солнце
2026-08-29 13:32:27 [INFO] __main__: Запрашиваю izumrud_hotel_7 (izumrud_hotel_7)
2026-08-29 13:32:29 [INFO] __main__: Сохранено 4 номеров для Отель Изумруд
2026-08-29 13:32:29 [INFO] __main__: Запрашиваю baykal_guest_house_3 (baykal_guest_house_3)
2026-08-29 13:32:29 [INFO] __main__: Сохранено 4 номеров для Меблированные комнаты Байкал
2026-08-29 13:32:29 [INFO] __main__: Запрашиваю burduguz_hotel_2 (burduguz_hotel_2)
2026-08-29 13:32:29 [INFO] __main__: Сохранено 3 номеров для Парк-Отель Бурдугуз
2026-08-29 13:32:29 [INFO] __main__: Запрашиваю legendy_baykala (legendy_baykala)
2026-08-29 13:32:30 [INFO] __main__: Сохранено 5 номеров для Гостиница Легенды Байкала
2026-08-29 13:32:30 [INFO] __main__: Запрашиваю kupechesky_dvor_hotel (kupechesky_dvor_hotel)
2026-08-29 13:32:31 [INFO] __main__: Сохранено 7 номеров для Отель Купеческий Дворъ
2026-08-29 13:32:31 [INFO] __main__: Запрашиваю nochleg_i_zavtrak_bb_shambala (nochleg_i_zavtrak_bb_shambala)
2026-08-29 13:32:33 [INFO] __main__: Сохранено 1 номеров для Загородный отель Шамбала
2026-08-29 13:32:33 [INFO] __main__: Запрашиваю baza_otdykha_olkhon (baza_otdykha_olkhon)
2026-08-29 13:32:33 [INFO] __main__: Сохранено 3 номеров для База отдыха Ольхон
2026-08-29 13:32:33 [INFO] __main__: Запрашиваю miniotel_serdtse_baykala (miniotel_serdtse_baykala)
2026-08-29 13:32:34 [INFO] __main__: Сохранено 2 номеров для Сердце Байкала
2026-08-29 13:32:34 [INFO] __main__: Запрашиваю gostevoj_dom_otdyih_na_bajkale (gostevoj_dom_otdyih_na_bajkale)
2026-08-29 13:32:34 [INFO] __main__: Сохранено 6 номеров для Отель Отдых на Байкале
2026-08-29 13:32:34 [INFO] __main__: Запрашиваю armat_hotel (armat_hotel)
2026-08-29 13:32:39 [INFO] __main__: Сохранено 10 номеров для Отель Армат
2026-08-29 13:32:39 [INFO] __main__: Запрашиваю dom_baykal_guest_house (dom_baykal_guest_house)
2026-08-29 13:32:40 [INFO] __main__: Сохранено 3 номеров для Меблированные комнаты Дом Байкал
2026-08-29 13:32:40 [INFO] __main__: Запрашиваю hotel_kurshavel_ (hotel_kurshavel_)
2026-08-29 13:32:42 [INFO] __main__: Сохранено 5 номеров для Отель Куршавель
2026-08-29 13:32:42 [INFO] __main__: Запрашиваю tikhaya_gavan_4 (tikhaya_gavan_4)
2026-08-29 13:32:44 [INFO] __main__: Сохранено 2 номеров для Отель "Тихая Гавань"
2026-08-29 13:32:44 [INFO] __main__: Запрашиваю less_guest_house (less_guest_house)
2026-08-29 13:32:45 [INFO] __main__: Сохранено 3 номеров для Меблированные комнаты Лесс
2026-08-29 13:32:45 [INFO] __main__: Запрашиваю miniotel_medveditsa (miniotel_medveditsa)
2026-08-29 13:32:47 [INFO] __main__: Сохранено 3 номеров для Меблированные комнаты Медведица
2026-08-29 13:32:47 [INFO] __main__: Запрашиваю smart_hotel_kdo_irkutsk_hotel (smart_hotel_kdo_irkutsk_hotel)
2026-08-29 13:32:50 [INFO] __main__: Сохранено 5 номеров для Отель Smart Hotel Иркутск
2026-08-29 13:32:50 [INFO] __main__: Запрашиваю guesthouse_dudeevukh (guesthouse_dudeevukh)
2026-08-29 13:32:52 [INFO] __main__: Сохранено 2 номеров для Меблированные комнаты Дудеевых
2026-08-29 13:32:52 [INFO] __main__: Запрашиваю domik_na_kholme_guest_house (domik_na_kholme_guest_house)
2026-08-29 13:32:53 [INFO] __main__: Сохранено 1 номеров для Меблированные комнаты Домик на холме
2026-08-29 13:32:53 [INFO] __main__: Запрашиваю krestovaya_pad_hotel (krestovaya_pad_hotel)
2026-08-29 13:32:58 [INFO] __main__: Сохранено 8 номеров для Гостиница Крестовая падь
2026-08-29 13:32:58 [INFO] __main__: Запрашиваю gostinitsa_akademicheskaya (gostinitsa_akademicheskaya)
2026-08-29 13:32:58 [INFO] __main__: Сохранено 2 номеров для Отель Гостиница Академическая
2026-08-29 13:32:58 [INFO] __main__: Запрашиваю taiga_2 (taiga_2)
2026-08-29 13:33:03 [INFO] __main__: Сохранено 4 номеров для Отель Тайга
2026-08-29 13:33:03 [INFO] __main__: Запрашиваю momant_house_recreation_camp (momant_house_recreation_camp)
2026-08-29 13:33:03 [INFO] __main__: Сохранено 2 номеров для Momant house
2026-08-29 13:33:03 [INFO] __main__: Запрашиваю olkhon_inn (olkhon_inn)
2026-08-29 13:33:06 [INFO] __main__: Сохранено 2 номеров для Olkhon Inn
2026-08-29 13:33:06 [INFO] __main__: Запрашиваю gostevoy_dom_briz_3 (gostevoy_dom_briz_3)
2026-08-29 13:33:08 [INFO] __main__: Сохранено 2 номеров для Меблированные комнаты БРИЗ
2026-08-29 13:33:08 [INFO] __main__: Запрашиваю hotel_u_ruchyya (hotel_u_ruchyya)
2026-08-29 13:33:09 [INFO] __main__: Сохранено 1 номеров для Отель У ручья
2026-08-29 13:33:09 [INFO] __main__: Запрашиваю inn_oasis_2 (inn_oasis_2)
2026-08-29 13:33:11 [INFO] __main__: Сохранено 4 номеров для База отдыха Оазис
2026-08-29 13:33:11 [INFO] __main__: Запрашиваю hotel_olimpiada (hotel_olimpiada)
2026-08-29 13:33:13 [INFO] __main__: Сохранено 4 номеров для Олимпиада
2026-08-29 13:33:13 [INFO] __main__: Запрашиваю baza_otdykha_village_hvoy (baza_otdykha_village_hvoy)
2026-08-29 13:33:14 [INFO] __main__: Сохранено 4 номеров для Вилладж Хвоя
2026-08-29 13:33:14 [INFO] __main__: Запрашиваю hotel_baikal_best_edelweiss (hotel_baikal_best_edelweiss)
2026-08-29 13:33:21 [INFO] __main__: Сохранено 6 номеров для Отель Байкал Эдельвейс
2026-08-29 13:33:21 [INFO] __main__: Запрашиваю luna_hotel_9 (luna_hotel_9)
2026-08-29 13:33:23 [INFO] __main__: Сохранено 5 номеров для Отель Луна
2026-08-29 13:33:23 [INFO] __main__: Запрашиваю flagman_hotel (flagman_hotel)
2026-08-29 13:33:25 [INFO] __main__: Сохранено 3 номеров для Отель Флагман
2026-08-29 13:33:25 [INFO] __main__: Запрашиваю tri_kita_2 (tri_kita_2)
2026-08-29 13:33:26 [INFO] __main__: Сохранено 3 номеров для Отель Три Кита
2026-08-29 13:33:26 [INFO] __main__: Запрашиваю dream_of_baikal_hotel (dream_of_baikal_hotel)
2026-08-29 13:33:28 [INFO] __main__: Сохранено 5 номеров для Отель Dream of Baikal
2026-08-29 13:33:28 [INFO] __main__: Запрашиваю gostevoy_dom_holiday_park_on_olkhon (gostevoy_dom_holiday_park_on_olkhon)
2026-08-29 13:33:31 [INFO] __main__: Сохранено 2 номеров для Holiday park on Olkhon
2026-08-29 13:33:31 [INFO] __main__: Запрашиваю vostochnaia (vostochnaia)
2026-08-29 13:33:31 [INFO] __main__: Сохранено 6 номеров для Гостиница Восточная
2026-08-29 13:33:31 [INFO] __main__: Запрашиваю tochka_baykala_hotel (tochka_baykala_hotel)
2026-08-29 13:33:32 [INFO] __main__: Сохранено 2 номеров для Отель Точка Байкала
2026-08-29 13:33:32 [INFO] __main__: Запрашиваю alpari (alpari)
2026-08-29 13:33:36 [INFO] __main__: Сохранено 1 номеров для Гостиница Альпари
2026-08-29 13:33:36 [INFO] __main__: Запрашиваю hotel_yubileinaya__2 (hotel_yubileinaya__2)
2026-08-29 13:33:41 [INFO] __main__: Сохранено 6 номеров для Гостиница Юбилейная
2026-08-29 13:33:41 [INFO] __main__: Запрашиваю artrezidentsiya_port_olhon (artrezidentsiya_port_olhon)
2026-08-29 13:33:43 [INFO] __main__: Сохранено 9 номеров для Арт-отель Порт Ольхон
2026-08-29 13:33:43 [INFO] __main__: Запрашиваю hotel_gostinitsa_dinamo (hotel_gostinitsa_dinamo)
2026-08-29 13:33:44 [INFO] __main__: Сохранено 5 номеров для Отель Динамо
2026-08-29 13:33:44 [INFO] __main__: Запрашиваю gostinitsa_undina (gostinitsa_undina)
2026-08-29 13:33:47 [INFO] __main__: Сохранено 5 номеров для Отель Ундина
2026-08-29 13:33:47 [INFO] __main__: Запрашиваю glemping_hygge_barn (glemping_hygge_barn)
2026-08-29 13:33:48 [INFO] __main__: Сохранено 1 номеров для Hygge Barn
2026-08-29 13:33:48 [INFO] __main__: Запрашиваю recreation_centre_baikal_rainbow (recreation_centre_baikal_rainbow)
2026-08-29 13:33:50 [INFO] __main__: Сохранено 4 номеров для База отдыха Байкальская Радуга
2026-08-29 13:33:50 [INFO] __main__: Запрашиваю gostevoi_dom_margobai (gostevoi_dom_margobai)
2026-08-29 13:33:52 [INFO] __main__: Сохранено 7 номеров для Отель Маргобай
2026-08-29 13:33:52 [INFO] __main__: Запрашиваю dauria_hotel_2 (dauria_hotel_2)
2026-08-29 13:33:52 [INFO] __main__: Сохранено 5 номеров для Отель Даурия
2026-08-29 13:33:52 [INFO] __main__: Запрашиваю yolochka (yolochka)
2026-08-29 13:33:54 [INFO] __main__: Сохранено 9 номеров для Меблированные комнаты Ёлочка
2026-08-29 13:33:54 [INFO] __main__: Запрашиваю hotel_angara (hotel_angara)
2026-08-29 13:33:59 [INFO] __main__: Сохранено 6 номеров для Отель Ангара-Приоритет
2026-08-29 13:33:59 [INFO] __main__: Запрашиваю meridian_7 (meridian_7)
2026-08-29 13:34:04 [INFO] __main__: Сохранено 4 номеров для Отель Меридиан
2026-08-29 13:34:04 [INFO] __main__: Запрашиваю flagman_hotel_4 (flagman_hotel_4)
2026-08-29 13:34:05 [INFO] __main__: Сохранено 4 номеров для Отель Флагман
2026-08-29 13:34:05 [INFO] __main__: Запрашиваю solnechny_guest_house_7 (solnechny_guest_house_7)
2026-08-29 13:34:06 [INFO] __main__: Сохранено 1 номеров для Cолнечный
2026-08-29 13:34:06 [INFO] __main__: Запрашиваю aura_living_quarters (aura_living_quarters)
2026-08-29 13:34:06 [INFO] __main__: Сохранено 1 номеров для Меблированные комнаты Аура
2026-08-29 13:34:06 [INFO] __main__: Запрашиваю lada_8 (lada_8)
2026-08-29 13:34:07 [INFO] __main__: Сохранено 6 номеров для Отель Гостиница ЛАДА
2026-08-29 13:34:07 [INFO] __main__: Запрашиваю green_hotel_ (green_hotel_)
2026-08-29 13:34:10 [INFO] __main__: Сохранено 7 номеров для Грин Отель
2026-08-29 13:34:10 [INFO] __main__: Запрашиваю gostinitsa_ustilim (gostinitsa_ustilim)
2026-08-29 13:34:14 [INFO] __main__: Сохранено 8 номеров для Усть-Илим
2026-08-29 13:34:14 [INFO] __main__: Запрашиваю aerobratsk (aerobratsk)
2026-08-29 13:34:15 [INFO] __main__: Сохранено 2 номеров для Отель Аэропорт Братск
2026-08-29 13:34:15 [INFO] __main__: Запрашиваю planeta_9 (planeta_9)
2026-08-29 13:34:17 [INFO] __main__: Сохранено 3 номеров для Планета
2026-08-29 13:34:17 [INFO] __main__: Запрашиваю hotel_aziyayevropa (hotel_aziyayevropa)
2026-08-29 13:34:21 [INFO] __main__: Сохранено 4 номеров для Отель Азия-Европа
2026-08-29 13:34:21 [INFO] __main__: Запрашиваю beliy_sobol_parkhotel (beliy_sobol_parkhotel)
2026-08-29 13:34:26 [INFO] __main__: Сохранено 4 номеров для Парк-отель Белый Соболь
2026-08-29 13:34:26 [INFO] __main__: Запрашиваю hotel_soyuz_2 (hotel_soyuz_2)
2026-08-29 13:34:26 [INFO] __main__: Сохранено 8 номеров для Жилое помещение Союз
2026-08-29 13:34:26 [INFO] __main__: Запрашиваю kheyvitsa_guest_house (kheyvitsa_guest_house)
2026-08-29 13:34:29 [INFO] __main__: Сохранено 6 номеров для Отель Гостевой Дом Хейвица
2026-08-29 13:34:29 [INFO] __main__: Запрашиваю magnetit (magnetit)
2026-08-29 13:34:34 [INFO] __main__: Сохранено 7 номеров для Отель Магнетит
2026-08-29 13:34:34 [INFO] __main__: Запрашиваю svetly_aparthotel (svetly_aparthotel)
2026-08-29 13:34:39 [INFO] __main__: Сохранено 2 номеров для Отель Светлый
2026-08-29 13:34:39 [INFO] __main__: Запрашиваю arena_g_irkutsk (arena_g_irkutsk)
2026-08-29 13:34:40 [INFO] __main__: Сохранено 3 номеров для Отель Арена Иркутск
2026-08-29 13:34:40 [INFO] __main__: Запрашиваю metelitsa_6 (metelitsa_6)
2026-08-29 13:34:42 [INFO] __main__: Сохранено 2 номеров для Отель Метелица
2026-08-29 13:34:42 [INFO] __main__: Запрашиваю hotel_gostinitsa_avtovokzal (hotel_gostinitsa_avtovokzal)
2026-08-29 13:34:43 [INFO] __main__: Сохранено 4 номеров для Отель Автовокзал
2026-08-29 13:34:43 [INFO] __main__: Запрашиваю ozerny_tulun_sports_complex_na_karbysheva_185_apartment (ozerny_tulun_sports_complex_na_karbysheva_185_apartment)
2026-08-29 13:34:43 [INFO] __main__: Сохранено 1 номеров для Спорткомплекс Озерный Тулун на Карбышева 185
2026-08-29 13:34:43 [INFO] __main__: Запрашиваю amurskiy (amurskiy)
2026-08-29 13:34:44 [INFO] __main__: Сохранено 7 номеров для Отель Амурский
2026-08-29 13:34:44 [INFO] __main__: Запрашиваю hotel_khotej (hotel_khotej)
2026-08-29 13:34:44 [INFO] __main__: Сохранено 1 номеров для Отель Хотэй
2026-08-29 13:34:44 [INFO] __main__: Запрашиваю tsentr_otdykha_dashi (tsentr_otdykha_dashi)
2026-08-29 13:34:47 [INFO] __main__: Сохранено 4 номеров для Центр отдыха Да-ши
2026-08-29 13:34:47 [INFO] __main__: Запрашиваю hotel_complex_baikalov_ostrog (hotel_complex_baikalov_ostrog)
2026-08-29 13:34:49 [INFO] __main__: Сохранено 4 номеров для Гостиница Байкалов Острог
2026-08-29 13:34:49 [INFO] __main__: Запрашиваю bely_bereg (bely_bereg)
2026-08-29 13:34:50 [INFO] __main__: Сохранено 3 номеров для Отель Белый берег
2026-08-29 13:34:50 [INFO] __main__: Запрашиваю arena_on_sverdlov (arena_on_sverdlov)
2026-08-29 13:34:52 [INFO] __main__: Сохранено 4 номеров для Меблированные комнаты общежитие "Арена на Свердлова"
2026-08-29 13:34:52 [INFO] __main__: Запрашиваю yupiter (yupiter)
2026-08-29 13:34:53 [INFO] __main__: Сохранено 1 номеров для Юпитер
2026-08-29 13:34:53 [INFO] __main__: Запрашиваю lenatour (lenatour)
2026-08-29 13:34:57 [INFO] __main__: Сохранено 4 номеров для Отель  Ленатур
2026-08-29 13:34:57 [INFO] __main__: Запрашиваю gostevoy_dom_isiger_baikal (gostevoy_dom_isiger_baikal)
2026-08-29 13:34:57 [INFO] __main__: Сохранено 1 номеров для Гостевой дом ISIGER BAIKAL
2026-08-29 13:34:57 [INFO] __main__: Запрашиваю hotel_pushkin_2 (hotel_pushkin_2)
2026-08-29 13:35:02 [INFO] __main__: Сохранено 6 номеров для Отель ПушкинЪ
2026-08-29 13:35:02 [INFO] __main__: Запрашиваю katantsa_hotel (katantsa_hotel)
2026-08-29 13:35:02 [INFO] __main__: Сохранено 5 номеров для Отель Катанца
2026-08-29 13:35:02 [INFO] __main__: Запрашиваю hotel_rodina_grand_hotel_spa_irkutsk_5 (hotel_rodina_grand_hotel_spa_irkutsk_5)
2026-08-29 13:35:03 [INFO] __main__: Сохранено 11 номеров для Отель RODINA Grand Hotel & SPA Irkutsk 5*
2026-08-29 13:35:03 [INFO] __main__: Запрашиваю v_derevne_guest_house (v_derevne_guest_house)
2026-08-29 13:35:03 [INFO] __main__: Сохранено 1 номеров для Уютный дом
2026-08-29 13:35:03 [INFO] __main__: Запрашиваю modul (modul)
2026-08-29 13:35:06 [INFO] __main__: Сохранено 5 номеров для Гостиница Комфорт
2026-08-29 13:35:06 [INFO] __main__: Запрашиваю shelest (shelest)
2026-08-29 13:35:08 [INFO] __main__: Сохранено 2 номеров для Shelest
2026-08-29 13:35:08 [INFO] __main__: Запрашиваю v_samom_tsentre_irkutska_minihotel (v_samom_tsentre_irkutska_minihotel)
2026-08-29 13:35:09 [INFO] __main__: Сохранено 1 номеров для Отель В Сердце Иркутска
2026-08-29 13:35:09 [INFO] __main__: Запрашиваю irkutsk_city_lodge (irkutsk_city_lodge)
2026-08-29 13:35:09 [INFO] __main__: Сохранено 2 номеров для Отель Иркутск Сити Лодж
2026-08-29 13:35:09 [INFO] __main__: Запрашиваю private_house_uedinenny_dom_na_beregu_zhivopisnoy_zavodi (private_house_uedinenny_dom_na_beregu_zhivopisnoy_zavodi)
2026-08-29 13:35:10 [INFO] __main__: Сохранено 1 номеров для Байкал 51
2026-08-29 13:35:10 [INFO] __main__: Запрашиваю gostevoy_dom_chilla_villa_baikal (gostevoy_dom_chilla_villa_baikal)
2026-08-29 13:35:13 [INFO] __main__: Сохранено 2 номеров для Гостевой дом Chilla_villa_baikal
2026-08-29 13:35:13 [INFO] __main__: Запрашиваю lazurny_bereg_hotel_ (lazurny_bereg_hotel_)
2026-08-29 13:35:17 [INFO] __main__: Сохранено 4 номеров для Гостиница Лазурный берег
2026-08-29 13:35:17 [INFO] __main__: Запрашиваю hotel_shishki (hotel_shishki)
2026-08-29 13:35:18 [INFO] __main__: Сохранено 2 номеров для Меблированные комнаты Шишки
2026-08-29 13:35:18 [INFO] __main__: Запрашиваю camping_yelochka_kempinghotel (camping_yelochka_kempinghotel)
2026-08-29 13:35:20 [INFO] __main__: Сохранено 2 номеров для Отель Елочка
2026-08-29 13:35:20 [INFO] __main__: Запрашиваю u_lukomorya_4 (u_lukomorya_4)
2026-08-29 13:35:21 [INFO] __main__: Сохранено 2 номеров для У Лукоморья
2026-08-29 13:35:21 [INFO] __main__: Запрашиваю guest_house_vremena_goda (guest_house_vremena_goda)
2026-08-29 13:35:21 [INFO] __main__: Сохранено 4 номеров для Времена Года
2026-08-29 13:35:21 [INFO] __main__: Запрашиваю hostel_katrin_2 (hostel_katrin_2)
2026-08-29 13:35:23 [INFO] __main__: Сохранено 2 номеров для Катрин
2026-08-29 13:35:23 [INFO] __main__: Запрашиваю legend_of_baikal (legend_of_baikal)
2026-08-29 13:35:23 [INFO] __main__: Сохранено 5 номеров для Отель Легенда Байкала
2026-08-29 13:35:23 [INFO] __main__: Запрашиваю riderside (riderside)
2026-08-29 13:35:28 [INFO] __main__: Сохранено 1 номеров для Гостиница Riverside
2026-08-29 13:35:28 [INFO] __main__: Запрашиваю apartments_viking_khaus (apartments_viking_khaus)
2026-08-29 13:35:28 [INFO] __main__: Сохранено 1 номеров для Викинг Хаус
2026-08-29 13:35:28 [INFO] __main__: Запрашиваю bajkalskie_sezonyi (bajkalskie_sezonyi)
2026-08-29 13:35:31 [INFO] __main__: Сохранено 5 номеров для Отель Парк Байкальские сезоны
2026-08-29 13:35:31 [INFO] __main__: Запрашиваю tengis_park_hotel (tengis_park_hotel)
2026-08-29 13:35:36 [INFO] __main__: Сохранено 1 номеров для Отель Тэнгис
2026-08-29 13:35:36 [INFO] __main__: Запрашиваю royal_hotel_33 (royal_hotel_33)
2026-08-29 13:35:40 [INFO] __main__: Сохранено 5 номеров для Отель Рояль
2026-08-29 13:35:40 [INFO] __main__: Запрашиваю baykal_khan_hotel_olkhon (baykal_khan_hotel_olkhon)
2026-08-29 13:35:42 [INFO] __main__: Сохранено 3 номеров для Отель Байкал-Хан Ольхон
2026-08-29 13:35:42 [INFO] __main__: Запрашиваю eko_baikalwood_hotel (eko_baikalwood_hotel)
2026-08-29 13:35:43 [INFO] __main__: Сохранено 8 номеров для Отель БайкалВуд
2026-08-29 13:35:43 [INFO] __main__: Запрашиваю rodnye_berega_holiday_park_ (rodnye_berega_holiday_park_)
2026-08-29 13:35:45 [INFO] __main__: Сохранено 2 номеров для База Отдыха Родные Берега
2026-08-29 13:35:45 [INFO] __main__: Запрашиваю hotel_barguzin (hotel_barguzin)
2026-08-29 13:35:48 [INFO] __main__: Сохранено 4 номеров для Меблированные комнаты Баргузин
2026-08-29 13:35:48 [INFO] __main__: Запрашиваю u_istoka_hotel (u_istoka_hotel)
2026-08-29 13:35:52 [INFO] __main__: Сохранено 1 номеров для Гостиница У Истока
2026-08-29 13:35:52 [INFO] __main__: Запрашиваю recreation_complex_altan (recreation_complex_altan)
2026-08-29 13:35:55 [INFO] __main__: Сохранено 6 номеров для Парк-Отель Алтан
2026-08-29 13:35:55 [INFO] __main__: Запрашиваю oktyabrskaya_minihotel (oktyabrskaya_minihotel)
2026-08-29 13:35:57 [INFO] __main__: Сохранено 3 номеров для Октябрьская
2026-08-29 13:35:57 [INFO] __main__: Запрашиваю gloria_20 (gloria_20)
2026-08-29 13:35:59 [INFO] __main__: Сохранено 2 номеров для Отель Глория
2026-08-29 13:35:59 [INFO] __main__: Запрашиваю olkhon_house_guest_family_house (olkhon_house_guest_family_house)
2026-08-29 13:35:59 [INFO] __main__: Сохранено 4 номеров для Olkhon Family House
2026-08-29 13:35:59 [INFO] __main__: Запрашиваю trakstop_38_2 (trakstop_38_2)
2026-08-29 13:36:02 [INFO] __main__: Сохранено 2 номеров для Тракстоп 38
2026-08-29 13:36:02 [INFO] __main__: Запрашиваю khoromy_recreation_camp (khoromy_recreation_camp)
2026-08-29 13:36:02 [INFO] __main__: Сохранено 3 номеров для Хоромы
2026-08-29 13:36:02 [INFO] __main__: Запрашиваю mir_baykala_hotel (mir_baykala_hotel)
2026-08-29 13:36:04 [INFO] __main__: Сохранено 4 номеров для Отель Мир Байкала
2026-08-29 13:36:04 [INFO] __main__: Запрашиваю home_hotel_apartments_home_wanted_on_piskunov_street (home_hotel_apartments_home_wanted_on_piskunov_street)
2026-08-29 13:36:05 [INFO] __main__: Сохранено 2 номеров для Апартаменты Home Hotel (Хоум Отель) на улице Пискунова
2026-08-29 13:36:05 [INFO] __main__: Запрашиваю lakeplacebaykal_living_quarters (lakeplacebaykal_living_quarters)
2026-08-29 13:36:06 [INFO] __main__: Сохранено 2 номеров для Меблированные комнаты ЛэйкПлэйсБайкал
2026-08-29 13:36:06 [INFO] __main__: Запрашиваю v_gostyakh_u_dubrovskikh_guest_house (v_gostyakh_u_dubrovskikh_guest_house)
2026-08-29 13:36:06 [INFO] __main__: Сохранено 1 номеров для В гостях у ДУБРОВСКИХ
2026-08-29 13:36:06 [INFO] __main__: Запрашиваю dlya_kompanii_guest_house (dlya_kompanii_guest_house)
2026-08-29 13:36:07 [INFO] __main__: Сохранено 1 номеров для Для компании
2026-08-29 13:36:07 [INFO] __main__: Запрашиваю na_beregu_baykala_guest_house (na_beregu_baykala_guest_house)
2026-08-29 13:36:07 [INFO] __main__: Сохранено 1 номеров для На берегу Байкала
2026-08-29 13:36:07 [INFO] __main__: Запрашиваю baykkalina_guest_house (baykkalina_guest_house)
2026-08-29 13:36:09 [INFO] __main__: Сохранено 2 номеров для БайкКалина
2026-08-29 13:36:09 [INFO] __main__: Запрашиваю aleksandrovskij_dvor (aleksandrovskij_dvor)
2026-08-29 13:36:10 [INFO] __main__: Сохранено 1 номеров для Александровский двор
2026-08-29 13:36:10 [INFO] __main__: Запрашиваю loft_house_38_guest_house (loft_house_38_guest_house)
2026-08-29 13:36:10 [INFO] __main__: Сохранено 1 номеров для Loft House 38
2026-08-29 13:36:10 [INFO] __main__: Запрашиваю komilfo_2 (komilfo_2)
2026-08-29 13:36:12 [INFO] __main__: Сохранено 2 номеров для Отель Комильфо
2026-08-29 13:36:12 [INFO] __main__: Запрашиваю baikalov_ostrog (baikalov_ostrog)
2026-08-29 13:36:15 [INFO] __main__: Сохранено 5 номеров для Bajkal-Ujuga
2026-08-29 13:36:15 [INFO] __main__: Запрашиваю rezidentsii_rodina_irkutsk (rezidentsii_rodina_irkutsk)
2026-08-29 13:36:15 [INFO] __main__: Сохранено 3 номеров для Резиденции Rodina Irkutsk
2026-08-29 13:36:15 [INFO] __main__: Запрашиваю glempingotel_yolki_recreation_camp (glempingotel_yolki_recreation_camp)
2026-08-29 13:36:16 [INFO] __main__: Сохранено 2 номеров для Аян
2026-08-29 13:36:16 [INFO] __main__: Запрашиваю maksi_hotel (maksi_hotel)
2026-08-29 13:36:16 [INFO] __main__: Сохранено 1 номеров для Отель Макси
2026-08-29 13:36:16 [INFO] __main__: Запрашиваю profsoyuznaya_hotel_4 (profsoyuznaya_hotel_4)
2026-08-29 13:36:17 [INFO] __main__: Сохранено 1 номеров для Профсоюзная
2026-08-29 13:36:17 [INFO] __main__: Запрашиваю hotel_baikal_krai (hotel_baikal_krai)
2026-08-29 13:36:19 [INFO] __main__: Сохранено 3 номеров для Усадьба Байкальский край
2026-08-29 13:36:19 [INFO] __main__: Запрашиваю hotel_arakhis (hotel_arakhis)
2026-08-29 13:36:19 [INFO] __main__: Сохранено 3 номеров для Отель Арахис
2026-08-29 13:36:19 [INFO] __main__: Запрашиваю living_quarters_uyutnye_dlya_dvoikh (living_quarters_uyutnye_dlya_dvoikh)
2026-08-29 13:36:20 [INFO] __main__: Сохранено 1 номеров для Меблированные комнаты Уютные для Двоих
2026-08-29 13:36:20 [INFO] __main__: Сохранено 784 номеров в /home/runner/work/ostrovok-parser/ostrovok-parser/daily/rooms/2026-08-29.csv
2026-08-29 13:36:20 [INFO] __main__: Парсинг завершён. Всего обработано 784 номеров.
2026-08-29 13:36:22 [WARNING] __main__: free_rooms_amount (42) > rooms_num (30) для victory_hotel_4 — используем effective_rooms_num=42
2026-08-29 13:36:22 [WARNING] __main__: free_rooms_amount (60) > rooms_num (56) для rus_hotel_irkutsk — используем effective_rooms_num=60
2026-08-29 13:36:22 [WARNING] __main__: free_rooms_amount (29) > rooms_num (27) для hotel_nikola_2 — используем effective_rooms_num=29
2026-08-29 13:36:22 [WARNING] __main__: free_rooms_amount (31) > rooms_num (26) для hotel_anastasiya_2 — используем effective_rooms_num=31
2026-08-29 13:36:22 [WARNING] __main__: free_rooms_amount (23) > rooms_num (15) для hotel_flagman_olkhona — используем effective_rooms_num=23
2026-08-29 13:36:22 [WARNING] __main__: free_rooms_amount (43) > rooms_num (38) для vera_baikal — используем effective_rooms_num=43
2026-08-29 13:36:22 [WARNING] __main__: free_rooms_amount (56) > rooms_num (48) для otel_tsentral — используем effective_rooms_num=56
2026-08-29 13:36:22 [WARNING] __main__: free_rooms_amount (14) > rooms_num (11) для baykal_shale_guest_house — используем effective_rooms_num=14
2026-08-29 13:36:22 [WARNING] __main__: free_rooms_amount (15) > rooms_num (12) для aristokrat_hotel — используем effective_rooms_num=15
2026-08-29 13:36:22 [WARNING] __main__: free_rooms_amount (15) > rooms_num (10) для bolshoe_puteshestvie_hotel — используем effective_rooms_num=15
2026-08-29 13:36:22 [WARNING] __main__: free_rooms_amount (147) > rooms_num (99) для baikal_view_hotel — используем effective_rooms_num=147
2026-08-29 13:36:22 [WARNING] __main__: free_rooms_amount (35) > rooms_num (25) для gostevoj_dom_na_zvezdinskoj — используем effective_rooms_num=35
2026-08-29 13:36:22 [WARNING] __main__: free_rooms_amount (11) > rooms_num (9) для izumrud_hotel_7 — используем effective_rooms_num=11
2026-08-29 13:36:22 [WARNING] __main__: free_rooms_amount (15) > rooms_num (14) для kupechesky_dvor_hotel — используем effective_rooms_num=15
2026-08-29 13:36:22 [WARNING] __main__: free_rooms_amount (62) > rooms_num (40) для armat_hotel — используем effective_rooms_num=62
2026-08-29 13:36:22 [WARNING] __main__: free_rooms_amount (30) > rooms_num (14) для gostevoi_dom_margobai — используем effective_rooms_num=30
2026-08-29 13:36:22 [WARNING] __main__: free_rooms_amount (25) > rooms_num (4) для dauria_hotel_2 — используем effective_rooms_num=25
2026-08-29 13:36:22 [WARNING] __main__: free_rooms_amount (9) > rooms_num (6) для yolochka — используем effective_rooms_num=9
2026-08-29 13:36:22 [WARNING] __main__: free_rooms_amount (16) > rooms_num (15) для arena_g_irkutsk — используем effective_rooms_num=16
2026-08-29 13:36:22 [WARNING] __main__: free_rooms_amount (16) > rooms_num (12) для modul — используем effective_rooms_num=16
2026-08-29 13:36:22 [WARNING] __main__: free_rooms_amount (70) > rooms_num (44) для eko_baikalwood_hotel — используем effective_rooms_num=70
2026-08-29 13:36:22 [INFO] __main__: Статистика сохранена в /home/runner/work/ostrovok-parser/ostrovok-parser/daily/statistics/2026-08-29.csv
2026-08-29 13:36:22 [INFO] __main__: Обработано 194 отелей
