2026-08-31 15:34:16 [INFO] __main__: Режим CI: увеличенные таймауты и ожидание networkidle.
2026-08-31 15:34:16 [INFO] __main__: Запуск парсера отелей...
2026-08-31 15:34:16 [INFO] __main__: Даты бронирования: 01.09.2026 - 02.09.2026
2026-08-31 15:34:17 [INFO] __main__: --- Страница 1 ---
2026-08-31 15:34:23 [INFO] __main__: Перехвачено и извлечено 20 отелей. Всего: 20
2026-08-31 15:34:29 [INFO] __main__: Добавлено 20 отелей со страницы 1. Переход на следующую страницу...
2026-08-31 15:34:31 [INFO] __main__: --- Страница 2 ---
2026-08-31 15:34:34 [INFO] __main__: Перехвачено и извлечено 20 отелей. Всего: 40
2026-08-31 15:34:39 [INFO] __main__: Добавлено 20 отелей со страницы 2. Переход на следующую страницу...
2026-08-31 15:34:41 [INFO] __main__: --- Страница 3 ---
2026-08-31 15:35:32 [WARNING] __main__: На странице 3 отелей не получено. Конец списка.
2026-08-31 15:35:32 [INFO] __main__: === Всего собрано отелей со всех страниц: 40 ===
2026-08-31 15:35:47 [INFO] __main__: Сохранено 40 отелей в /home/runner/work/ostrovok-parser/ostrovok-parser/daily/hotels/2026-08-31.csv
2026-08-31 15:35:47 [INFO] __main__: Парсинг завершён. Всего обработано 40 отелей.
2026-08-31 15:35:47 [INFO] __main__: Каталог сохранён: 283 отелей → /home/runner/work/ostrovok-parser/ostrovok-parser/catalog/hotels.csv
2026-08-31 15:35:47 [INFO] __main__: Каталог обновлён: всего 283, новых 2
2026-08-31 15:35:50 [INFO] __main__: Даты бронирования: 01.09.2026 - 02.09.2026
2026-08-31 15:35:50 [INFO] __main__: Запуск браузера для получения куки...
2026-08-31 15:35:56 [INFO] __main__: Получено 53 куки
2026-08-31 15:35:56 [INFO] __main__: Запрашиваю tajga_hotel (tajga_hotel)
2026-08-31 15:36:01 [INFO] __main__: Сохранено 7 номеров для Отель Тайга
2026-08-31 15:36:01 [INFO] __main__: Запрашиваю irkutsk_city_center (irkutsk_city_center)
2026-08-31 15:36:02 [INFO] __main__: Сохранено 5 номеров для Отель Иркутск Сити Центр
2026-08-31 15:36:02 [INFO] __main__: Запрашиваю rus_hotel_irkutsk (rus_hotel_irkutsk)
2026-08-31 15:36:07 [INFO] __main__: Сохранено 7 номеров для Гостиничный Комплекс Русь
2026-08-31 15:36:07 [INFO] __main__: Запрашиваю dohodnyij_dom_listratvoj_butikhotel (dohodnyij_dom_listratvoj_butikhotel)
2026-08-31 15:36:12 [INFO] __main__: Сохранено 7 номеров для Отель Доходный дом Листратовой
2026-08-31 15:36:12 [INFO] __main__: Запрашиваю angara_hotel (angara_hotel)
2026-08-31 15:36:16 [INFO] __main__: Сохранено 7 номеров для Ангара Отель
2026-08-31 15:36:16 [INFO] __main__: Запрашиваю hotel_premium_hotel_pushkin (hotel_premium_hotel_pushkin)
2026-08-31 15:36:17 [INFO] __main__: Сохранено 6 номеров для Премиум-отель Пушкин
2026-08-31 15:36:17 [INFO] __main__: Запрашиваю ibis_irkutsk_center (ibis_irkutsk_center)
2026-08-31 15:36:22 [INFO] __main__: Сохранено 4 номеров для Отель Ибис Иркутск Центр
2026-08-31 15:36:22 [INFO] __main__: Запрашиваю evropa_hotel (evropa_hotel)
2026-08-31 15:36:28 [INFO] __main__: Сохранено 13 номеров для Отель Европа
2026-08-31 15:36:28 [INFO] __main__: Запрашиваю hotel_anastasiya_2 (hotel_anastasiya_2)
2026-08-31 15:36:28 [INFO] __main__: Сохранено 11 номеров для Отель ГК Анастасия
2026-08-31 15:36:28 [INFO] __main__: Запрашиваю chastny_dom_na_peskakh_guest_house (chastny_dom_na_peskakh_guest_house)
2026-08-31 15:36:29 [INFO] __main__: Сохранено 4 номеров для Частный Дом На Песках
2026-08-31 15:36:29 [INFO] __main__: Запрашиваю hotel_harats_inn (hotel_harats_inn)
2026-08-31 15:36:31 [INFO] __main__: Сохранено 3 номеров для Отель Harat's inn
2026-08-31 15:36:31 [INFO] __main__: Запрашиваю history_boutiquehotel (history_boutiquehotel)
2026-08-31 15:36:36 [INFO] __main__: Сохранено 7 номеров для Отель HISTORY Бутик-отель и СПА
2026-08-31 15:36:36 [INFO] __main__: Запрашиваю grand_baikal (grand_baikal)
2026-08-31 15:36:38 [INFO] __main__: Сохранено 4 номеров для Отель Гранд Байкал
2026-08-31 15:36:38 [INFO] __main__: Запрашиваю otel_irkut (otel_irkut)
2026-08-31 15:36:38 [INFO] __main__: Сохранено 6 номеров для Отель Иркут
2026-08-31 15:36:38 [INFO] __main__: Запрашиваю hotel_nikola_2 (hotel_nikola_2)
2026-08-31 15:36:43 [INFO] __main__: Сохранено 8 номеров для Отель Никола
2026-08-31 15:36:43 [INFO] __main__: Запрашиваю azimut_aeroport_irkutsk_hotel (azimut_aeroport_irkutsk_hotel)
2026-08-31 15:36:44 [INFO] __main__: Сохранено 7 номеров для AZIMUT Отель Аэропорт Иркутск 4*
2026-08-31 15:36:44 [INFO] __main__: Запрашиваю wind_lake_guest_house (wind_lake_guest_house)
2026-08-31 15:36:44 [INFO] __main__: Сохранено 3 номеров для Wind Lake
2026-08-31 15:36:44 [INFO] __main__: Запрашиваю hotel_nataly_2 (hotel_nataly_2)
2026-08-31 15:36:47 [INFO] __main__: Сохранено 4 номеров для Отель Натали
2026-08-31 15:36:47 [INFO] __main__: Запрашиваю irkutsk (irkutsk)
2026-08-31 15:36:52 [INFO] __main__: Сохранено 9 номеров для Отель Иркутск
2026-08-31 15:36:52 [INFO] __main__: Запрашиваю podlemorie_hotel (podlemorie_hotel)
2026-08-31 15:36:54 [INFO] __main__: Сохранено 4 номеров для Отель Подлеморье
2026-08-31 15:36:54 [INFO] __main__: Запрашиваю lyuks_hotel_4 (lyuks_hotel_4)
2026-08-31 15:36:57 [INFO] __main__: Сохранено 3 номеров для Отель Люкс
2026-08-31 15:36:57 [INFO] __main__: Запрашиваю bajkal_hotel (bajkal_hotel)
2026-08-31 15:36:58 [INFO] __main__: Сохранено 5 номеров для Отель Байкал
2026-08-31 15:36:58 [INFO] __main__: Запрашиваю vera_baikal (vera_baikal)
2026-08-31 15:37:02 [INFO] __main__: Сохранено 5 номеров для Отель Вера Байкал
2026-08-31 15:37:02 [INFO] __main__: Запрашиваю baykal_shale_guest_house (baykal_shale_guest_house)
2026-08-31 15:37:04 [INFO] __main__: Сохранено 4 номеров для Байкал Шале
2026-08-31 15:37:04 [INFO] __main__: Запрашиваю hotel_nuur_hotel (hotel_nuur_hotel)
2026-08-31 15:37:05 [INFO] __main__: Сохранено 6 номеров для Отель Nuur Hotel
2026-08-31 15:37:05 [INFO] __main__: Запрашиваю baykal_khan_listvyanka (baykal_khan_listvyanka)
2026-08-31 15:37:08 [INFO] __main__: Сохранено 4 номеров для Отель Байкал Хан п.Листвянка
2026-08-31 15:37:08 [INFO] __main__: Запрашиваю yakovlev_hotel (yakovlev_hotel)
2026-08-31 15:37:14 [INFO] __main__: Сохранено 4 номеров для Отель Яковлевъ
2026-08-31 15:37:14 [INFO] __main__: Запрашиваю otel_tsentral (otel_tsentral)
2026-08-31 15:37:18 [INFO] __main__: Сохранено 8 номеров для Отель Централь
2026-08-31 15:37:18 [INFO] __main__: Запрашиваю hotel_ochagof (hotel_ochagof)
2026-08-31 15:37:23 [INFO] __main__: Сохранено 2 номеров для Отель Очагоф
2026-08-31 15:37:23 [INFO] __main__: Запрашиваю kupechesky_dvor_hotel (kupechesky_dvor_hotel)
2026-08-31 15:37:25 [INFO] __main__: Сохранено 5 номеров для Отель Купеческий Дворъ
2026-08-31 15:37:25 [INFO] __main__: Запрашиваю baza_otdykha_gostiny_dvor_vdokhnovenie (baza_otdykha_gostiny_dvor_vdokhnovenie)
2026-08-31 15:37:25 [INFO] __main__: Сохранено 8 номеров для Отель Гостиный Двор Вдохновение
2026-08-31 15:37:25 [INFO] __main__: Запрашиваю empire_hotel_3 (empire_hotel_3)
2026-08-31 15:37:30 [INFO] __main__: Сохранено 11 номеров для Гостиница Империя
2026-08-31 15:37:30 [INFO] __main__: Запрашиваю larus (larus)
2026-08-31 15:37:31 [INFO] __main__: Сохранено 1 номеров для Отель Ларус
2026-08-31 15:37:31 [INFO] __main__: Запрашиваю gostevoy_dom_sunrise (gostevoy_dom_sunrise)
2026-08-31 15:37:34 [INFO] __main__: Сохранено 2 номеров для Sunrise
2026-08-31 15:37:34 [INFO] __main__: Запрашиваю mayak_hotel_listvyanka (mayak_hotel_listvyanka)
2026-08-31 15:37:34 [WARNING] __main__: Ошибка: 500
2026-08-31 15:37:34 [WARNING] __main__: Нет данных для mayak_hotel_listvyanka
2026-08-31 15:37:34 [INFO] __main__: Запрашиваю aristokrat_hotel (aristokrat_hotel)
2026-08-31 15:37:40 [INFO] __main__: Сохранено 5 номеров для Отель Аристократ
2026-08-31 15:37:40 [INFO] __main__: Запрашиваю guest_house_baykaliya (guest_house_baykaliya)
2026-08-31 15:37:41 [WARNING] __main__: Ошибка: 500
2026-08-31 15:37:41 [WARNING] __main__: Нет данных для guest_house_baykaliya
2026-08-31 15:37:41 [INFO] __main__: Запрашиваю archi_apt_apartments (archi_apt_apartments)
2026-08-31 15:37:42 [INFO] __main__: Сохранено 2 номеров для Отель Baikal Archi Apt
2026-08-31 15:37:42 [INFO] __main__: Запрашиваю hotel_flagman_olkhona (hotel_flagman_olkhona)
2026-08-31 15:37:47 [INFO] __main__: Сохранено 5 номеров для Отель Флагман Ольхона
2026-08-31 15:37:47 [INFO] __main__: Запрашиваю international_hotel_sayen (international_hotel_sayen)
2026-08-31 15:37:47 [INFO] __main__: Сохранено 7 номеров для SAYEN
2026-08-31 15:37:47 [INFO] __main__: Сохранено 213 номеров в /home/runner/work/ostrovok-parser/ostrovok-parser/daily/rooms/2026-08-31.csv
2026-08-31 15:37:47 [INFO] __main__: Парсинг завершён. Всего обработано 213 номеров.
2026-08-31 15:37:49 [WARNING] __main__: free_rooms_amount (28) > rooms_num (26) для hotel_anastasiya_2 — используем effective_rooms_num=28
2026-08-31 15:37:49 [WARNING] __main__: free_rooms_amount (56) > rooms_num (40) для history_boutiquehotel — используем effective_rooms_num=56
2026-08-31 15:37:49 [WARNING] __main__: free_rooms_amount (43) > rooms_num (27) для hotel_nikola_2 — используем effective_rooms_num=43
2026-08-31 15:37:49 [WARNING] __main__: free_rooms_amount (18) > rooms_num (15) для wind_lake_guest_house — используем effective_rooms_num=18
2026-08-31 15:37:49 [WARNING] __main__: free_rooms_amount (193) > rooms_num (162) для irkutsk — используем effective_rooms_num=193
2026-08-31 15:37:49 [WARNING] __main__: free_rooms_amount (40) > rooms_num (38) для vera_baikal — используем effective_rooms_num=40
2026-08-31 15:37:49 [WARNING] __main__: free_rooms_amount (15) > rooms_num (11) для baykal_shale_guest_house — используем effective_rooms_num=15
2026-08-31 15:37:49 [WARNING] __main__: free_rooms_amount (36) > rooms_num (28) для hotel_nuur_hotel — используем effective_rooms_num=36
2026-08-31 15:37:49 [WARNING] __main__: free_rooms_amount (14) > rooms_num (12) для aristokrat_hotel — используем effective_rooms_num=14
2026-08-31 15:37:49 [WARNING] __main__: free_rooms_amount (18) > rooms_num (15) для hotel_flagman_olkhona — используем effective_rooms_num=18
2026-08-31 15:37:49 [INFO] __main__: Статистика сохранена в /home/runner/work/ostrovok-parser/ostrovok-parser/daily/statistics/2026-08-31.csv
2026-08-31 15:37:49 [INFO] __main__: Обработано 40 отелей
