2026-06-29 12:20:55 [INFO] __main__: Режим CI: увеличенные таймауты и ожидание networkidle.
2026-06-29 12:20:55 [INFO] __main__: Запуск парсера отелей...
2026-06-29 12:20:55 [INFO] __main__: Даты бронирования: 30.06.2026 - 01.07.2026
2026-06-29 12:20:57 [INFO] __main__: --- Страница 1 ---
2026-06-29 12:21:03 [INFO] __main__: Перехвачено и извлечено 20 отелей. Всего: 20
2026-06-29 12:21:52 [INFO] __main__: Добавлено 20 отелей со страницы 1. Переход на следующую страницу...
2026-06-29 12:21:55 [INFO] __main__: --- Страница 2 ---
2026-06-29 12:22:53 [WARNING] __main__: На странице 2 отелей не получено. Конец списка.
2026-06-29 12:22:53 [INFO] __main__: === Всего собрано отелей со всех страниц: 20 ===
2026-06-29 12:23:08 [INFO] __main__: Сохранено 20 отелей в /home/runner/work/ostrovok-parser/ostrovok-parser/daily/hotels/2026-06-29.csv
2026-06-29 12:23:08 [INFO] __main__: Парсинг завершён. Всего обработано 20 отелей.
2026-06-29 12:23:08 [INFO] __main__: Каталог сохранён: 236 отелей → /home/runner/work/ostrovok-parser/ostrovok-parser/catalog/hotels.csv
2026-06-29 12:23:08 [INFO] __main__: Каталог обновлён: всего 236, новых 0
2026-06-29 12:23:10 [INFO] __main__: Даты бронирования: 30.06.2026 - 01.07.2026
2026-06-29 12:23:10 [INFO] __main__: Запуск браузера для получения куки...
2026-06-29 12:23:16 [INFO] __main__: Получено 50 куки
2026-06-29 12:23:16 [INFO] __main__: Запрашиваю irkutsk_city_center (irkutsk_city_center)
2026-06-29 12:23:17 [INFO] __main__: Сохранено 6 номеров для Отель Иркутск Сити Центр
2026-06-29 12:23:17 [INFO] __main__: Запрашиваю hotel_nikola_2 (hotel_nikola_2)
2026-06-29 12:23:20 [INFO] __main__: Сохранено 5 номеров для Отель Никола
2026-06-29 12:23:20 [INFO] __main__: Запрашиваю tajga_hotel (tajga_hotel)
2026-06-29 12:23:20 [INFO] __main__: Сохранено 6 номеров для Отель Тайга
2026-06-29 12:23:20 [INFO] __main__: Запрашиваю flagman_hotel_4 (flagman_hotel_4)
2026-06-29 12:23:21 [INFO] __main__: Сохранено 1 номеров для Отель Флагман
2026-06-29 12:23:21 [INFO] __main__: Запрашиваю mayak_hotel_listvyanka (mayak_hotel_listvyanka)
2026-06-29 12:23:21 [INFO] __main__: Сохранено 6 номеров для Отель Маяк
2026-06-29 12:23:21 [INFO] __main__: Запрашиваю otel_irkut (otel_irkut)
2026-06-29 12:23:22 [INFO] __main__: Сохранено 7 номеров для Отель Иркут
2026-06-29 12:23:22 [INFO] __main__: Запрашиваю lyuks_hotel_4 (lyuks_hotel_4)
2026-06-29 12:23:23 [INFO] __main__: Сохранено 3 номеров для Отель Люкс
2026-06-29 12:23:23 [INFO] __main__: Запрашиваю yakovlev_hotel (yakovlev_hotel)
2026-06-29 12:23:25 [INFO] __main__: Сохранено 2 номеров для Отель Яковлевъ
2026-06-29 12:23:25 [INFO] __main__: Запрашиваю archi_apt_apartments (archi_apt_apartments)
2026-06-29 12:23:25 [INFO] __main__: Сохранено 2 номеров для Отель Baikal Archi Apt
2026-06-29 12:23:25 [INFO] __main__: Запрашиваю klubnyij_kvartal_apartments (klubnyij_kvartal_apartments)
2026-06-29 12:23:26 [INFO] __main__: Сохранено 2 номеров для Клубный Квартал
2026-06-29 12:23:26 [INFO] __main__: Запрашиваю hotel_flagman_olkhona (hotel_flagman_olkhona)
2026-06-29 12:23:29 [INFO] __main__: Сохранено 2 номеров для Отель Флагман Ольхона
2026-06-29 12:23:29 [INFO] __main__: Запрашиваю dohodnyij_dom_listratvoj_butikhotel (dohodnyij_dom_listratvoj_butikhotel)
2026-06-29 12:23:30 [INFO] __main__: Сохранено 7 номеров для Отель Доходный дом Листратовой
2026-06-29 12:23:30 [INFO] __main__: Запрашиваю legend_of_baikal (legend_of_baikal)
2026-06-29 12:23:30 [INFO] __main__: Сохранено 6 номеров для Отель Легенда Байкала
2026-06-29 12:23:30 [INFO] __main__: Запрашиваю bajkal_hotel (bajkal_hotel)
2026-06-29 12:23:31 [INFO] __main__: Сохранено 5 номеров для Отель Байкал
2026-06-29 12:23:31 [INFO] __main__: Запрашиваю hotel_nuur_hotel (hotel_nuur_hotel)
2026-06-29 12:23:31 [INFO] __main__: Сохранено 4 номеров для Отель Nuur Hotel
2026-06-29 12:23:31 [INFO] __main__: Запрашиваю baykal_khan_hotel_olkhon (baykal_khan_hotel_olkhon)
2026-06-29 12:23:34 [INFO] __main__: Сохранено 4 номеров для Отель Байкал-Хан Ольхон
2026-06-29 12:23:34 [INFO] __main__: Запрашиваю victory_hotel_4 (victory_hotel_4)
2026-06-29 12:23:34 [INFO] __main__: Сохранено 3 номеров для Гостиница Виктория
2026-06-29 12:23:34 [INFO] __main__: Запрашиваю hotel_angara (hotel_angara)
2026-06-29 12:23:35 [INFO] __main__: Сохранено 7 номеров для Отель Ангара-Приоритет
2026-06-29 12:23:35 [INFO] __main__: Запрашиваю guest_house_baykal (guest_house_baykal)
2026-06-29 12:23:35 [INFO] __main__: Сохранено 2 номеров для В объятиях Байкала
2026-06-29 12:23:35 [INFO] __main__: Запрашиваю azimut_aeroport_irkutsk_hotel (azimut_aeroport_irkutsk_hotel)
2026-06-29 12:23:36 [INFO] __main__: Сохранено 5 номеров для AZIMUT Отель Аэропорт Иркутск 4*
2026-06-29 12:23:36 [INFO] __main__: Сохранено 85 номеров в /home/runner/work/ostrovok-parser/ostrovok-parser/daily/rooms/2026-06-29.csv
2026-06-29 12:23:36 [INFO] __main__: Парсинг завершён. Всего обработано 85 номеров.
2026-06-29 12:23:38 [INFO] __main__: Статистика сохранена в /home/runner/work/ostrovok-parser/ostrovok-parser/daily/statistics/2026-06-29.csv
2026-06-29 12:23:38 [INFO] __main__: Обработано 20 отелей
