2026-09-28 16:08:30 [INFO] __main__: Режим CI: увеличенные таймауты и ожидание networkidle.
2026-09-28 16:08:30 [INFO] __main__: Запуск парсера отелей...
2026-09-28 16:08:30 [INFO] __main__: Даты бронирования: 30.09.2026 - 01.10.2026
2026-09-28 16:08:31 [INFO] __main__: --- Страница 1 ---
2026-09-28 16:08:36 [INFO] __main__: Перехвачено и извлечено 20 отелей. Всего: 20
2026-09-28 16:09:03 [INFO] __main__: Добавлено 20 отелей со страницы 1. Переход на следующую страницу...
2026-09-28 16:09:06 [INFO] __main__: --- Страница 2 ---
2026-09-28 16:09:08 [INFO] __main__: Перехвачено и извлечено 20 отелей. Всего: 40
2026-09-28 16:09:12 [INFO] __main__: Добавлено 20 отелей со страницы 2. Переход на следующую страницу...
2026-09-28 16:09:14 [INFO] __main__: --- Страница 3 ---
2026-09-28 16:09:17 [INFO] __main__: Перехвачено и извлечено 20 отелей. Всего: 60
2026-09-28 16:09:21 [INFO] __main__: Добавлено 20 отелей со страницы 3. Переход на следующую страницу...
2026-09-28 16:09:23 [INFO] __main__: --- Страница 4 ---
2026-09-28 16:09:26 [INFO] __main__: Перехвачено и извлечено 20 отелей. Всего: 80
2026-09-28 16:09:32 [INFO] __main__: Добавлено 20 отелей со страницы 4. Переход на следующую страницу...
2026-09-28 16:09:34 [INFO] __main__: --- Страница 5 ---
2026-09-28 16:09:37 [INFO] __main__: Перехвачено и извлечено 20 отелей. Всего: 100
2026-09-28 16:09:41 [INFO] __main__: Добавлено 20 отелей со страницы 5. Переход на следующую страницу...
2026-09-28 16:09:43 [INFO] __main__: --- Страница 6 ---
2026-09-28 16:09:46 [INFO] __main__: Перехвачено и извлечено 20 отелей. Всего: 120
2026-09-28 16:09:50 [INFO] __main__: Добавлено 20 отелей со страницы 6. Переход на следующую страницу...
2026-09-28 16:09:52 [INFO] __main__: --- Страница 7 ---
2026-09-28 16:09:54 [INFO] __main__: Перехвачено и извлечено 20 отелей. Всего: 140
2026-09-28 16:09:59 [INFO] __main__: Добавлено 20 отелей со страницы 7. Переход на следующую страницу...
2026-09-28 16:10:01 [INFO] __main__: --- Страница 8 ---
2026-09-28 16:10:04 [INFO] __main__: Перехвачено и извлечено 20 отелей. Всего: 160
2026-09-28 16:10:07 [INFO] __main__: Добавлено 20 отелей со страницы 8. Переход на следующую страницу...
2026-09-28 16:10:10 [INFO] __main__: --- Страница 9 ---
2026-09-28 16:10:13 [INFO] __main__: Перехвачено и извлечено 20 отелей. Всего: 180
2026-09-28 16:10:16 [INFO] __main__: Добавлено 20 отелей со страницы 9. Переход на следующую страницу...
2026-09-28 16:10:19 [INFO] __main__: --- Страница 10 ---
2026-09-28 16:10:22 [INFO] __main__: Перехвачено и извлечено 8 отелей. Всего: 188
2026-09-28 16:10:26 [INFO] __main__: Добавлено 8 отелей со страницы 10. Переход на следующую страницу...
2026-09-28 16:10:28 [INFO] __main__: --- Страница 11 ---
2026-09-28 16:11:19 [WARNING] __main__: На странице 11 отелей не получено. Конец списка.
2026-09-28 16:11:19 [INFO] __main__: === Всего собрано отелей со всех страниц: 188 ===
2026-09-28 16:11:34 [INFO] __main__: Сохранено 188 отелей в /home/runner/work/ostrovok-parser/ostrovok-parser/daily/hotels/2026-09-29.csv
2026-09-28 16:11:34 [INFO] __main__: Парсинг завершён. Всего обработано 188 отелей.
2026-09-28 16:11:34 [INFO] __main__: Каталог сохранён: 286 отелей → /home/runner/work/ostrovok-parser/ostrovok-parser/catalog/hotels.csv
2026-09-28 16:11:34 [INFO] __main__: Каталог обновлён: всего 286, новых 0
2026-09-28 16:11:37 [INFO] __main__: Даты бронирования: 30.09.2026 - 01.10.2026
2026-09-28 16:11:37 [INFO] __main__: Запуск браузера для получения куки...
2026-09-28 16:11:46 [INFO] __main__: Получено 54 куки
2026-09-28 16:11:46 [INFO] __main__: Запрашиваю evropa_hotel (evropa_hotel)
2026-09-28 16:11:47 [INFO] __main__: Сохранено 7 номеров для Отель Европа
2026-09-28 16:11:47 [INFO] __main__: Запрашиваю dohodnyij_dom_listratvoj_butikhotel (dohodnyij_dom_listratvoj_butikhotel)
2026-09-28 16:11:47 [INFO] __main__: Сохранено 7 номеров для Отель Доходный дом Листратовой
2026-09-28 16:11:47 [INFO] __main__: Запрашиваю mini_hotel_baikal (mini_hotel_baikal)
2026-09-28 16:11:48 [INFO] __main__: Сохранено 1 номеров для Отель Байкал терра
2026-09-28 16:11:48 [INFO] __main__: Запрашиваю vera_baikal (vera_baikal)
2026-09-28 16:11:48 [INFO] __main__: Сохранено 6 номеров для Отель Вера Байкал
2026-09-28 16:11:48 [INFO] __main__: Запрашиваю bolshoe_puteshestvie_hotel (bolshoe_puteshestvie_hotel)
2026-09-28 16:11:51 [INFO] __main__: Сохранено 7 номеров для Кемпинг Отель Ольхон
2026-09-28 16:11:51 [INFO] __main__: Запрашиваю hotel_olkhonhill (hotel_olkhonhill)
2026-09-28 16:11:52 [INFO] __main__: Сохранено 2 номеров для Отель Olkhon-hill
2026-09-28 16:11:52 [INFO] __main__: Запрашиваю grand_baikal (grand_baikal)
2026-09-28 16:11:53 [INFO] __main__: Сохранено 4 номеров для Отель Гранд Байкал
2026-09-28 16:11:53 [INFO] __main__: Запрашиваю larus (larus)
2026-09-28 16:11:54 [INFO] __main__: Сохранено 1 номеров для Отель Ларус
2026-09-28 16:11:54 [INFO] __main__: Запрашиваю gostevoj_dom_otdyih_na_bajkale (gostevoj_dom_otdyih_na_bajkale)
2026-09-28 16:11:55 [INFO] __main__: Сохранено 6 номеров для Отель Отдых на Байкале
2026-09-28 16:11:55 [INFO] __main__: Запрашиваю hotel_nikola_2 (hotel_nikola_2)
2026-09-28 16:12:00 [INFO] __main__: Сохранено 8 номеров для Отель Никола
2026-09-28 16:12:00 [INFO] __main__: Запрашиваю rus_hotel_irkutsk (rus_hotel_irkutsk)
2026-09-28 16:12:04 [INFO] __main__: Сохранено 6 номеров для Гостиничный Комплекс Русь
2026-09-28 16:12:04 [INFO] __main__: Запрашиваю tajga_hotel (tajga_hotel)
2026-09-28 16:12:05 [INFO] __main__: Сохранено 3 номеров для Отель Тайга
2026-09-28 16:12:05 [INFO] __main__: Запрашиваю gostevoy_dom_sunrise (gostevoy_dom_sunrise)
2026-09-28 16:12:08 [INFO] __main__: Сохранено 2 номеров для Sunrise
2026-09-28 16:12:08 [INFO] __main__: Запрашиваю hotel_angara (hotel_angara)
2026-09-28 16:12:09 [INFO] __main__: Сохранено 7 номеров для Отель Ангара-Приоритет
2026-09-28 16:12:09 [INFO] __main__: Запрашиваю ibis_irkutsk_center (ibis_irkutsk_center)
2026-09-28 16:12:10 [INFO] __main__: Сохранено 4 номеров для Отель Ибис Иркутск Центр
2026-09-28 16:12:10 [INFO] __main__: Запрашиваю klubnyij_kvartal_apartments (klubnyij_kvartal_apartments)
2026-09-28 16:12:11 [INFO] __main__: Сохранено 3 номеров для Клубный Квартал
2026-09-28 16:12:11 [INFO] __main__: Запрашиваю hotel_flagman_olkhona (hotel_flagman_olkhona)
2026-09-28 16:12:15 [INFO] __main__: Сохранено 5 номеров для Отель Флагман Ольхона
2026-09-28 16:12:15 [INFO] __main__: Запрашиваю hotel_premium_hotel_pushkin (hotel_premium_hotel_pushkin)
2026-09-28 16:12:16 [INFO] __main__: Сохранено 6 номеров для Премиум-отель Пушкин
2026-09-28 16:12:16 [INFO] __main__: Запрашиваю otel_irkut (otel_irkut)
2026-09-28 16:12:17 [INFO] __main__: Сохранено 6 номеров для Отель Иркут
2026-09-28 16:12:17 [INFO] __main__: Запрашиваю archi_apt_apartments (archi_apt_apartments)
2026-09-28 16:12:17 [INFO] __main__: Сохранено 2 номеров для Отель Baikal Archi Apt
2026-09-28 16:12:17 [INFO] __main__: Запрашиваю otel_tsentral (otel_tsentral)
2026-09-28 16:12:20 [INFO] __main__: Сохранено 7 номеров для Отель Централь
2026-09-28 16:12:20 [INFO] __main__: Запрашиваю best_eastern_hotel_zvezda (best_eastern_hotel_zvezda)
2026-09-28 16:12:25 [INFO] __main__: Сохранено 2 номеров для Отель Звезда
2026-09-28 16:12:25 [INFO] __main__: Запрашиваю empire_hotel_3 (empire_hotel_3)
2026-09-28 16:12:25 [INFO] __main__: Сохранено 11 номеров для Гостиница Империя
2026-09-28 16:12:25 [INFO] __main__: Запрашиваю baykal_khan_listvyanka (baykal_khan_listvyanka)
2026-09-28 16:12:26 [INFO] __main__: Сохранено 5 номеров для Отель Байкал Хан п.Листвянка
2026-09-28 16:12:26 [INFO] __main__: Запрашиваю hotel_harats_inn (hotel_harats_inn)
2026-09-28 16:12:27 [INFO] __main__: Сохранено 4 номеров для Отель Harat's inn
2026-09-28 16:12:27 [INFO] __main__: Запрашиваю burduguz_hotel_2 (burduguz_hotel_2)
2026-09-28 16:12:27 [INFO] __main__: Сохранено 7 номеров для Парк-Отель Бурдугуз
2026-09-28 16:12:27 [INFO] __main__: Запрашиваю podlemorie_hotel (podlemorie_hotel)
2026-09-28 16:12:29 [INFO] __main__: Сохранено 3 номеров для Отель Подлеморье
2026-09-28 16:12:29 [INFO] __main__: Запрашиваю yakovlev_hotel (yakovlev_hotel)
2026-09-28 16:12:33 [INFO] __main__: Сохранено 3 номеров для Отель Яковлевъ
2026-09-28 16:12:33 [INFO] __main__: Запрашиваю glempingotel_yolki_recreation_camp (glempingotel_yolki_recreation_camp)
2026-09-28 16:12:34 [INFO] __main__: Сохранено 2 номеров для Аян
2026-09-28 16:12:34 [INFO] __main__: Запрашиваю guest_house_vremena_goda (guest_house_vremena_goda)
2026-09-28 16:12:34 [INFO] __main__: Сохранено 4 номеров для Времена Года
2026-09-28 16:12:34 [INFO] __main__: Запрашиваю vozdushnaya_gavan (vozdushnaya_gavan)
2026-09-28 16:12:39 [INFO] __main__: Сохранено 1 номеров для Отель Воздушная Гавань
2026-09-28 16:12:39 [INFO] __main__: Запрашиваю inn_oasis_2 (inn_oasis_2)
2026-09-28 16:12:42 [INFO] __main__: Сохранено 4 номеров для База отдыха Оазис
2026-09-28 16:12:42 [INFO] __main__: Запрашиваю eko_baikalwood_hotel (eko_baikalwood_hotel)
2026-09-28 16:12:43 [INFO] __main__: Сохранено 10 номеров для Отель Белая Чайка
2026-09-28 16:12:43 [INFO] __main__: Запрашиваю kupechesky_dvor_hotel (kupechesky_dvor_hotel)
2026-09-28 16:12:44 [INFO] __main__: Сохранено 6 номеров для Отель Купеческий Дворъ
2026-09-28 16:12:44 [INFO] __main__: Запрашиваю hotel_arakhis (hotel_arakhis)
2026-09-28 16:12:44 [INFO] __main__: Сохранено 3 номеров для Отель Арахис
2026-09-28 16:12:44 [INFO] __main__: Запрашиваю the_sky_of_lake_baikal (the_sky_of_lake_baikal)
2026-09-28 16:12:46 [INFO] __main__: Сохранено 6 номеров для Небо Байкала
2026-09-28 16:12:46 [INFO] __main__: Запрашиваю history_boutiquehotel (history_boutiquehotel)
2026-09-28 16:12:47 [INFO] __main__: Сохранено 8 номеров для Отель HISTORY Бутик-отель и СПА
2026-09-28 16:12:47 [INFO] __main__: Запрашиваю hotel_khotej (hotel_khotej)
2026-09-28 16:12:47 [INFO] __main__: Сохранено 2 номеров для Отель Хотэй
2026-09-28 16:12:47 [INFO] __main__: Запрашиваю inn_business_hall (inn_business_hall)
2026-09-28 16:12:48 [INFO] __main__: Сохранено 5 номеров для Отель Business Hall
2026-09-28 16:12:48 [INFO] __main__: Запрашиваю lyuks_hotel_4 (lyuks_hotel_4)
2026-09-28 16:12:51 [INFO] __main__: Сохранено 3 номеров для Отель Люкс
2026-09-28 16:12:51 [INFO] __main__: Запрашиваю gostinitsa_solntse (gostinitsa_solntse)
2026-09-28 16:12:55 [INFO] __main__: Сохранено 7 номеров для Гостиница Солнце
2026-09-28 16:12:55 [INFO] __main__: Запрашиваю angara_hotel (angara_hotel)
2026-09-28 16:12:56 [INFO] __main__: Сохранено 7 номеров для Ангара Отель
2026-09-28 16:12:56 [INFO] __main__: Запрашиваю matreshka_hotel (matreshka_hotel)
2026-09-28 16:13:00 [INFO] __main__: Сохранено 10 номеров для Отель Матрешка
2026-09-28 16:13:00 [INFO] __main__: Запрашиваю baykal_guest_house_3 (baykal_guest_house_3)
2026-09-28 16:13:01 [INFO] __main__: Сохранено 6 номеров для Меблированные комнаты Байкал
2026-09-28 16:13:01 [INFO] __main__: Запрашиваю victory_hotel_4 (victory_hotel_4)
2026-09-28 16:13:01 [INFO] __main__: Сохранено 2 номеров для Гостиница Виктория
2026-09-28 16:13:01 [INFO] __main__: Запрашиваю bajkal_hotel (bajkal_hotel)
2026-09-28 16:13:02 [INFO] __main__: Сохранено 5 номеров для Отель Байкал
2026-09-28 16:13:02 [INFO] __main__: Запрашиваю malinovka_3 (malinovka_3)
2026-09-28 16:13:05 [INFO] __main__: Сохранено 7 номеров для Малиновка
2026-09-28 16:13:05 [INFO] __main__: Запрашиваю baza_otdykha_gostiny_dvor_vdokhnovenie (baza_otdykha_gostiny_dvor_vdokhnovenie)
2026-09-28 16:13:05 [INFO] __main__: Сохранено 8 номеров для Отель Гостиный Двор Вдохновение
2026-09-28 16:13:05 [INFO] __main__: Запрашиваю atlas_hotel_3 (atlas_hotel_3)
2026-09-28 16:13:06 [INFO] __main__: Сохранено 5 номеров для Гостиница Атлас
2026-09-28 16:13:06 [INFO] __main__: Запрашиваю uda_2 (uda_2)
2026-09-28 16:13:10 [INFO] __main__: Сохранено 6 номеров для Отель УДА
2026-09-28 16:13:10 [INFO] __main__: Запрашиваю bajkal_severnoe_more_hotel (bajkal_severnoe_more_hotel)
2026-09-28 16:13:16 [INFO] __main__: Сохранено 8 номеров для Отель Байкал - Северное Море
2026-09-28 16:13:16 [INFO] __main__: Запрашиваю baikal_forest_hotel (baikal_forest_hotel)
2026-09-28 16:13:20 [INFO] __main__: Сохранено 12 номеров для Отель Форест
2026-09-28 16:13:20 [INFO] __main__: Запрашиваю gostinitsa_ustilim (gostinitsa_ustilim)
2026-09-28 16:13:24 [INFO] __main__: Сохранено 5 номеров для Усть-Илим
2026-09-28 16:13:24 [INFO] __main__: Запрашиваю city_park_hotel_13 (city_park_hotel_13)
2026-09-28 16:13:24 [INFO] __main__: Сохранено 5 номеров для Меблированные комнаты City Park
2026-09-28 16:13:24 [INFO] __main__: Запрашиваю mayak_hotel_listvyanka (mayak_hotel_listvyanka)
2026-09-28 16:13:25 [INFO] __main__: Сохранено 12 номеров для Отель Маяк
2026-09-28 16:13:25 [INFO] __main__: Запрашиваю minihotel_albatros (minihotel_albatros)
2026-09-28 16:13:30 [INFO] __main__: Сохранено 4 номеров для Гостиница Альбатрос
2026-09-28 16:13:30 [INFO] __main__: Запрашиваю legend_of_baikal (legend_of_baikal)
2026-09-28 16:13:30 [INFO] __main__: Сохранено 6 номеров для Отель Легенда Байкала
2026-09-28 16:13:30 [INFO] __main__: Запрашиваю magas (magas)
2026-09-28 16:13:31 [INFO] __main__: Сохранено 6 номеров для Отель на Перроне
2026-09-28 16:13:31 [INFO] __main__: Запрашиваю international_hotel_sayen (international_hotel_sayen)
2026-09-28 16:13:32 [INFO] __main__: Сохранено 6 номеров для SAYEN
2026-09-28 16:13:32 [INFO] __main__: Запрашиваю baikal_view_hotel (baikal_view_hotel)
2026-09-28 16:13:33 [INFO] __main__: Сохранено 7 номеров для Baikal View Hotel
2026-09-28 16:13:33 [INFO] __main__: Запрашиваю mini_hotel_vizit (mini_hotel_vizit)
2026-09-28 16:13:33 [INFO] __main__: Сохранено 2 номеров для Гостиница Визит
2026-09-28 16:13:33 [INFO] __main__: Запрашиваю alpari (alpari)
2026-09-28 16:13:38 [INFO] __main__: Сохранено 3 номеров для Гостиница Альпари
2026-09-28 16:13:38 [INFO] __main__: Запрашиваю hotel_anastasiya_2 (hotel_anastasiya_2)
2026-09-28 16:13:38 [INFO] __main__: Сохранено 11 номеров для Отель ГК Анастасия
2026-09-28 16:13:38 [INFO] __main__: Запрашиваю lazurny_bereg_hotel_ (lazurny_bereg_hotel_)
2026-09-28 16:13:39 [INFO] __main__: Сохранено 3 номеров для Гостиница Лазурный берег
2026-09-28 16:13:39 [INFO] __main__: Запрашиваю hotel_soyuz_2 (hotel_soyuz_2)
2026-09-28 16:13:40 [INFO] __main__: Сохранено 8 номеров для Жилое помещение Союз
2026-09-28 16:13:40 [INFO] __main__: Запрашиваю flagman_hotel_4 (flagman_hotel_4)
2026-09-28 16:13:41 [INFO] __main__: Сохранено 2 номеров для Отель Флагман
2026-09-28 16:13:41 [INFO] __main__: Запрашиваю magnetit (magnetit)
2026-09-28 16:13:42 [INFO] __main__: Сохранено 6 номеров для Отель Магнетит
2026-09-28 16:13:42 [INFO] __main__: Запрашиваю smart_hotel_kdo_irkutsk_hotel (smart_hotel_kdo_irkutsk_hotel)
2026-09-28 16:13:43 [INFO] __main__: Сохранено 3 номеров для Отель Smart Hotel Иркутск
2026-09-28 16:13:43 [INFO] __main__: Запрашиваю bely_bereg (bely_bereg)
2026-09-28 16:13:43 [INFO] __main__: Сохранено 3 номеров для Отель Белый берег
2026-09-28 16:13:43 [INFO] __main__: Запрашиваю aerobratsk (aerobratsk)
2026-09-28 16:13:44 [INFO] __main__: Сохранено 2 номеров для Отель Аэропорт Братск
2026-09-28 16:13:44 [INFO] __main__: Запрашиваю na_ulitse_pavlova_28_apartments (na_ulitse_pavlova_28_apartments)
2026-09-28 16:13:44 [INFO] __main__: Сохранено 1 номеров для На улице Павлова 28
2026-09-28 16:13:44 [INFO] __main__: Запрашиваю dream_of_baikal_hotel (dream_of_baikal_hotel)
2026-09-28 16:13:47 [INFO] __main__: Сохранено 5 номеров для Отель Dream of Baikal
2026-09-28 16:13:47 [INFO] __main__: Запрашиваю tochka_baykala_hotel (tochka_baykala_hotel)
2026-09-28 16:13:47 [INFO] __main__: Сохранено 2 номеров для Отель Точка Байкала
2026-09-28 16:13:47 [INFO] __main__: Запрашиваю hotel_u_ruchyya (hotel_u_ruchyya)
2026-09-28 16:13:48 [INFO] __main__: Сохранено 3 номеров для Отель У ручья
2026-09-28 16:13:48 [INFO] __main__: Запрашиваю momant_house_recreation_camp (momant_house_recreation_camp)
2026-09-28 16:13:48 [INFO] __main__: Сохранено 2 номеров для Momant house
2026-09-28 16:13:48 [INFO] __main__: Запрашиваю riderside (riderside)
2026-09-28 16:13:53 [INFO] __main__: Сохранено 4 номеров для Гостиница Riverside
2026-09-28 16:13:53 [INFO] __main__: Запрашиваю olkhonstory_guest_house (olkhonstory_guest_house)
2026-09-28 16:13:56 [INFO] __main__: Сохранено 2 номеров для История Ольхона
2026-09-28 16:13:56 [INFO] __main__: Запрашиваю miniotel_good_hotel (miniotel_good_hotel)
2026-09-28 16:13:57 [INFO] __main__: Сохранено 2 номеров для Мини-Отель Good Hotel
2026-09-28 16:13:57 [INFO] __main__: Запрашиваю legendy_baykala (legendy_baykala)
2026-09-28 16:13:57 [INFO] __main__: Сохранено 5 номеров для Гостиница Легенды Байкала
2026-09-28 16:13:57 [INFO] __main__: Запрашиваю baykal_khan_hotel_olkhon (baykal_khan_hotel_olkhon)
2026-09-28 16:14:00 [INFO] __main__: Сохранено 4 номеров для Отель Байкал-Хан Ольхон
2026-09-28 16:14:00 [INFO] __main__: Запрашиваю hotel_pushkin_2 (hotel_pushkin_2)
2026-09-28 16:14:05 [INFO] __main__: Сохранено 2 номеров для Отель ПушкинЪ
2026-09-28 16:14:05 [INFO] __main__: Запрашиваю flagman_hotel (flagman_hotel)
2026-09-28 16:14:05 [INFO] __main__: Сохранено 4 номеров для Отель Флагман
2026-09-28 16:14:05 [INFO] __main__: Запрашиваю azatai_park_hotel (azatai_park_hotel)
2026-09-28 16:14:06 [INFO] __main__: Сохранено 5 номеров для Парк-отель "Азатай"
2026-09-28 16:14:06 [INFO] __main__: Запрашиваю hotel_kurshavel_ (hotel_kurshavel_)
2026-09-28 16:14:07 [INFO] __main__: Сохранено 5 номеров для Отель Куршавель
2026-09-28 16:14:07 [INFO] __main__: Запрашиваю green_hotel_ (green_hotel_)
2026-09-28 16:14:12 [INFO] __main__: Сохранено 6 номеров для Грин Отель
2026-09-28 16:14:12 [INFO] __main__: Запрашиваю parus_18 (parus_18)
2026-09-28 16:14:15 [INFO] __main__: Сохранено 5 номеров для Курортный отель Парус
2026-09-28 16:14:15 [INFO] __main__: Запрашиваю hotel_kosmos_5 (hotel_kosmos_5)
2026-09-28 16:14:15 [INFO] __main__: Сохранено 4 номеров для Отель Космос
2026-09-28 16:14:15 [INFO] __main__: Запрашиваю apartments_viking_khaus (apartments_viking_khaus)
2026-09-28 16:14:15 [INFO] __main__: Сохранено 2 номеров для Викинг Хаус
2026-09-28 16:14:15 [INFO] __main__: Запрашиваю bajkalskie_sezonyi (bajkalskie_sezonyi)
2026-09-28 16:14:18 [INFO] __main__: Сохранено 6 номеров для Отель Парк Байкальские сезоны
2026-09-28 16:14:18 [INFO] __main__: Запрашиваю luna_hotel_9 (luna_hotel_9)
2026-09-28 16:14:18 [INFO] __main__: Сохранено 4 номеров для Отель Луна
2026-09-28 16:14:18 [INFO] __main__: Запрашиваю aristokrat_hotel (aristokrat_hotel)
2026-09-28 16:14:20 [INFO] __main__: Сохранено 5 номеров для Отель Аристократ
2026-09-28 16:14:20 [INFO] __main__: Запрашиваю baykkalina_guest_house (baykkalina_guest_house)
2026-09-28 16:14:22 [INFO] __main__: Сохранено 3 номеров для БайкКалина
2026-09-28 16:14:22 [INFO] __main__: Запрашиваю baza_otdykha_akvamarin (baza_otdykha_akvamarin)
2026-09-28 16:14:23 [INFO] __main__: Сохранено 6 номеров для Аквамарин
2026-09-28 16:14:23 [INFO] __main__: Запрашиваю taiga_2 (taiga_2)
2026-09-28 16:14:28 [INFO] __main__: Сохранено 4 номеров для Отель Тайга
2026-09-28 16:14:28 [INFO] __main__: Запрашиваю lenatour (lenatour)
2026-09-28 16:14:29 [INFO] __main__: Сохранено 3 номеров для Отель  Ленатур
2026-09-28 16:14:29 [INFO] __main__: Запрашиваю camping_yelochka_kempinghotel (camping_yelochka_kempinghotel)
2026-09-28 16:14:30 [INFO] __main__: Сохранено 5 номеров для Отель Елочка
2026-09-28 16:14:30 [INFO] __main__: Запрашиваю gostevoy_dom_holiday_park_on_olkhon (gostevoy_dom_holiday_park_on_olkhon)
2026-09-28 16:14:33 [INFO] __main__: Сохранено 2 номеров для Holiday park on Olkhon
2026-09-28 16:14:33 [INFO] __main__: Запрашиваю hotel_aziyayevropa (hotel_aziyayevropa)
2026-09-28 16:14:37 [INFO] __main__: Сохранено 4 номеров для Отель Азия-Европа
2026-09-28 16:14:37 [INFO] __main__: Запрашиваю minihotel_panda (minihotel_panda)
2026-09-28 16:14:38 [INFO] __main__: Сохранено 1 номеров для Отель ДиаДэй
2026-09-28 16:14:38 [INFO] __main__: Запрашиваю marx_hotel (marx_hotel)
2026-09-28 16:14:38 [INFO] __main__: Сохранено 2 номеров для Отель Маркс
2026-09-28 16:14:38 [INFO] __main__: Запрашиваю hotel_gostinitsa_avtovokzal (hotel_gostinitsa_avtovokzal)
2026-09-28 16:14:39 [INFO] __main__: Сохранено 3 номеров для Отель Автовокзал
2026-09-28 16:14:39 [INFO] __main__: Запрашиваю mir_baykala_hotel (mir_baykala_hotel)
2026-09-28 16:14:40 [INFO] __main__: Сохранено 4 номеров для Отель Мир Байкала
2026-09-28 16:14:40 [INFO] __main__: Запрашиваю lada_8 (lada_8)
2026-09-28 16:14:41 [INFO] __main__: Сохранено 7 номеров для Отель Гостиница ЛАДА
2026-09-28 16:14:41 [INFO] __main__: Запрашиваю u_lukomorya_4 (u_lukomorya_4)
2026-09-28 16:14:43 [INFO] __main__: Сохранено 2 номеров для У Лукоморья
2026-09-28 16:14:43 [INFO] __main__: Запрашиваю hotelclub_ice (hotelclub_ice)
2026-09-28 16:14:46 [INFO] __main__: Сохранено 1 номеров для Отель Сибирская резиденция Лёд Байкала
2026-09-28 16:14:46 [INFO] __main__: Запрашиваю hotel_yubileinaya__2 (hotel_yubileinaya__2)
2026-09-28 16:14:50 [INFO] __main__: Сохранено 3 номеров для Гостиница Юбилейная
2026-09-28 16:14:50 [INFO] __main__: Запрашиваю guesthouse_dudeevukh (guesthouse_dudeevukh)
2026-09-28 16:14:53 [INFO] __main__: Сохранено 2 номеров для Меблированные комнаты Дудеевых
2026-09-28 16:14:53 [INFO] __main__: Запрашиваю armat_hotel (armat_hotel)
2026-09-28 16:14:53 [INFO] __main__: Сохранено 8 номеров для Отель Армат
2026-09-28 16:14:53 [INFO] __main__: Запрашиваю guest_house_baykaliya (guest_house_baykaliya)
2026-09-28 16:14:54 [INFO] __main__: Сохранено 2 номеров для Байкалия
2026-09-28 16:14:54 [INFO] __main__: Запрашиваю trakstop_38_2 (trakstop_38_2)
2026-09-28 16:14:55 [INFO] __main__: Сохранено 2 номеров для Тракстоп 38
2026-09-28 16:14:55 [INFO] __main__: Запрашиваю tri_kita_2 (tri_kita_2)
2026-09-28 16:14:56 [INFO] __main__: Сохранено 6 номеров для Отель Три Кита
2026-09-28 16:14:56 [INFO] __main__: Запрашиваю dom_baykal_guest_house (dom_baykal_guest_house)
2026-09-28 16:14:57 [INFO] __main__: Сохранено 4 номеров для Меблированные комнаты Дом Байкал
2026-09-28 16:14:57 [INFO] __main__: Запрашиваю meridian_7 (meridian_7)
2026-09-28 16:15:02 [INFO] __main__: Сохранено 5 номеров для Отель Меридиан
2026-09-28 16:15:02 [INFO] __main__: Запрашиваю gostinitsa_undina (gostinitsa_undina)
2026-09-28 16:15:04 [INFO] __main__: Сохранено 5 номеров для Отель Ундина
2026-09-28 16:15:04 [INFO] __main__: Запрашиваю modul (modul)
2026-09-28 16:15:09 [INFO] __main__: Сохранено 5 номеров для Гостиница Комфорт
2026-09-28 16:15:09 [INFO] __main__: Запрашиваю arena_g_irkutsk (arena_g_irkutsk)
2026-09-28 16:15:11 [INFO] __main__: Сохранено 3 номеров для Отель Арена Иркутск
2026-09-28 16:15:11 [INFO] __main__: Запрашиваю mihail_strogov (mihail_strogov)
2026-09-28 16:15:16 [INFO] __main__: Сохранено 3 номеров для Отель Михаил Строгов
2026-09-28 16:15:16 [INFO] __main__: Запрашиваю hotel_rodina_grand_hotel_spa_irkutsk_5 (hotel_rodina_grand_hotel_spa_irkutsk_5)
2026-09-28 16:15:16 [INFO] __main__: Сохранено 12 номеров для Отель RODINA Grand Hotel & SPA Irkutsk 5*
2026-09-28 16:15:16 [INFO] __main__: Запрашиваю gostevoy_dom_chilla_villa_baikal (gostevoy_dom_chilla_villa_baikal)
2026-09-28 16:15:19 [INFO] __main__: Сохранено 2 номеров для Гостевой дом Chilla_villa_baikal
2026-09-28 16:15:19 [INFO] __main__: Запрашиваю solnechny_guest_house_7 (solnechny_guest_house_7)
2026-09-28 16:15:19 [INFO] __main__: Сохранено 1 номеров для Cолнечный
2026-09-28 16:15:19 [INFO] __main__: Запрашиваю living_quarters_uyutnye_dlya_dvoikh (living_quarters_uyutnye_dlya_dvoikh)
2026-09-28 16:15:20 [INFO] __main__: Сохранено 1 номеров для Меблированные комнаты Уютные для Двоих
2026-09-28 16:15:20 [INFO] __main__: Запрашиваю vostochnaia (vostochnaia)
2026-09-28 16:15:20 [INFO] __main__: Сохранено 6 номеров для Гостиница Восточная
2026-09-28 16:15:20 [INFO] __main__: Запрашиваю yupiter (yupiter)
2026-09-28 16:15:21 [INFO] __main__: Сохранено 2 номеров для Юпитер
2026-09-28 16:15:21 [INFO] __main__: Запрашиваю svetly_aparthotel (svetly_aparthotel)
2026-09-28 16:15:22 [INFO] __main__: Сохранено 2 номеров для Отель Светлый
2026-09-28 16:15:22 [INFO] __main__: Запрашиваю kheyvitsa_guest_house (kheyvitsa_guest_house)
2026-09-28 16:15:27 [INFO] __main__: Сохранено 2 номеров для Отель Гостевой Дом Хейвица
2026-09-28 16:15:27 [INFO] __main__: Запрашиваю irkutsk_city_lodge (irkutsk_city_lodge)
2026-09-28 16:15:27 [INFO] __main__: Сохранено 4 номеров для Отель Иркутск Сити Лодж
2026-09-28 16:15:27 [INFO] __main__: Запрашиваю less_guest_house (less_guest_house)
2026-09-28 16:15:28 [INFO] __main__: Сохранено 3 номеров для Меблированные комнаты Лесс
2026-09-28 16:15:28 [INFO] __main__: Запрашиваю ozerny_tulun_sports_complex_na_karbysheva_185_apartment (ozerny_tulun_sports_complex_na_karbysheva_185_apartment)
2026-09-28 16:15:28 [INFO] __main__: Сохранено 1 номеров для Спорткомплекс Озерный Тулун на Карбышева 185
2026-09-28 16:15:28 [INFO] __main__: Запрашиваю amurskiy (amurskiy)
2026-09-28 16:15:28 [INFO] __main__: Сохранено 5 номеров для Отель Амурский
2026-09-28 16:15:28 [INFO] __main__: Запрашиваю nochleg_i_zavtrak_bb_shambala (nochleg_i_zavtrak_bb_shambala)
2026-09-28 16:15:29 [INFO] __main__: Сохранено 1 номеров для Загородный отель Шамбала
2026-09-28 16:15:29 [INFO] __main__: Запрашиваю v_samom_tsentre_irkutska_minihotel (v_samom_tsentre_irkutska_minihotel)
2026-09-28 16:15:29 [INFO] __main__: Сохранено 1 номеров для Отель В Сердце Иркутска
2026-09-28 16:15:29 [INFO] __main__: Запрашиваю artrezidentsiya_port_olhon (artrezidentsiya_port_olhon)
2026-09-28 16:15:30 [INFO] __main__: Сохранено 7 номеров для Арт-отель Порт Ольхон
2026-09-28 16:15:30 [INFO] __main__: Запрашиваю tengis_park_hotel (tengis_park_hotel)
2026-09-28 16:15:34 [INFO] __main__: Сохранено 2 номеров для Отель Тэнгис
2026-09-28 16:15:34 [INFO] __main__: Запрашиваю domik_na_kholme_guest_house (domik_na_kholme_guest_house)
2026-09-28 16:15:35 [INFO] __main__: Сохранено 1 номеров для Меблированные комнаты Домик на холме
2026-09-28 16:15:35 [INFO] __main__: Запрашиваю v_derevne_guest_house (v_derevne_guest_house)
2026-09-28 16:15:35 [INFO] __main__: Сохранено 1 номеров для Уютный дом
2026-09-28 16:15:35 [INFO] __main__: Запрашиваю private_house_uedinenny_dom_na_beregu_zhivopisnoy_zavodi (private_house_uedinenny_dom_na_beregu_zhivopisnoy_zavodi)
2026-09-28 16:15:36 [INFO] __main__: Сохранено 1 номеров для Байкал 51
2026-09-28 16:15:36 [INFO] __main__: Запрашиваю planeta_9 (planeta_9)
2026-09-28 16:15:37 [INFO] __main__: Сохранено 4 номеров для Планета
2026-09-28 16:15:37 [INFO] __main__: Запрашиваю tikhaya_gavan_4 (tikhaya_gavan_4)
2026-09-28 16:15:38 [INFO] __main__: Сохранено 2 номеров для Отель "Тихая Гавань"
2026-09-28 16:15:38 [INFO] __main__: Запрашиваю baykal_shale_guest_house (baykal_shale_guest_house)
2026-09-28 16:15:39 [INFO] __main__: Сохранено 4 номеров для Байкал Шале
2026-09-28 16:15:39 [INFO] __main__: Запрашиваю rezidentsii_rodina_irkutsk (rezidentsii_rodina_irkutsk)
2026-09-28 16:15:39 [INFO] __main__: Сохранено 3 номеров для Резиденции Rodina Irkutsk
2026-09-28 16:15:39 [INFO] __main__: Запрашиваю praskovya_guest_house (praskovya_guest_house)
2026-09-28 16:15:40 [INFO] __main__: Сохранено 4 номеров для Отель Прасковья
2026-09-28 16:15:40 [INFO] __main__: Запрашиваю hotel_baikal_best_edelweiss (hotel_baikal_best_edelweiss)
2026-09-28 16:15:41 [INFO] __main__: Сохранено 7 номеров для Отель Байкал Эдельвейс
2026-09-28 16:15:41 [INFO] __main__: Запрашиваю katantsa_hotel (katantsa_hotel)
2026-09-28 16:15:42 [INFO] __main__: Сохранено 4 номеров для Отель Катанца
2026-09-28 16:15:42 [INFO] __main__: Запрашиваю dauria_hotel_2 (dauria_hotel_2)
2026-09-28 16:15:42 [INFO] __main__: Сохранено 5 номеров для Отель Даурия
2026-09-28 16:15:42 [INFO] __main__: Запрашиваю aura_living_quarters (aura_living_quarters)
2026-09-28 16:15:42 [INFO] __main__: Сохранено 1 номеров для Меблированные комнаты Аура
2026-09-28 16:15:42 [INFO] __main__: Запрашиваю shelest (shelest)
2026-09-28 16:15:45 [INFO] __main__: Сохранено 2 номеров для Shelest
2026-09-28 16:15:45 [INFO] __main__: Запрашиваю beliy_sobol_parkhotel (beliy_sobol_parkhotel)
2026-09-28 16:15:45 [INFO] __main__: Сохранено 4 номеров для Парк-отель Белый Соболь
2026-09-28 16:15:45 [INFO] __main__: Запрашиваю izumrud_hotel_7 (izumrud_hotel_7)
2026-09-28 16:15:46 [INFO] __main__: Сохранено 4 номеров для Отель Изумруд
2026-09-28 16:15:46 [INFO] __main__: Запрашиваю krestovaya_pad_hotel (krestovaya_pad_hotel)
2026-09-28 16:15:47 [INFO] __main__: Сохранено 10 номеров для Гостиница Крестовая падь
2026-09-28 16:15:47 [INFO] __main__: Запрашиваю hotel_shishki (hotel_shishki)
2026-09-28 16:15:47 [INFO] __main__: Сохранено 3 номеров для Меблированные комнаты Шишки
2026-09-28 16:15:47 [INFO] __main__: Запрашиваю hostel_katrin_2 (hostel_katrin_2)
2026-09-28 16:15:48 [INFO] __main__: Сохранено 2 номеров для Катрин
2026-09-28 16:15:48 [INFO] __main__: Запрашиваю miniotel_medveditsa (miniotel_medveditsa)
2026-09-28 16:15:51 [INFO] __main__: Сохранено 4 номеров для Меблированные комнаты Медведица
2026-09-28 16:15:51 [INFO] __main__: Запрашиваю royal_hotel_33 (royal_hotel_33)
2026-09-28 16:15:55 [INFO] __main__: Сохранено 5 номеров для Отель Рояль
2026-09-28 16:15:55 [INFO] __main__: Запрашиваю rodnye_berega_holiday_park_ (rodnye_berega_holiday_park_)
2026-09-28 16:15:56 [INFO] __main__: Сохранено 2 номеров для База Отдыха Родные Берега
2026-09-28 16:15:56 [INFO] __main__: Запрашиваю hotel_barguzin (hotel_barguzin)
2026-09-28 16:15:58 [INFO] __main__: Сохранено 4 номеров для Меблированные комнаты Баргузин
2026-09-28 16:15:58 [INFO] __main__: Запрашиваю u_istoka_hotel (u_istoka_hotel)
2026-09-28 16:15:58 [INFO] __main__: Сохранено 3 номеров для Гостиница У Истока
2026-09-28 16:15:58 [INFO] __main__: Запрашиваю hotel_shvedka (hotel_shvedka)
2026-09-28 16:16:00 [INFO] __main__: Сохранено 11 номеров для Отель ШВЕДКА
2026-09-28 16:16:00 [INFO] __main__: Запрашиваю gostevoi_dom_margobai (gostevoi_dom_margobai)
2026-09-28 16:16:01 [INFO] __main__: Сохранено 8 номеров для Отель Маргобай
2026-09-28 16:16:01 [INFO] __main__: Запрашиваю arena_on_sverdlov (arena_on_sverdlov)
2026-09-28 16:16:07 [INFO] __main__: Сохранено 4 номеров для Меблированные комнаты общежитие "Арена на Свердлова"
2026-09-28 16:16:07 [INFO] __main__: Запрашиваю recreation_complex_altan (recreation_complex_altan)
2026-09-28 16:16:10 [INFO] __main__: Сохранено 6 номеров для Парк-Отель Алтан
2026-09-28 16:16:10 [INFO] __main__: Запрашиваю oktyabrskaya_minihotel (oktyabrskaya_minihotel)
2026-09-28 16:16:11 [INFO] __main__: Сохранено 3 номеров для Октябрьская
2026-09-28 16:16:11 [INFO] __main__: Запрашиваю hotel_gostinitsa_dinamo (hotel_gostinitsa_dinamo)
2026-09-28 16:16:12 [INFO] __main__: Сохранено 5 номеров для Отель Динамо
2026-09-28 16:16:12 [INFO] __main__: Запрашиваю gloria_20 (gloria_20)
2026-09-28 16:16:15 [INFO] __main__: Сохранено 2 номеров для Отель Глория
2026-09-28 16:16:15 [INFO] __main__: Запрашиваю metelitsa_6 (metelitsa_6)
2026-09-28 16:16:16 [INFO] __main__: Сохранено 3 номеров для Отель Метелица
2026-09-28 16:16:16 [INFO] __main__: Запрашиваю saturn_8 (saturn_8)
2026-09-28 16:16:17 [INFO] __main__: Сохранено 2 номеров для Отель Сатурн
2026-09-28 16:16:17 [INFO] __main__: Запрашиваю olkhon_house_guest_family_house (olkhon_house_guest_family_house)
2026-09-28 16:16:18 [INFO] __main__: Сохранено 4 номеров для Olkhon Family House
2026-09-28 16:16:18 [INFO] __main__: Запрашиваю khoromy_recreation_camp (khoromy_recreation_camp)
2026-09-28 16:16:18 [INFO] __main__: Сохранено 3 номеров для Хоромы
2026-09-28 16:16:18 [INFO] __main__: Запрашиваю komilfo_2 (komilfo_2)
2026-09-28 16:16:19 [INFO] __main__: Сохранено 4 номеров для Отель Комильфо
2026-09-28 16:16:19 [INFO] __main__: Запрашиваю hotel_baikal_krai (hotel_baikal_krai)
2026-09-28 16:16:21 [INFO] __main__: Сохранено 3 номеров для Усадьба Байкальский край
2026-09-28 16:16:21 [INFO] __main__: Запрашиваю profsoyuznaya_hotel_4 (profsoyuznaya_hotel_4)
2026-09-28 16:16:22 [INFO] __main__: Сохранено 1 номеров для Профсоюзная
2026-09-28 16:16:22 [INFO] __main__: Запрашиваю home_hotel_apartments_home_wanted_on_piskunov_street (home_hotel_apartments_home_wanted_on_piskunov_street)
2026-09-28 16:16:23 [INFO] __main__: Сохранено 2 номеров для Апартаменты Home Hotel (Хоум Отель) на улице Пискунова
2026-09-28 16:16:23 [INFO] __main__: Запрашиваю gostevoy_dom_mandarkhan_obaykal (gostevoy_dom_mandarkhan_obaykal)
2026-09-28 16:16:23 [INFO] __main__: Сохранено 1 номеров для Мандархан, о.Байкал
2026-09-28 16:16:23 [INFO] __main__: Запрашиваю gostevoj_dom_bajkalska_tajga (gostevoj_dom_bajkalska_tajga)
2026-09-28 16:16:26 [INFO] __main__: Сохранено 1 номеров для Байкальска тайга
2026-09-28 16:16:26 [INFO] __main__: Запрашиваю aleksandrovskij_dvor (aleksandrovskij_dvor)
2026-09-28 16:16:27 [INFO] __main__: Сохранено 1 номеров для Александровский двор
2026-09-28 16:16:27 [INFO] __main__: Запрашиваю glemping_hygge_barn (glemping_hygge_barn)
2026-09-28 16:16:27 [INFO] __main__: Сохранено 1 номеров для Hygge Barn
2026-09-28 16:16:27 [INFO] __main__: Запрашиваю loft_house_38_guest_house (loft_house_38_guest_house)
2026-09-28 16:16:28 [INFO] __main__: Сохранено 2 номеров для Loft House 38
2026-09-28 16:16:28 [INFO] __main__: Запрашиваю na_beregu_baykala_guest_house (na_beregu_baykala_guest_house)
2026-09-28 16:16:28 [INFO] __main__: Сохранено 1 номеров для На берегу Байкала
2026-09-28 16:16:28 [INFO] __main__: Запрашиваю v_russkom_stile_guest_house (v_russkom_stile_guest_house)
2026-09-28 16:16:28 [INFO] __main__: Сохранено 1 номеров для Меблированные комнаты в Русском Стиле
2026-09-28 16:16:28 [INFO] __main__: Запрашиваю dlya_kompanii_guest_house (dlya_kompanii_guest_house)
2026-09-28 16:16:34 [INFO] __main__: Сохранено 1 номеров для Для компании
2026-09-28 16:16:34 [INFO] __main__: Запрашиваю v_gostyakh_u_dubrovskikh_guest_house (v_gostyakh_u_dubrovskikh_guest_house)
2026-09-28 16:16:34 [INFO] __main__: Сохранено 1 номеров для В гостях у ДУБРОВСКИХ
2026-09-28 16:16:34 [INFO] __main__: Запрашиваю gostevoj_dom_na_zvezdinskoj (gostevoj_dom_na_zvezdinskoj)
2026-09-28 16:16:36 [INFO] __main__: Сохранено 3 номеров для Отель на Звездинской
2026-09-28 16:16:36 [INFO] __main__: Запрашиваю gostinitsa_akademicheskaya (gostinitsa_akademicheskaya)
2026-09-28 16:16:36 [INFO] __main__: Сохранено 2 номеров для Отель Гостиница Академическая
2026-09-28 16:16:36 [INFO] __main__: Запрашиваю alaniya (alaniya)
2026-09-28 16:16:39 [INFO] __main__: Сохранено 3 номеров для Алания
2026-09-28 16:16:39 [INFO] __main__: Запрашиваю hotel_olimpiada (hotel_olimpiada)
2026-09-28 16:16:40 [INFO] __main__: Сохранено 5 номеров для Олимпиада
2026-09-28 16:16:40 [INFO] __main__: Запрашиваю yolochka (yolochka)
2026-09-28 16:16:41 [INFO] __main__: Сохранено 9 номеров для Меблированные комнаты Ёлочка
2026-09-28 16:16:41 [INFO] __main__: Запрашиваю lotos_hotel (lotos_hotel)
2026-09-28 16:16:42 [INFO] __main__: Сохранено 6 номеров для Отель Лотос
2026-09-28 16:16:42 [INFO] __main__: Запрашиваю guest_house_baykal (guest_house_baykal)
2026-09-28 16:16:42 [INFO] __main__: Сохранено 2 номеров для В объятиях Байкала
2026-09-28 16:16:42 [INFO] __main__: Запрашиваю wind_lake_guest_house (wind_lake_guest_house)
2026-09-28 16:16:43 [INFO] __main__: Сохранено 3 номеров для Wind Lake
2026-09-28 16:16:43 [INFO] __main__: Сохранено 775 номеров в /home/runner/work/ostrovok-parser/ostrovok-parser/daily/rooms/2026-09-29.csv
2026-09-28 16:16:43 [INFO] __main__: Парсинг завершён. Всего обработано 775 номеров.
2026-09-28 16:16:45 [WARNING] __main__: free_rooms_amount (53) > rooms_num (38) для vera_baikal — используем effective_rooms_num=53
2026-09-28 16:16:45 [WARNING] __main__: free_rooms_amount (18) > rooms_num (10) для bolshoe_puteshestvie_hotel — используем effective_rooms_num=18
2026-09-28 16:16:45 [WARNING] __main__: free_rooms_amount (44) > rooms_num (27) для hotel_nikola_2 — используем effective_rooms_num=44
2026-09-28 16:16:45 [WARNING] __main__: free_rooms_amount (84) > rooms_num (44) для eko_baikalwood_hotel — используем effective_rooms_num=84
2026-09-28 16:16:45 [WARNING] __main__: free_rooms_amount (41) > rooms_num (40) для history_boutiquehotel — используем effective_rooms_num=41
2026-09-28 16:16:45 [WARNING] __main__: free_rooms_amount (599) > rooms_num (156) для baikal_forest_hotel — используем effective_rooms_num=599
2026-09-28 16:16:45 [WARNING] __main__: free_rooms_amount (61) > rooms_num (54) для mayak_hotel_listvyanka — используем effective_rooms_num=61
2026-09-28 16:16:45 [WARNING] __main__: free_rooms_amount (29) > rooms_num (26) для hotel_anastasiya_2 — используем effective_rooms_num=29
2026-09-28 16:16:45 [WARNING] __main__: free_rooms_amount (6) > rooms_num (5) для bely_bereg — используем effective_rooms_num=6
2026-09-28 16:16:45 [WARNING] __main__: free_rooms_amount (48) > rooms_num (40) для armat_hotel — используем effective_rooms_num=48
2026-09-28 16:16:45 [WARNING] __main__: free_rooms_amount (18) > rooms_num (15) для dom_baykal_guest_house — используем effective_rooms_num=18
2026-09-28 16:16:45 [WARNING] __main__: free_rooms_amount (17) > rooms_num (15) для arena_g_irkutsk — используем effective_rooms_num=17
2026-09-28 16:16:45 [WARNING] __main__: free_rooms_amount (13) > rooms_num (11) для baykal_shale_guest_house — используем effective_rooms_num=13
2026-09-28 16:16:45 [WARNING] __main__: free_rooms_amount (27) > rooms_num (4) для dauria_hotel_2 — используем effective_rooms_num=27
2026-09-28 16:16:45 [WARNING] __main__: free_rooms_amount (33) > rooms_num (14) для gostevoi_dom_margobai — используем effective_rooms_num=33
2026-09-28 16:16:45 [WARNING] __main__: free_rooms_amount (26) > rooms_num (25) для recreation_complex_altan — используем effective_rooms_num=26
2026-09-28 16:16:45 [WARNING] __main__: free_rooms_amount (36) > rooms_num (25) для gostevoj_dom_na_zvezdinskoj — используем effective_rooms_num=36
2026-09-28 16:16:45 [WARNING] __main__: free_rooms_amount (9) > rooms_num (6) для yolochka — используем effective_rooms_num=9
2026-09-28 16:16:45 [INFO] __main__: Статистика сохранена в /home/runner/work/ostrovok-parser/ostrovok-parser/daily/statistics/2026-09-29.csv
2026-09-28 16:16:45 [INFO] __main__: Обработано 188 отелей
2026-09-29 14:24:15 [INFO] __main__: Режим CI: увеличенные таймауты и ожидание networkidle.
2026-09-29 14:24:15 [INFO] __main__: Запуск парсера отелей...
2026-09-29 14:24:15 [INFO] __main__: Даты бронирования: 30.09.2026 - 01.10.2026
2026-09-29 14:24:15 [INFO] __main__: --- Страница 1 ---
2026-09-29 14:24:21 [INFO] __main__: Перехвачено и извлечено 20 отелей. Всего: 20
2026-09-29 14:24:27 [INFO] __main__: Добавлено 20 отелей со страницы 1. Переход на следующую страницу...
2026-09-29 14:24:29 [INFO] __main__: --- Страница 2 ---
2026-09-29 14:24:33 [INFO] __main__: Перехвачено и извлечено 20 отелей. Всего: 40
2026-09-29 14:24:37 [INFO] __main__: Добавлено 20 отелей со страницы 2. Переход на следующую страницу...
2026-09-29 14:24:39 [INFO] __main__: --- Страница 3 ---
2026-09-29 14:24:45 [INFO] __main__: Перехвачено и извлечено 20 отелей. Всего: 60
2026-09-29 14:24:49 [INFO] __main__: Добавлено 20 отелей со страницы 3. Переход на следующую страницу...
2026-09-29 14:24:52 [INFO] __main__: --- Страница 4 ---
2026-09-29 14:24:55 [INFO] __main__: Перехвачено и извлечено 20 отелей. Всего: 80
2026-09-29 14:24:58 [INFO] __main__: Добавлено 20 отелей со страницы 4. Переход на следующую страницу...
2026-09-29 14:25:01 [INFO] __main__: --- Страница 5 ---
2026-09-29 14:25:03 [INFO] __main__: Перехвачено и извлечено 20 отелей. Всего: 100
2026-09-29 14:25:08 [INFO] __main__: Добавлено 20 отелей со страницы 5. Переход на следующую страницу...
2026-09-29 14:25:10 [INFO] __main__: --- Страница 6 ---
2026-09-29 14:25:14 [INFO] __main__: Перехвачено и извлечено 20 отелей. Всего: 120
2026-09-29 14:25:17 [INFO] __main__: Добавлено 20 отелей со страницы 6. Переход на следующую страницу...
2026-09-29 14:25:20 [INFO] __main__: --- Страница 7 ---
2026-09-29 14:25:26 [INFO] __main__: Перехвачено и извлечено 20 отелей. Всего: 140
2026-09-29 14:25:30 [INFO] __main__: Добавлено 20 отелей со страницы 7. Переход на следующую страницу...
2026-09-29 14:25:33 [INFO] __main__: --- Страница 8 ---
2026-09-29 14:25:36 [INFO] __main__: Перехвачено и извлечено 20 отелей. Всего: 160
2026-09-29 14:25:40 [INFO] __main__: Добавлено 20 отелей со страницы 8. Переход на следующую страницу...
2026-09-29 14:25:43 [INFO] __main__: --- Страница 9 ---
2026-09-29 14:25:45 [INFO] __main__: Перехвачено и извлечено 20 отелей. Всего: 180
2026-09-29 14:25:50 [INFO] __main__: Добавлено 20 отелей со страницы 9. Переход на следующую страницу...
2026-09-29 14:25:52 [INFO] __main__: --- Страница 10 ---
2026-09-29 14:25:55 [INFO] __main__: Перехвачено и извлечено 5 отелей. Всего: 185
2026-09-29 14:25:59 [INFO] __main__: Добавлено 5 отелей со страницы 10. Переход на следующую страницу...
2026-09-29 14:26:02 [INFO] __main__: --- Страница 11 ---
2026-09-29 14:26:52 [WARNING] __main__: На странице 11 отелей не получено. Конец списка.
2026-09-29 14:26:52 [INFO] __main__: === Всего собрано отелей со всех страниц: 185 ===
2026-09-29 14:27:08 [INFO] __main__: Сохранено 185 отелей в /home/runner/work/ostrovok-parser/ostrovok-parser/daily/hotels/2026-09-29.csv
2026-09-29 14:27:08 [INFO] __main__: Парсинг завершён. Всего обработано 185 отелей.
2026-09-29 14:27:08 [INFO] __main__: Каталог сохранён: 286 отелей → /home/runner/work/ostrovok-parser/ostrovok-parser/catalog/hotels.csv
2026-09-29 14:27:08 [INFO] __main__: Каталог обновлён: всего 286, новых 0
2026-09-29 14:27:10 [INFO] __main__: Даты бронирования: 30.09.2026 - 01.10.2026
2026-09-29 14:27:10 [INFO] __main__: Запуск браузера для получения куки...
2026-09-29 14:27:18 [INFO] __main__: Получено 54 куки
2026-09-29 14:27:18 [INFO] __main__: Запрашиваю evropa_hotel (evropa_hotel)
2026-09-29 14:27:19 [INFO] __main__: Сохранено 7 номеров для Отель Европа
2026-09-29 14:27:19 [INFO] __main__: Запрашиваю dohodnyij_dom_listratvoj_butikhotel (dohodnyij_dom_listratvoj_butikhotel)
2026-09-29 14:27:20 [INFO] __main__: Сохранено 7 номеров для Отель Доходный дом Листратовой
2026-09-29 14:27:20 [INFO] __main__: Запрашиваю mini_hotel_baikal (mini_hotel_baikal)
2026-09-29 14:27:20 [INFO] __main__: Сохранено 1 номеров для Отель Байкал терра
2026-09-29 14:27:20 [INFO] __main__: Запрашиваю vera_baikal (vera_baikal)
2026-09-29 14:27:21 [INFO] __main__: Сохранено 6 номеров для Отель Вера Байкал
2026-09-29 14:27:21 [INFO] __main__: Запрашиваю hotel_angara (hotel_angara)
2026-09-29 14:27:22 [INFO] __main__: Сохранено 6 номеров для Отель Ангара-Приоритет
2026-09-29 14:27:22 [INFO] __main__: Запрашиваю bolshoe_puteshestvie_hotel (bolshoe_puteshestvie_hotel)
2026-09-29 14:27:25 [INFO] __main__: Сохранено 7 номеров для Кемпинг Отель Ольхон
2026-09-29 14:27:25 [INFO] __main__: Запрашиваю hotel_olkhonhill (hotel_olkhonhill)
2026-09-29 14:27:25 [INFO] __main__: Сохранено 2 номеров для Отель Olkhon-hill
2026-09-29 14:27:25 [INFO] __main__: Запрашиваю grand_baikal (grand_baikal)
2026-09-29 14:27:27 [INFO] __main__: Сохранено 2 номеров для Отель Гранд Байкал
2026-09-29 14:27:27 [INFO] __main__: Запрашиваю larus (larus)
2026-09-29 14:27:28 [INFO] __main__: Сохранено 1 номеров для Отель Ларус
2026-09-29 14:27:28 [INFO] __main__: Запрашиваю hotel_nikola_2 (hotel_nikola_2)
2026-09-29 14:27:33 [INFO] __main__: Сохранено 8 номеров для Отель Никола
2026-09-29 14:27:33 [INFO] __main__: Запрашиваю rus_hotel_irkutsk (rus_hotel_irkutsk)
2026-09-29 14:27:35 [INFO] __main__: Сохранено 6 номеров для Гостиничный Комплекс Русь
2026-09-29 14:27:35 [INFO] __main__: Запрашиваю irkutsk_city_center (irkutsk_city_center)
2026-09-29 14:27:36 [INFO] __main__: Сохранено 2 номеров для Отель Иркутск Сити Центр
2026-09-29 14:27:36 [INFO] __main__: Запрашиваю tajga_hotel (tajga_hotel)
2026-09-29 14:27:36 [INFO] __main__: Сохранено 2 номеров для Отель Тайга
2026-09-29 14:27:36 [INFO] __main__: Запрашиваю klubnyij_kvartal_apartments (klubnyij_kvartal_apartments)
2026-09-29 14:27:37 [INFO] __main__: Сохранено 2 номеров для Клубный Квартал
2026-09-29 14:27:37 [INFO] __main__: Запрашиваю gostevoy_dom_sunrise (gostevoy_dom_sunrise)
2026-09-29 14:27:40 [INFO] __main__: Сохранено 2 номеров для Sunrise
2026-09-29 14:27:40 [INFO] __main__: Запрашиваю hotel_anastasiya_2 (hotel_anastasiya_2)
2026-09-29 14:27:40 [INFO] __main__: Сохранено 11 номеров для Отель ГК Анастасия
2026-09-29 14:27:40 [INFO] __main__: Запрашиваю glempingotel_yolki_recreation_camp (glempingotel_yolki_recreation_camp)
2026-09-29 14:27:41 [INFO] __main__: Сохранено 2 номеров для Аян
2026-09-29 14:27:41 [INFO] __main__: Запрашиваю hotel_premium_hotel_pushkin (hotel_premium_hotel_pushkin)
2026-09-29 14:27:41 [INFO] __main__: Сохранено 6 номеров для Премиум-отель Пушкин
2026-09-29 14:27:41 [INFO] __main__: Запрашиваю otel_irkut (otel_irkut)
2026-09-29 14:27:42 [INFO] __main__: Сохранено 7 номеров для Отель Иркут
2026-09-29 14:27:42 [INFO] __main__: Запрашиваю hotel_flagman_olkhona (hotel_flagman_olkhona)
2026-09-29 14:27:47 [INFO] __main__: Сохранено 5 номеров для Отель Флагман Ольхона
2026-09-29 14:27:47 [INFO] __main__: Запрашиваю archi_apt_apartments (archi_apt_apartments)
2026-09-29 14:27:51 [INFO] __main__: Сохранено 2 номеров для Отель Baikal Archi Apt
2026-09-29 14:27:51 [INFO] __main__: Запрашиваю otel_tsentral (otel_tsentral)
2026-09-29 14:27:51 [INFO] __main__: Сохранено 7 номеров для Отель Централь
2026-09-29 14:27:51 [INFO] __main__: Запрашиваю hotel_harats_inn (hotel_harats_inn)
2026-09-29 14:27:52 [INFO] __main__: Сохранено 4 номеров для Отель Harat's inn
2026-09-29 14:27:52 [INFO] __main__: Запрашиваю empire_hotel_3 (empire_hotel_3)
2026-09-29 14:27:52 [INFO] __main__: Сохранено 11 номеров для Гостиница Империя
2026-09-29 14:27:52 [INFO] __main__: Запрашиваю best_eastern_hotel_zvezda (best_eastern_hotel_zvezda)
2026-09-29 14:27:55 [INFO] __main__: Сохранено 5 номеров для Отель Звезда
2026-09-29 14:27:55 [INFO] __main__: Запрашиваю baykal_khan_listvyanka (baykal_khan_listvyanka)
2026-09-29 14:27:55 [INFO] __main__: Сохранено 5 номеров для Отель Байкал Хан п.Листвянка
2026-09-29 14:27:55 [INFO] __main__: Запрашиваю podlemorie_hotel (podlemorie_hotel)
2026-09-29 14:27:57 [INFO] __main__: Сохранено 3 номеров для Отель Подлеморье
2026-09-29 14:27:57 [INFO] __main__: Запрашиваю yakovlev_hotel (yakovlev_hotel)
2026-09-29 14:27:59 [INFO] __main__: Сохранено 3 номеров для Отель Яковлевъ
2026-09-29 14:27:59 [INFO] __main__: Запрашиваю eko_baikalwood_hotel (eko_baikalwood_hotel)
2026-09-29 14:28:00 [INFO] __main__: Сохранено 10 номеров для Отель Белая Чайка
2026-09-29 14:28:00 [INFO] __main__: Запрашиваю ibis_irkutsk_center (ibis_irkutsk_center)
2026-09-29 14:28:01 [INFO] __main__: Сохранено 4 номеров для Отель Ибис Иркутск Центр
2026-09-29 14:28:01 [INFO] __main__: Запрашиваю guest_house_vremena_goda (guest_house_vremena_goda)
2026-09-29 14:28:02 [INFO] __main__: Сохранено 4 номеров для Времена Года
2026-09-29 14:28:02 [INFO] __main__: Запрашиваю inn_oasis_2 (inn_oasis_2)
2026-09-29 14:28:04 [INFO] __main__: Сохранено 4 номеров для База отдыха Оазис
2026-09-29 14:28:04 [INFO] __main__: Запрашиваю lyuks_hotel_4 (lyuks_hotel_4)
2026-09-29 14:28:07 [INFO] __main__: Сохранено 3 номеров для Отель Люкс
2026-09-29 14:28:07 [INFO] __main__: Запрашиваю the_sky_of_lake_baikal (the_sky_of_lake_baikal)
2026-09-29 14:28:09 [INFO] __main__: Сохранено 6 номеров для Небо Байкала
2026-09-29 14:28:09 [INFO] __main__: Запрашиваю kupechesky_dvor_hotel (kupechesky_dvor_hotel)
2026-09-29 14:28:11 [INFO] __main__: Сохранено 3 номеров для Отель Купеческий Дворъ
2026-09-29 14:28:11 [INFO] __main__: Запрашиваю inn_business_hall (inn_business_hall)
2026-09-29 14:28:12 [INFO] __main__: Сохранено 5 номеров для Отель Business Hall
2026-09-29 14:28:12 [INFO] __main__: Запрашиваю hotel_arakhis (hotel_arakhis)
2026-09-29 14:28:13 [INFO] __main__: Сохранено 3 номеров для Отель Арахис
2026-09-29 14:28:13 [INFO] __main__: Запрашиваю history_boutiquehotel (history_boutiquehotel)
2026-09-29 14:28:14 [INFO] __main__: Сохранено 8 номеров для Отель HISTORY Бутик-отель и СПА
2026-09-29 14:28:14 [INFO] __main__: Запрашиваю mini_hotel_vizit (mini_hotel_vizit)
2026-09-29 14:28:15 [INFO] __main__: Сохранено 2 номеров для Гостиница Визит
2026-09-29 14:28:15 [INFO] __main__: Запрашиваю hotel_khotej (hotel_khotej)
2026-09-29 14:28:15 [INFO] __main__: Сохранено 2 номеров для Отель Хотэй
2026-09-29 14:28:15 [INFO] __main__: Запрашиваю baykal_guest_house_3 (baykal_guest_house_3)
2026-09-29 14:28:16 [INFO] __main__: Сохранено 6 номеров для Меблированные комнаты Байкал
2026-09-29 14:28:16 [INFO] __main__: Запрашиваю gostinitsa_solntse (gostinitsa_solntse)
2026-09-29 14:28:19 [INFO] __main__: Сохранено 7 номеров для Гостиница Солнце
2026-09-29 14:28:19 [INFO] __main__: Запрашиваю angara_hotel (angara_hotel)
2026-09-29 14:28:19 [INFO] __main__: Сохранено 7 номеров для Ангара Отель
2026-09-29 14:28:19 [INFO] __main__: Запрашиваю matreshka_hotel (matreshka_hotel)
2026-09-29 14:28:22 [INFO] __main__: Сохранено 10 номеров для Отель Матрешка
2026-09-29 14:28:22 [INFO] __main__: Запрашиваю malinovka_3 (malinovka_3)
2026-09-29 14:28:25 [INFO] __main__: Сохранено 5 номеров для Малиновка
2026-09-29 14:28:25 [INFO] __main__: Запрашиваю uda_2 (uda_2)
2026-09-29 14:28:30 [INFO] __main__: Сохранено 6 номеров для Отель УДА
2026-09-29 14:28:30 [INFO] __main__: Запрашиваю baza_otdykha_gostiny_dvor_vdokhnovenie (baza_otdykha_gostiny_dvor_vdokhnovenie)
2026-09-29 14:28:31 [INFO] __main__: Сохранено 7 номеров для Отель Гостиный Двор Вдохновение
2026-09-29 14:28:31 [INFO] __main__: Запрашиваю bajkal_hotel (bajkal_hotel)
2026-09-29 14:28:31 [INFO] __main__: Сохранено 5 номеров для Отель Байкал
2026-09-29 14:28:31 [INFO] __main__: Запрашиваю atlas_hotel_3 (atlas_hotel_3)
2026-09-29 14:28:32 [INFO] __main__: Сохранено 5 номеров для Гостиница Атлас
2026-09-29 14:28:32 [INFO] __main__: Запрашиваю gostinitsa_ustilim (gostinitsa_ustilim)
2026-09-29 14:28:37 [INFO] __main__: Сохранено 5 номеров для Усть-Илим
2026-09-29 14:28:37 [INFO] __main__: Запрашиваю bajkal_severnoe_more_hotel (bajkal_severnoe_more_hotel)
2026-09-29 14:28:42 [INFO] __main__: Сохранено 8 номеров для Отель Байкал - Северное Море
2026-09-29 14:28:42 [INFO] __main__: Запрашиваю baikal_forest_hotel (baikal_forest_hotel)
2026-09-29 14:28:47 [INFO] __main__: Сохранено 12 номеров для Отель Форест
2026-09-29 14:28:47 [INFO] __main__: Запрашиваю alpari (alpari)
2026-09-29 14:28:52 [INFO] __main__: Сохранено 3 номеров для Гостиница Альпари
2026-09-29 14:28:52 [INFO] __main__: Запрашиваю city_park_hotel_13 (city_park_hotel_13)
2026-09-29 14:28:53 [INFO] __main__: Сохранено 5 номеров для Меблированные комнаты City Park
2026-09-29 14:28:53 [INFO] __main__: Запрашиваю mayak_hotel_listvyanka (mayak_hotel_listvyanka)
2026-09-29 14:28:54 [INFO] __main__: Сохранено 12 номеров для Отель Маяк
2026-09-29 14:28:54 [INFO] __main__: Запрашиваю legend_of_baikal (legend_of_baikal)
2026-09-29 14:28:55 [INFO] __main__: Сохранено 6 номеров для Отель Легенда Байкала
2026-09-29 14:28:55 [INFO] __main__: Запрашиваю magas (magas)
2026-09-29 14:28:56 [INFO] __main__: Сохранено 5 номеров для Отель на Перроне
2026-09-29 14:28:56 [INFO] __main__: Запрашиваю baikal_view_hotel (baikal_view_hotel)
2026-09-29 14:28:58 [INFO] __main__: Сохранено 7 номеров для Baikal View Hotel
2026-09-29 14:28:58 [INFO] __main__: Запрашиваю international_hotel_sayen (international_hotel_sayen)
2026-09-29 14:28:58 [INFO] __main__: Сохранено 6 номеров для SAYEN
2026-09-29 14:28:58 [INFO] __main__: Запрашиваю minihotel_albatros (minihotel_albatros)
2026-09-29 14:29:03 [INFO] __main__: Сохранено 1 номеров для Гостиница Альбатрос
2026-09-29 14:29:03 [INFO] __main__: Запрашиваю flagman_hotel_4 (flagman_hotel_4)
2026-09-29 14:29:04 [INFO] __main__: Сохранено 2 номеров для Отель Флагман
2026-09-29 14:29:04 [INFO] __main__: Запрашиваю hotel_soyuz_2 (hotel_soyuz_2)
2026-09-29 14:29:04 [INFO] __main__: Сохранено 8 номеров для Жилое помещение Союз
2026-09-29 14:29:04 [INFO] __main__: Запрашиваю lazurny_bereg_hotel_ (lazurny_bereg_hotel_)
2026-09-29 14:29:05 [INFO] __main__: Сохранено 2 номеров для Гостиница Лазурный берег
2026-09-29 14:29:05 [INFO] __main__: Запрашиваю magnetit (magnetit)
2026-09-29 14:29:06 [INFO] __main__: Сохранено 6 номеров для Отель Магнетит
2026-09-29 14:29:06 [INFO] __main__: Запрашиваю aerobratsk (aerobratsk)
2026-09-29 14:29:07 [INFO] __main__: Сохранено 2 номеров для Отель Аэропорт Братск
2026-09-29 14:29:07 [INFO] __main__: Запрашиваю smart_hotel_kdo_irkutsk_hotel (smart_hotel_kdo_irkutsk_hotel)
2026-09-29 14:29:10 [INFO] __main__: Сохранено 3 номеров для Отель Smart Hotel Иркутск
2026-09-29 14:29:10 [INFO] __main__: Запрашиваю dream_of_baikal_hotel (dream_of_baikal_hotel)
2026-09-29 14:29:10 [INFO] __main__: Сохранено 5 номеров для Отель Dream of Baikal
2026-09-29 14:29:10 [INFO] __main__: Запрашиваю tochka_baykala_hotel (tochka_baykala_hotel)
2026-09-29 14:29:11 [INFO] __main__: Сохранено 2 номеров для Отель Точка Байкала
2026-09-29 14:29:11 [INFO] __main__: Запрашиваю hotel_u_ruchyya (hotel_u_ruchyya)
2026-09-29 14:29:11 [INFO] __main__: Сохранено 3 номеров для Отель У ручья
2026-09-29 14:29:11 [INFO] __main__: Запрашиваю na_ulitse_pavlova_28_apartments (na_ulitse_pavlova_28_apartments)
2026-09-29 14:29:13 [INFO] __main__: Сохранено 1 номеров для На улице Павлова 28
2026-09-29 14:29:13 [INFO] __main__: Запрашиваю flagman_hotel (flagman_hotel)
2026-09-29 14:29:13 [INFO] __main__: Сохранено 4 номеров для Отель Флагман
2026-09-29 14:29:13 [INFO] __main__: Запрашиваю momant_house_recreation_camp (momant_house_recreation_camp)
2026-09-29 14:29:13 [INFO] __main__: Сохранено 2 номеров для Momant house
2026-09-29 14:29:13 [INFO] __main__: Запрашиваю miniotel_good_hotel (miniotel_good_hotel)
2026-09-29 14:29:15 [INFO] __main__: Сохранено 1 номеров для Мини-Отель Good Hotel
2026-09-29 14:29:15 [INFO] __main__: Запрашиваю riderside (riderside)
2026-09-29 14:29:20 [INFO] __main__: Сохранено 3 номеров для Гостиница Riverside
2026-09-29 14:29:20 [INFO] __main__: Запрашиваю baykal_khan_hotel_olkhon (baykal_khan_hotel_olkhon)
2026-09-29 14:29:23 [INFO] __main__: Сохранено 4 номеров для Отель Байкал-Хан Ольхон
2026-09-29 14:29:23 [INFO] __main__: Запрашиваю legendy_baykala (legendy_baykala)
2026-09-29 14:29:23 [INFO] __main__: Сохранено 5 номеров для Гостиница Легенды Байкала
2026-09-29 14:29:23 [INFO] __main__: Запрашиваю hotel_pushkin_2 (hotel_pushkin_2)
2026-09-29 14:29:28 [INFO] __main__: Сохранено 3 номеров для Отель ПушкинЪ
2026-09-29 14:29:28 [INFO] __main__: Запрашиваю hotel_kurshavel_ (hotel_kurshavel_)
2026-09-29 14:29:29 [INFO] __main__: Сохранено 5 номеров для Отель Куршавель
2026-09-29 14:29:29 [INFO] __main__: Запрашиваю azatai_park_hotel (azatai_park_hotel)
2026-09-29 14:29:30 [INFO] __main__: Сохранено 5 номеров для Парк-отель "Азатай"
2026-09-29 14:29:30 [INFO] __main__: Запрашиваю green_hotel_ (green_hotel_)
2026-09-29 14:29:35 [INFO] __main__: Сохранено 6 номеров для Грин Отель
2026-09-29 14:29:35 [INFO] __main__: Запрашиваю artrezidentsiya_port_olhon (artrezidentsiya_port_olhon)
2026-09-29 14:29:35 [INFO] __main__: Сохранено 7 номеров для Арт-отель Порт Ольхон
2026-09-29 14:29:35 [INFO] __main__: Запрашиваю parus_18 (parus_18)
2026-09-29 14:29:38 [INFO] __main__: Сохранено 5 номеров для Курортный отель Парус
2026-09-29 14:29:38 [INFO] __main__: Запрашиваю bely_bereg (bely_bereg)
2026-09-29 14:29:39 [INFO] __main__: Сохранено 3 номеров для Отель Белый берег
2026-09-29 14:29:39 [INFO] __main__: Запрашиваю apartments_viking_khaus (apartments_viking_khaus)
2026-09-29 14:29:39 [INFO] __main__: Сохранено 2 номеров для Викинг Хаус
2026-09-29 14:29:39 [INFO] __main__: Запрашиваю luna_hotel_9 (luna_hotel_9)
2026-09-29 14:29:40 [INFO] __main__: Сохранено 4 номеров для Отель Луна
2026-09-29 14:29:40 [INFO] __main__: Запрашиваю bajkalskie_sezonyi (bajkalskie_sezonyi)
2026-09-29 14:29:43 [INFO] __main__: Сохранено 6 номеров для Отель Парк Байкальские сезоны
2026-09-29 14:29:43 [INFO] __main__: Запрашиваю aristokrat_hotel (aristokrat_hotel)
2026-09-29 14:29:44 [INFO] __main__: Сохранено 5 номеров для Отель Аристократ
2026-09-29 14:29:44 [INFO] __main__: Запрашиваю baza_otdykha_akvamarin (baza_otdykha_akvamarin)
2026-09-29 14:29:45 [INFO] __main__: Сохранено 6 номеров для Аквамарин
2026-09-29 14:29:45 [INFO] __main__: Запрашиваю taiga_2 (taiga_2)
2026-09-29 14:29:50 [INFO] __main__: Сохранено 4 номеров для Отель Тайга
2026-09-29 14:29:50 [INFO] __main__: Запрашиваю baykkalina_guest_house (baykkalina_guest_house)
2026-09-29 14:29:52 [INFO] __main__: Сохранено 3 номеров для БайкКалина
2026-09-29 14:29:52 [INFO] __main__: Запрашиваю lenatour (lenatour)
2026-09-29 14:29:54 [INFO] __main__: Сохранено 3 номеров для Отель  Ленатур
2026-09-29 14:29:54 [INFO] __main__: Запрашиваю gostevoy_dom_holiday_park_on_olkhon (gostevoy_dom_holiday_park_on_olkhon)
2026-09-29 14:29:56 [INFO] __main__: Сохранено 2 номеров для Holiday park on Olkhon
2026-09-29 14:29:56 [INFO] __main__: Запрашиваю camping_yelochka_kempinghotel (camping_yelochka_kempinghotel)
2026-09-29 14:29:59 [INFO] __main__: Сохранено 6 номеров для Отель Елочка
2026-09-29 14:29:59 [INFO] __main__: Запрашиваю minihotel_panda (minihotel_panda)
2026-09-29 14:29:59 [INFO] __main__: Сохранено 1 номеров для Отель ДиаДэй
2026-09-29 14:29:59 [INFO] __main__: Запрашиваю marx_hotel (marx_hotel)
2026-09-29 14:30:00 [INFO] __main__: Сохранено 2 номеров для Отель Маркс
2026-09-29 14:30:00 [INFO] __main__: Запрашиваю hotel_gostinitsa_avtovokzal (hotel_gostinitsa_avtovokzal)
2026-09-29 14:30:00 [INFO] __main__: Сохранено 3 номеров для Отель Автовокзал
2026-09-29 14:30:00 [INFO] __main__: Запрашиваю mir_baykala_hotel (mir_baykala_hotel)
2026-09-29 14:30:02 [INFO] __main__: Сохранено 4 номеров для Отель Мир Байкала
2026-09-29 14:30:02 [INFO] __main__: Запрашиваю lada_8 (lada_8)
2026-09-29 14:30:02 [INFO] __main__: Сохранено 7 номеров для Отель Гостиница ЛАДА
2026-09-29 14:30:02 [INFO] __main__: Запрашиваю hotel_yubileinaya__2 (hotel_yubileinaya__2)
2026-09-29 14:30:05 [INFO] __main__: Сохранено 2 номеров для Гостиница Юбилейная
2026-09-29 14:30:05 [INFO] __main__: Запрашиваю u_lukomorya_4 (u_lukomorya_4)
2026-09-29 14:30:08 [INFO] __main__: Сохранено 2 номеров для У Лукоморья
2026-09-29 14:30:08 [INFO] __main__: Запрашиваю gostevoj_dom_otdyih_na_bajkale (gostevoj_dom_otdyih_na_bajkale)
2026-09-29 14:30:08 [INFO] __main__: Сохранено 6 номеров для Отель Отдых на Байкале
2026-09-29 14:30:08 [INFO] __main__: Запрашиваю hotelclub_ice (hotelclub_ice)
2026-09-29 14:30:11 [INFO] __main__: Сохранено 1 номеров для Отель Сибирская резиденция Лёд Байкала
2026-09-29 14:30:11 [INFO] __main__: Запрашиваю guesthouse_dudeevukh (guesthouse_dudeevukh)
2026-09-29 14:30:14 [INFO] __main__: Сохранено 2 номеров для Меблированные комнаты Дудеевых
2026-09-29 14:30:14 [INFO] __main__: Запрашиваю armat_hotel (armat_hotel)
2026-09-29 14:30:14 [INFO] __main__: Сохранено 7 номеров для Отель Армат
2026-09-29 14:30:14 [INFO] __main__: Запрашиваю guest_house_baykaliya (guest_house_baykaliya)
2026-09-29 14:30:15 [INFO] __main__: Сохранено 2 номеров для Байкалия
2026-09-29 14:30:15 [INFO] __main__: Запрашиваю hotel_aziyayevropa (hotel_aziyayevropa)
2026-09-29 14:30:20 [INFO] __main__: Сохранено 4 номеров для Отель Азия-Европа
2026-09-29 14:30:20 [INFO] __main__: Запрашиваю trakstop_38_2 (trakstop_38_2)
2026-09-29 14:30:22 [INFO] __main__: Сохранено 2 номеров для Тракстоп 38
2026-09-29 14:30:22 [INFO] __main__: Запрашиваю olkhonstory_guest_house (olkhonstory_guest_house)
2026-09-29 14:30:25 [INFO] __main__: Сохранено 2 номеров для История Ольхона
2026-09-29 14:30:25 [INFO] __main__: Запрашиваю tri_kita_2 (tri_kita_2)
2026-09-29 14:30:25 [INFO] __main__: Сохранено 5 номеров для Отель Три Кита
2026-09-29 14:30:25 [INFO] __main__: Запрашиваю dom_baykal_guest_house (dom_baykal_guest_house)
2026-09-29 14:30:27 [INFO] __main__: Сохранено 4 номеров для Меблированные комнаты Дом Байкал
2026-09-29 14:30:27 [INFO] __main__: Запрашиваю solnechny_guest_house_7 (solnechny_guest_house_7)
2026-09-29 14:30:28 [INFO] __main__: Сохранено 1 номеров для Cолнечный
2026-09-29 14:30:28 [INFO] __main__: Запрашиваю meridian_7 (meridian_7)
2026-09-29 14:30:32 [INFO] __main__: Сохранено 5 номеров для Отель Меридиан
2026-09-29 14:30:32 [INFO] __main__: Запрашиваю arena_g_irkutsk (arena_g_irkutsk)
2026-09-29 14:30:34 [INFO] __main__: Сохранено 3 номеров для Отель Арена Иркутск
2026-09-29 14:30:34 [INFO] __main__: Запрашиваю modul (modul)
2026-09-29 14:30:39 [INFO] __main__: Сохранено 3 номеров для Гостиница Комфорт
2026-09-29 14:30:39 [INFO] __main__: Запрашиваю mihail_strogov (mihail_strogov)
2026-09-29 14:30:44 [INFO] __main__: Сохранено 2 номеров для Отель Михаил Строгов
2026-09-29 14:30:44 [INFO] __main__: Запрашиваю hotel_rodina_grand_hotel_spa_irkutsk_5 (hotel_rodina_grand_hotel_spa_irkutsk_5)
2026-09-29 14:30:44 [INFO] __main__: Сохранено 12 номеров для Отель RODINA Grand Hotel & SPA Irkutsk 5*
2026-09-29 14:30:44 [INFO] __main__: Запрашиваю gostevoy_dom_chilla_villa_baikal (gostevoy_dom_chilla_villa_baikal)
2026-09-29 14:30:47 [INFO] __main__: Сохранено 2 номеров для Гостевой дом Chilla_villa_baikal
2026-09-29 14:30:47 [INFO] __main__: Запрашиваю living_quarters_uyutnye_dlya_dvoikh (living_quarters_uyutnye_dlya_dvoikh)
2026-09-29 14:30:48 [INFO] __main__: Сохранено 1 номеров для Меблированные комнаты Уютные для Двоих
2026-09-29 14:30:48 [INFO] __main__: Запрашиваю gostinitsa_undina (gostinitsa_undina)
2026-09-29 14:30:50 [INFO] __main__: Сохранено 5 номеров для Отель Ундина
2026-09-29 14:30:50 [INFO] __main__: Запрашиваю vostochnaia (vostochnaia)
2026-09-29 14:30:51 [INFO] __main__: Сохранено 6 номеров для Гостиница Восточная
2026-09-29 14:30:51 [INFO] __main__: Запрашиваю yupiter (yupiter)
2026-09-29 14:30:52 [INFO] __main__: Сохранено 2 номеров для Юпитер
2026-09-29 14:30:52 [INFO] __main__: Запрашиваю svetly_aparthotel (svetly_aparthotel)
2026-09-29 14:30:53 [INFO] __main__: Сохранено 2 номеров для Отель Светлый
2026-09-29 14:30:53 [INFO] __main__: Запрашиваю irkutsk_city_lodge (irkutsk_city_lodge)
2026-09-29 14:30:54 [INFO] __main__: Сохранено 3 номеров для Отель Иркутск Сити Лодж
2026-09-29 14:30:54 [INFO] __main__: Запрашиваю less_guest_house (less_guest_house)
2026-09-29 14:30:54 [INFO] __main__: Сохранено 3 номеров для Меблированные комнаты Лесс
2026-09-29 14:30:54 [INFO] __main__: Запрашиваю ozerny_tulun_sports_complex_na_karbysheva_185_apartment (ozerny_tulun_sports_complex_na_karbysheva_185_apartment)
2026-09-29 14:30:55 [INFO] __main__: Сохранено 1 номеров для Спорткомплекс Озерный Тулун на Карбышева 185
2026-09-29 14:30:55 [INFO] __main__: Запрашиваю amurskiy (amurskiy)
2026-09-29 14:30:55 [INFO] __main__: Сохранено 6 номеров для Отель Амурский
2026-09-29 14:30:55 [INFO] __main__: Запрашиваю nochleg_i_zavtrak_bb_shambala (nochleg_i_zavtrak_bb_shambala)
2026-09-29 14:30:57 [INFO] __main__: Сохранено 1 номеров для Загородный отель Шамбала
2026-09-29 14:30:57 [INFO] __main__: Запрашиваю wind_lake_guest_house (wind_lake_guest_house)
2026-09-29 14:30:57 [INFO] __main__: Сохранено 3 номеров для Wind Lake
2026-09-29 14:30:57 [INFO] __main__: Запрашиваю v_samom_tsentre_irkutska_minihotel (v_samom_tsentre_irkutska_minihotel)
2026-09-29 14:30:58 [INFO] __main__: Сохранено 1 номеров для Отель В Сердце Иркутска
2026-09-29 14:30:58 [INFO] __main__: Запрашиваю tengis_park_hotel (tengis_park_hotel)
2026-09-29 14:31:03 [INFO] __main__: Сохранено 2 номеров для Отель Тэнгис
2026-09-29 14:31:03 [INFO] __main__: Запрашиваю domik_na_kholme_guest_house (domik_na_kholme_guest_house)
2026-09-29 14:31:03 [INFO] __main__: Сохранено 1 номеров для Меблированные комнаты Домик на холме
2026-09-29 14:31:03 [INFO] __main__: Запрашиваю v_derevne_guest_house (v_derevne_guest_house)
2026-09-29 14:31:04 [INFO] __main__: Сохранено 1 номеров для Уютный дом
2026-09-29 14:31:04 [INFO] __main__: Запрашиваю private_house_uedinenny_dom_na_beregu_zhivopisnoy_zavodi (private_house_uedinenny_dom_na_beregu_zhivopisnoy_zavodi)
2026-09-29 14:31:04 [INFO] __main__: Сохранено 1 номеров для Байкал 51
2026-09-29 14:31:04 [INFO] __main__: Запрашиваю planeta_9 (planeta_9)
2026-09-29 14:31:06 [INFO] __main__: Сохранено 4 номеров для Планета
2026-09-29 14:31:06 [INFO] __main__: Запрашиваю tikhaya_gavan_4 (tikhaya_gavan_4)
2026-09-29 14:31:07 [INFO] __main__: Сохранено 2 номеров для Отель "Тихая Гавань"
2026-09-29 14:31:07 [INFO] __main__: Запрашиваю baykal_shale_guest_house (baykal_shale_guest_house)
2026-09-29 14:31:08 [INFO] __main__: Сохранено 4 номеров для Байкал Шале
2026-09-29 14:31:08 [INFO] __main__: Запрашиваю rezidentsii_rodina_irkutsk (rezidentsii_rodina_irkutsk)
2026-09-29 14:31:09 [INFO] __main__: Сохранено 3 номеров для Резиденции Rodina Irkutsk
2026-09-29 14:31:09 [INFO] __main__: Запрашиваю hotel_kosmos_5 (hotel_kosmos_5)
2026-09-29 14:31:10 [INFO] __main__: Сохранено 4 номеров для Отель Космос
2026-09-29 14:31:10 [INFO] __main__: Запрашиваю praskovya_guest_house (praskovya_guest_house)
2026-09-29 14:31:11 [INFO] __main__: Сохранено 4 номеров для Отель Прасковья
2026-09-29 14:31:11 [INFO] __main__: Запрашиваю katantsa_hotel (katantsa_hotel)
2026-09-29 14:31:11 [INFO] __main__: Сохранено 4 номеров для Отель Катанца
2026-09-29 14:31:11 [INFO] __main__: Запрашиваю dauria_hotel_2 (dauria_hotel_2)
2026-09-29 14:31:16 [INFO] __main__: Сохранено 5 номеров для Отель Даурия
2026-09-29 14:31:16 [INFO] __main__: Запрашиваю aura_living_quarters (aura_living_quarters)
2026-09-29 14:31:16 [INFO] __main__: Сохранено 1 номеров для Меблированные комнаты Аура
2026-09-29 14:31:16 [INFO] __main__: Запрашиваю shelest (shelest)
2026-09-29 14:31:19 [INFO] __main__: Сохранено 2 номеров для Shelest
2026-09-29 14:31:19 [INFO] __main__: Запрашиваю beliy_sobol_parkhotel (beliy_sobol_parkhotel)
2026-09-29 14:31:20 [INFO] __main__: Сохранено 4 номеров для Парк-отель Белый Соболь
2026-09-29 14:31:20 [INFO] __main__: Запрашиваю izumrud_hotel_7 (izumrud_hotel_7)
2026-09-29 14:31:21 [INFO] __main__: Сохранено 4 номеров для Отель Изумруд
2026-09-29 14:31:21 [INFO] __main__: Запрашиваю krestovaya_pad_hotel (krestovaya_pad_hotel)
2026-09-29 14:31:22 [INFO] __main__: Сохранено 10 номеров для Гостиница Крестовая падь
2026-09-29 14:31:22 [INFO] __main__: Запрашиваю hotel_shishki (hotel_shishki)
2026-09-29 14:31:22 [INFO] __main__: Сохранено 3 номеров для Меблированные комнаты Шишки
2026-09-29 14:31:22 [INFO] __main__: Запрашиваю hostel_katrin_2 (hostel_katrin_2)
2026-09-29 14:31:23 [INFO] __main__: Сохранено 2 номеров для Катрин
2026-09-29 14:31:23 [INFO] __main__: Запрашиваю miniotel_medveditsa (miniotel_medveditsa)
2026-09-29 14:31:26 [INFO] __main__: Сохранено 4 номеров для Меблированные комнаты Медведица
2026-09-29 14:31:26 [INFO] __main__: Запрашиваю royal_hotel_33 (royal_hotel_33)
2026-09-29 14:31:31 [INFO] __main__: Сохранено 5 номеров для Отель Рояль
2026-09-29 14:31:31 [INFO] __main__: Запрашиваю rodnye_berega_holiday_park_ (rodnye_berega_holiday_park_)
2026-09-29 14:31:32 [INFO] __main__: Сохранено 2 номеров для База Отдыха Родные Берега
2026-09-29 14:31:32 [INFO] __main__: Запрашиваю hotel_barguzin (hotel_barguzin)
2026-09-29 14:31:35 [INFO] __main__: Сохранено 4 номеров для Меблированные комнаты Баргузин
2026-09-29 14:31:35 [INFO] __main__: Запрашиваю baza_otdykha_village_hvoy (baza_otdykha_village_hvoy)
2026-09-29 14:31:35 [INFO] __main__: Сохранено 4 номеров для Вилладж Хвоя
2026-09-29 14:31:35 [INFO] __main__: Запрашиваю u_istoka_hotel (u_istoka_hotel)
2026-09-29 14:31:36 [INFO] __main__: Сохранено 3 номеров для Гостиница У Истока
2026-09-29 14:31:36 [INFO] __main__: Запрашиваю hotel_shvedka (hotel_shvedka)
2026-09-29 14:31:38 [INFO] __main__: Сохранено 11 номеров для Отель ШВЕДКА
2026-09-29 14:31:38 [INFO] __main__: Запрашиваю gostevoi_dom_margobai (gostevoi_dom_margobai)
2026-09-29 14:31:39 [INFO] __main__: Сохранено 8 номеров для Отель Маргобай
2026-09-29 14:31:39 [INFO] __main__: Запрашиваю arena_on_sverdlov (arena_on_sverdlov)
2026-09-29 14:31:41 [INFO] __main__: Сохранено 4 номеров для Меблированные комнаты общежитие "Арена на Свердлова"
2026-09-29 14:31:41 [INFO] __main__: Запрашиваю recreation_complex_altan (recreation_complex_altan)
2026-09-29 14:31:43 [INFO] __main__: Сохранено 6 номеров для Парк-Отель Алтан
2026-09-29 14:31:43 [INFO] __main__: Запрашиваю oktyabrskaya_minihotel (oktyabrskaya_minihotel)
2026-09-29 14:31:45 [INFO] __main__: Сохранено 3 номеров для Октябрьская
2026-09-29 14:31:45 [INFO] __main__: Запрашиваю hotel_gostinitsa_dinamo (hotel_gostinitsa_dinamo)
2026-09-29 14:31:45 [INFO] __main__: Сохранено 5 номеров для Отель Динамо
2026-09-29 14:31:45 [INFO] __main__: Запрашиваю gloria_20 (gloria_20)
2026-09-29 14:31:46 [INFO] __main__: Сохранено 2 номеров для Отель Глория
2026-09-29 14:31:46 [INFO] __main__: Запрашиваю metelitsa_6 (metelitsa_6)
2026-09-29 14:31:48 [INFO] __main__: Сохранено 3 номеров для Отель Метелица
2026-09-29 14:31:48 [INFO] __main__: Запрашиваю saturn_8 (saturn_8)
2026-09-29 14:31:49 [INFO] __main__: Сохранено 2 номеров для Отель Сатурн
2026-09-29 14:31:49 [INFO] __main__: Запрашиваю olkhon_house_guest_family_house (olkhon_house_guest_family_house)
2026-09-29 14:31:50 [INFO] __main__: Сохранено 4 номеров для Olkhon Family House
2026-09-29 14:31:50 [INFO] __main__: Запрашиваю khoromy_recreation_camp (khoromy_recreation_camp)
2026-09-29 14:31:51 [INFO] __main__: Сохранено 3 номеров для Хоромы
2026-09-29 14:31:51 [INFO] __main__: Запрашиваю na_beregu_baykala_guest_house (na_beregu_baykala_guest_house)
2026-09-29 14:31:52 [INFO] __main__: Сохранено 1 номеров для На берегу Байкала
2026-09-29 14:31:52 [INFO] __main__: Запрашиваю gostevoj_dom_bajkalska_tajga (gostevoj_dom_bajkalska_tajga)
2026-09-29 14:31:55 [INFO] __main__: Сохранено 1 номеров для Байкальска тайга
2026-09-29 14:31:55 [INFO] __main__: Запрашиваю hotel_baikal_krai (hotel_baikal_krai)
2026-09-29 14:31:57 [INFO] __main__: Сохранено 3 номеров для Усадьба Байкальский край
2026-09-29 14:31:57 [INFO] __main__: Запрашиваю aleksandrovskij_dvor (aleksandrovskij_dvor)
2026-09-29 14:31:59 [INFO] __main__: Сохранено 1 номеров для Александровский двор
2026-09-29 14:31:59 [INFO] __main__: Запрашиваю v_russkom_stile_guest_house (v_russkom_stile_guest_house)
2026-09-29 14:31:59 [INFO] __main__: Сохранено 1 номеров для Меблированные комнаты в Русском Стиле
2026-09-29 14:31:59 [INFO] __main__: Запрашиваю dlya_kompanii_guest_house (dlya_kompanii_guest_house)
2026-09-29 14:32:00 [INFO] __main__: Сохранено 1 номеров для Для компании
2026-09-29 14:32:00 [INFO] __main__: Запрашиваю v_gostyakh_u_dubrovskikh_guest_house (v_gostyakh_u_dubrovskikh_guest_house)
2026-09-29 14:32:01 [INFO] __main__: Сохранено 1 номеров для В гостях у ДУБРОВСКИХ
2026-09-29 14:32:01 [INFO] __main__: Запрашиваю home_hotel_apartments_home_wanted_on_piskunov_street (home_hotel_apartments_home_wanted_on_piskunov_street)
2026-09-29 14:32:02 [INFO] __main__: Сохранено 2 номеров для Апартаменты Home Hotel (Хоум Отель) на улице Пискунова
2026-09-29 14:32:02 [INFO] __main__: Запрашиваю profsoyuznaya_hotel_4 (profsoyuznaya_hotel_4)
2026-09-29 14:32:04 [INFO] __main__: Сохранено 1 номеров для Профсоюзная
2026-09-29 14:32:04 [INFO] __main__: Запрашиваю gostevoy_dom_mandarkhan_obaykal (gostevoy_dom_mandarkhan_obaykal)
2026-09-29 14:32:04 [INFO] __main__: Сохранено 1 номеров для Мандархан, о.Байкал
2026-09-29 14:32:04 [INFO] __main__: Запрашиваю loft_house_38_guest_house (loft_house_38_guest_house)
2026-09-29 14:32:05 [INFO] __main__: Сохранено 2 номеров для Loft House 38
2026-09-29 14:32:05 [INFO] __main__: Запрашиваю komilfo_2 (komilfo_2)
2026-09-29 14:32:08 [INFO] __main__: Сохранено 4 номеров для Отель Комильфо
2026-09-29 14:32:08 [INFO] __main__: Запрашиваю glemping_hygge_barn (glemping_hygge_barn)
2026-09-29 14:32:09 [INFO] __main__: Сохранено 1 номеров для Hygge Barn
2026-09-29 14:32:09 [INFO] __main__: Запрашиваю gostevoj_dom_na_zvezdinskoj (gostevoj_dom_na_zvezdinskoj)
2026-09-29 14:32:10 [INFO] __main__: Сохранено 3 номеров для Отель на Звездинской
2026-09-29 14:32:10 [INFO] __main__: Запрашиваю gostinitsa_akademicheskaya (gostinitsa_akademicheskaya)
2026-09-29 14:32:11 [INFO] __main__: Сохранено 2 номеров для Отель Гостиница Академическая
2026-09-29 14:32:11 [INFO] __main__: Запрашиваю alaniya (alaniya)
2026-09-29 14:32:13 [INFO] __main__: Сохранено 3 номеров для Алания
2026-09-29 14:32:13 [INFO] __main__: Запрашиваю hotel_olimpiada (hotel_olimpiada)
2026-09-29 14:32:15 [INFO] __main__: Сохранено 5 номеров для Олимпиада
2026-09-29 14:32:15 [INFO] __main__: Запрашиваю yolochka (yolochka)
2026-09-29 14:32:16 [INFO] __main__: Сохранено 9 номеров для Меблированные комнаты Ёлочка
2026-09-29 14:32:16 [INFO] __main__: Запрашиваю lotos_hotel (lotos_hotel)
2026-09-29 14:32:16 [INFO] __main__: Сохранено 6 номеров для Отель Лотос
2026-09-29 14:32:16 [INFO] __main__: Запрашиваю guest_house_baykal (guest_house_baykal)
2026-09-29 14:32:17 [INFO] __main__: Сохранено 2 номеров для В объятиях Байкала
2026-09-29 14:32:17 [INFO] __main__: Сохранено 744 номеров в /home/runner/work/ostrovok-parser/ostrovok-parser/daily/rooms/2026-09-29.csv
2026-09-29 14:32:17 [INFO] __main__: Парсинг завершён. Всего обработано 744 номеров.
2026-09-29 14:32:19 [WARNING] __main__: free_rooms_amount (53) > rooms_num (38) для vera_baikal — используем effective_rooms_num=53
2026-09-29 14:32:19 [WARNING] __main__: free_rooms_amount (18) > rooms_num (10) для bolshoe_puteshestvie_hotel — используем effective_rooms_num=18
2026-09-29 14:32:19 [WARNING] __main__: free_rooms_amount (44) > rooms_num (27) для hotel_nikola_2 — используем effective_rooms_num=44
2026-09-29 14:32:19 [WARNING] __main__: free_rooms_amount (27) > rooms_num (26) для hotel_anastasiya_2 — используем effective_rooms_num=27
2026-09-29 14:32:19 [WARNING] __main__: free_rooms_amount (82) > rooms_num (44) для eko_baikalwood_hotel — используем effective_rooms_num=82
2026-09-29 14:32:19 [WARNING] __main__: free_rooms_amount (41) > rooms_num (40) для history_boutiquehotel — используем effective_rooms_num=41
2026-09-29 14:32:19 [WARNING] __main__: free_rooms_amount (592) > rooms_num (156) для baikal_forest_hotel — используем effective_rooms_num=592
2026-09-29 14:32:19 [WARNING] __main__: free_rooms_amount (60) > rooms_num (54) для mayak_hotel_listvyanka — используем effective_rooms_num=60
2026-09-29 14:32:19 [WARNING] __main__: free_rooms_amount (6) > rooms_num (5) для bely_bereg — используем effective_rooms_num=6
2026-09-29 14:32:19 [WARNING] __main__: free_rooms_amount (17) > rooms_num (15) для dom_baykal_guest_house — используем effective_rooms_num=17
2026-09-29 14:32:19 [WARNING] __main__: free_rooms_amount (16) > rooms_num (15) для arena_g_irkutsk — используем effective_rooms_num=16
2026-09-29 14:32:19 [WARNING] __main__: free_rooms_amount (13) > rooms_num (11) для baykal_shale_guest_house — используем effective_rooms_num=13
2026-09-29 14:32:19 [WARNING] __main__: free_rooms_amount (27) > rooms_num (4) для dauria_hotel_2 — используем effective_rooms_num=27
2026-09-29 14:32:19 [WARNING] __main__: free_rooms_amount (33) > rooms_num (14) для gostevoi_dom_margobai — используем effective_rooms_num=33
2026-09-29 14:32:19 [WARNING] __main__: free_rooms_amount (26) > rooms_num (25) для recreation_complex_altan — используем effective_rooms_num=26
2026-09-29 14:32:19 [WARNING] __main__: free_rooms_amount (34) > rooms_num (25) для gostevoj_dom_na_zvezdinskoj — используем effective_rooms_num=34
2026-09-29 14:32:19 [WARNING] __main__: free_rooms_amount (9) > rooms_num (6) для yolochka — используем effective_rooms_num=9
2026-09-29 14:32:19 [INFO] __main__: Статистика сохранена в /home/runner/work/ostrovok-parser/ostrovok-parser/daily/statistics/2026-09-29.csv
2026-09-29 14:32:19 [INFO] __main__: Обработано 185 отелей
