2026-08-13 08:59:34 [INFO] __main__: Режим CI: увеличенные таймауты и ожидание networkidle.
2026-08-13 08:59:34 [INFO] __main__: Запуск парсера отелей...
2026-08-13 08:59:34 [INFO] __main__: Даты бронирования: 14.08.2026 - 15.08.2026
2026-08-13 08:59:35 [INFO] __main__: --- Страница 1 ---
2026-08-13 08:59:41 [INFO] __main__: Перехвачено и извлечено 20 отелей. Всего: 20
2026-08-13 09:00:29 [INFO] __main__: Добавлено 20 отелей со страницы 1. Переход на следующую страницу...
2026-08-13 09:00:31 [INFO] __main__: --- Страница 2 ---
2026-08-13 09:00:34 [INFO] __main__: Перехвачено и извлечено 20 отелей. Всего: 40
2026-08-13 09:00:41 [INFO] __main__: Добавлено 20 отелей со страницы 2. Переход на следующую страницу...
2026-08-13 09:00:43 [INFO] __main__: --- Страница 3 ---
2026-08-13 09:00:46 [INFO] __main__: Перехвачено и извлечено 20 отелей. Всего: 60
2026-08-13 09:00:50 [INFO] __main__: Добавлено 20 отелей со страницы 3. Переход на следующую страницу...
2026-08-13 09:00:53 [INFO] __main__: --- Страница 4 ---
2026-08-13 09:00:56 [INFO] __main__: Перехвачено и извлечено 20 отелей. Всего: 80
2026-08-13 09:01:42 [INFO] __main__: Добавлено 20 отелей со страницы 4. Переход на следующую страницу...
2026-08-13 09:01:44 [INFO] __main__: --- Страница 5 ---
2026-08-13 09:01:47 [INFO] __main__: Перехвачено и извлечено 20 отелей. Всего: 100
2026-08-13 09:02:35 [INFO] __main__: Добавлено 20 отелей со страницы 5. Переход на следующую страницу...
2026-08-13 09:02:38 [INFO] __main__: --- Страница 6 ---
2026-08-13 09:02:41 [INFO] __main__: Перехвачено и извлечено 20 отелей. Всего: 120
2026-08-13 09:02:44 [INFO] __main__: Добавлено 20 отелей со страницы 6. Переход на следующую страницу...
2026-08-13 09:02:47 [INFO] __main__: --- Страница 7 ---
2026-08-13 09:02:49 [INFO] __main__: Перехвачено и извлечено 20 отелей. Всего: 140
2026-08-13 09:03:36 [INFO] __main__: Добавлено 20 отелей со страницы 7. Переход на следующую страницу...
2026-08-13 09:03:39 [INFO] __main__: --- Страница 8 ---
2026-08-13 09:03:42 [INFO] __main__: Перехвачено и извлечено 20 отелей. Всего: 160
2026-08-13 09:04:28 [INFO] __main__: Добавлено 20 отелей со страницы 8. Переход на следующую страницу...
2026-08-13 09:04:31 [INFO] __main__: --- Страница 9 ---
2026-08-13 09:04:35 [INFO] __main__: Перехвачено и извлечено 15 отелей. Всего: 175
2026-08-13 09:05:23 [INFO] __main__: Добавлено 15 отелей со страницы 9. Переход на следующую страницу...
2026-08-13 09:05:25 [INFO] __main__: --- Страница 10 ---
2026-08-13 09:06:16 [WARNING] __main__: На странице 10 отелей не получено. Конец списка.
2026-08-13 09:06:16 [INFO] __main__: === Всего собрано отелей со всех страниц: 175 ===
2026-08-13 09:06:31 [INFO] __main__: Сохранено 175 отелей в /home/runner/work/ostrovok-parser/ostrovok-parser/daily/hotels/2026-08-13.csv
2026-08-13 09:06:31 [INFO] __main__: Парсинг завершён. Всего обработано 175 отелей.
2026-08-13 09:06:31 [INFO] __main__: Каталог сохранён: 279 отелей → /home/runner/work/ostrovok-parser/ostrovok-parser/catalog/hotels.csv
2026-08-13 09:06:31 [INFO] __main__: Каталог обновлён: всего 279, новых 0
2026-08-13 09:06:35 [INFO] __main__: Даты бронирования: 14.08.2026 - 15.08.2026
2026-08-13 09:06:35 [INFO] __main__: Запуск браузера для получения куки...
2026-08-13 09:06:41 [INFO] __main__: Получено 60 куки
2026-08-13 09:06:41 [INFO] __main__: Запрашиваю irkutsk_city_center (irkutsk_city_center)
2026-08-13 09:06:42 [INFO] __main__: Сохранено 1 номеров для Отель Иркутск Сити Центр
2026-08-13 09:06:42 [INFO] __main__: Запрашиваю angara_hotel (angara_hotel)
2026-08-13 09:06:46 [INFO] __main__: Сохранено 6 номеров для Ангара Отель
2026-08-13 09:06:46 [INFO] __main__: Запрашиваю azimut_aeroport_irkutsk_hotel (azimut_aeroport_irkutsk_hotel)
2026-08-13 09:06:47 [INFO] __main__: Сохранено 7 номеров для AZIMUT Отель Аэропорт Иркутск 4*
2026-08-13 09:06:47 [INFO] __main__: Запрашиваю taiga_2 (taiga_2)
2026-08-13 09:06:48 [INFO] __main__: Сохранено 4 номеров для Отель Тайга
2026-08-13 09:06:48 [INFO] __main__: Запрашиваю evropa_hotel (evropa_hotel)
2026-08-13 09:06:49 [INFO] __main__: Сохранено 11 номеров для Отель Европа
2026-08-13 09:06:49 [INFO] __main__: Запрашиваю rus_hotel_irkutsk (rus_hotel_irkutsk)
2026-08-13 09:06:53 [INFO] __main__: Сохранено 6 номеров для Гостиничный Комплекс Русь
2026-08-13 09:06:53 [INFO] __main__: Запрашиваю mayak_hotel_listvyanka (mayak_hotel_listvyanka)
2026-08-13 09:06:57 [INFO] __main__: Сохранено 2 номеров для Отель Маяк
2026-08-13 09:06:57 [INFO] __main__: Запрашиваю klubnyij_kvartal_apartments (klubnyij_kvartal_apartments)
2026-08-13 09:07:02 [INFO] __main__: Сохранено 3 номеров для Клубный Квартал
2026-08-13 09:07:02 [INFO] __main__: Запрашиваю vozdushnaya_gavan (vozdushnaya_gavan)
2026-08-13 09:07:06 [INFO] __main__: Сохранено 2 номеров для Отель Воздушная Гавань
2026-08-13 09:07:06 [INFO] __main__: Запрашиваю bolshoe_puteshestvie_hotel (bolshoe_puteshestvie_hotel)
2026-08-13 09:07:10 [INFO] __main__: Сохранено 3 номеров для Кемпинг Отель Ольхон
2026-08-13 09:07:10 [INFO] __main__: Запрашиваю miniotel_good_hotel (miniotel_good_hotel)
2026-08-13 09:07:12 [INFO] __main__: Сохранено 3 номеров для Мини-Отель Good Hotel
2026-08-13 09:07:12 [INFO] __main__: Запрашиваю gostevoy_dom_holiday_park_on_olkhon (gostevoy_dom_holiday_park_on_olkhon)
2026-08-13 09:07:15 [INFO] __main__: Сохранено 1 номеров для Holiday park on Olkhon
2026-08-13 09:07:15 [INFO] __main__: Запрашиваю hotel_nataly_2 (hotel_nataly_2)
2026-08-13 09:07:18 [INFO] __main__: Сохранено 2 номеров для Отель Натали
2026-08-13 09:07:18 [INFO] __main__: Запрашиваю dohodnyij_dom_listratvoj_butikhotel (dohodnyij_dom_listratvoj_butikhotel)
2026-08-13 09:07:18 [INFO] __main__: Сохранено 5 номеров для Отель Доходный дом Листратовой
2026-08-13 09:07:18 [INFO] __main__: Запрашиваю hotel_harats_inn (hotel_harats_inn)
2026-08-13 09:07:20 [INFO] __main__: Сохранено 4 номеров для Отель Harat's inn
2026-08-13 09:07:20 [INFO] __main__: Запрашиваю tajga_hotel (tajga_hotel)
2026-08-13 09:07:21 [INFO] __main__: Сохранено 3 номеров для Отель Тайга
2026-08-13 09:07:21 [INFO] __main__: Запрашиваю otel_irkut (otel_irkut)
2026-08-13 09:07:21 [INFO] __main__: Сохранено 5 номеров для Отель Иркут
2026-08-13 09:07:21 [INFO] __main__: Запрашиваю international_hotel_sayen (international_hotel_sayen)
2026-08-13 09:07:22 [INFO] __main__: Сохранено 7 номеров для SAYEN
2026-08-13 09:07:22 [INFO] __main__: Запрашиваю best_eastern_hotel_zvezda (best_eastern_hotel_zvezda)
2026-08-13 09:07:24 [INFO] __main__: Сохранено 6 номеров для Отель Звезда
2026-08-13 09:07:24 [INFO] __main__: Запрашиваю apartamentyi_v_irkutske (apartamentyi_v_irkutske)
2026-08-13 09:07:26 [INFO] __main__: Сохранено 1 номеров для Меблированные комнаты в Иркутске
2026-08-13 09:07:26 [INFO] __main__: Запрашиваю empire_hotel_3 (empire_hotel_3)
2026-08-13 09:07:27 [INFO] __main__: Сохранено 10 номеров для Гостиница Империя
2026-08-13 09:07:27 [INFO] __main__: Запрашиваю hotel_nuur_hotel (hotel_nuur_hotel)
2026-08-13 09:07:32 [INFO] __main__: Сохранено 7 номеров для Отель Nuur Hotel
2026-08-13 09:07:32 [INFO] __main__: Запрашиваю minihotel_albatros (minihotel_albatros)
2026-08-13 09:07:34 [INFO] __main__: Сохранено 3 номеров для Гостиница Альбатрос
2026-08-13 09:07:34 [INFO] __main__: Запрашиваю baykal_shale_guest_house (baykal_shale_guest_house)
2026-08-13 09:07:35 [INFO] __main__: Сохранено 1 номеров для Байкал Шале
2026-08-13 09:07:35 [INFO] __main__: Запрашиваю guest_house_baykal (guest_house_baykal)
2026-08-13 09:07:36 [INFO] __main__: Сохранено 1 номеров для В объятиях Байкала
2026-08-13 09:07:36 [INFO] __main__: Запрашиваю yakovlev_hotel (yakovlev_hotel)
2026-08-13 09:07:40 [INFO] __main__: Сохранено 2 номеров для Отель Яковлевъ
2026-08-13 09:07:40 [INFO] __main__: Запрашиваю otel_tsentral (otel_tsentral)
2026-08-13 09:07:45 [INFO] __main__: Сохранено 6 номеров для Отель Централь
2026-08-13 09:07:45 [INFO] __main__: Запрашиваю history_boutiquehotel (history_boutiquehotel)
2026-08-13 09:07:50 [INFO] __main__: Сохранено 8 номеров для Отель HISTORY Бутик-отель и СПА
2026-08-13 09:07:50 [INFO] __main__: Запрашиваю mini_hotel_vizit (mini_hotel_vizit)
2026-08-13 09:07:51 [INFO] __main__: Сохранено 2 номеров для Гостиница Визит
2026-08-13 09:07:51 [INFO] __main__: Запрашиваю aristokrat_hotel (aristokrat_hotel)
2026-08-13 09:07:51 [INFO] __main__: Сохранено 5 номеров для Отель Аристократ
2026-08-13 09:07:51 [INFO] __main__: Запрашиваю hotel_olkhonhill (hotel_olkhonhill)
2026-08-13 09:07:54 [INFO] __main__: Сохранено 2 номеров для Отель Olkhon-hill
2026-08-13 09:07:54 [INFO] __main__: Запрашиваю uda_2 (uda_2)
2026-08-13 09:07:59 [INFO] __main__: Сохранено 6 номеров для Отель УДА
2026-08-13 09:07:59 [INFO] __main__: Запрашиваю lyuks_hotel_4 (lyuks_hotel_4)
2026-08-13 09:08:02 [INFO] __main__: Сохранено 3 номеров для Отель Люкс
2026-08-13 09:08:02 [INFO] __main__: Запрашиваю wind_lake_guest_house (wind_lake_guest_house)
2026-08-13 09:08:03 [INFO] __main__: Сохранено 1 номеров для Wind Lake
2026-08-13 09:08:03 [INFO] __main__: Запрашиваю archi_apt_apartments (archi_apt_apartments)
2026-08-13 09:08:03 [INFO] __main__: Сохранено 1 номеров для Отель Baikal Archi Apt
2026-08-13 09:08:03 [INFO] __main__: Запрашиваю the_sky_of_lake_baikal (the_sky_of_lake_baikal)
2026-08-13 09:08:04 [INFO] __main__: Сохранено 1 номеров для Небо Байкала
2026-08-13 09:08:04 [INFO] __main__: Запрашиваю parus_18 (parus_18)
2026-08-13 09:08:06 [INFO] __main__: Сохранено 4 номеров для Курортный отель Парус
2026-08-13 09:08:06 [INFO] __main__: Запрашиваю city_park_hotel_13 (city_park_hotel_13)
2026-08-13 09:08:07 [INFO] __main__: Сохранено 5 номеров для Меблированные комнаты City Park
2026-08-13 09:08:07 [INFO] __main__: Запрашиваю gostevoy_dom_sunrise (gostevoy_dom_sunrise)
2026-08-13 09:08:09 [INFO] __main__: Сохранено 1 номеров для Sunrise
2026-08-13 09:08:09 [INFO] __main__: Запрашиваю gostevoj_dom_otdyih_na_bajkale (gostevoj_dom_otdyih_na_bajkale)
2026-08-13 09:08:10 [INFO] __main__: Сохранено 5 номеров для Отель Отдых на Байкале
2026-08-13 09:08:10 [INFO] __main__: Запрашиваю praskovya_guest_house (praskovya_guest_house)
2026-08-13 09:08:12 [INFO] __main__: Сохранено 4 номеров для Отель Прасковья
2026-08-13 09:08:12 [INFO] __main__: Запрашиваю lotos_hotel (lotos_hotel)
2026-08-13 09:08:15 [INFO] __main__: Сохранено 4 номеров для Отель Лотос
2026-08-13 09:08:15 [INFO] __main__: Запрашиваю ibis_irkutsk_center (ibis_irkutsk_center)
2026-08-13 09:08:20 [INFO] __main__: Сохранено 2 номеров для Отель Ибис Иркутск Центр
2026-08-13 09:08:20 [INFO] __main__: Запрашиваю podlemorie_hotel (podlemorie_hotel)
2026-08-13 09:08:21 [INFO] __main__: Сохранено 1 номеров для Отель Подлеморье
2026-08-13 09:08:21 [INFO] __main__: Запрашиваю hotel_premium_hotel_pushkin (hotel_premium_hotel_pushkin)
2026-08-13 09:08:22 [INFO] __main__: Сохранено 2 номеров для Премиум-отель Пушкин
2026-08-13 09:08:22 [INFO] __main__: Запрашиваю smart_hotel_kdo_irkutsk_hotel (smart_hotel_kdo_irkutsk_hotel)
2026-08-13 09:08:22 [INFO] __main__: Сохранено 3 номеров для Отель Smart Hotel Иркутск
2026-08-13 09:08:22 [INFO] __main__: Запрашиваю gostevoj_dom_na_zvezdinskoj (gostevoj_dom_na_zvezdinskoj)
2026-08-13 09:08:25 [INFO] __main__: Сохранено 3 номеров для Отель на Звездинской
2026-08-13 09:08:25 [INFO] __main__: Запрашиваю malinovka_3 (malinovka_3)
2026-08-13 09:08:28 [INFO] __main__: Сохранено 1 номеров для Малиновка
2026-08-13 09:08:28 [INFO] __main__: Запрашиваю montana_hostel (montana_hostel)
2026-08-13 09:08:28 [INFO] __main__: Сохранено 2 номеров для Меблированные комнаты Montana
2026-08-13 09:08:28 [INFO] __main__: Запрашиваю gostevoy_dom_briz_3 (gostevoy_dom_briz_3)
2026-08-13 09:08:31 [INFO] __main__: Сохранено 1 номеров для Меблированные комнаты БРИЗ
2026-08-13 09:08:31 [INFO] __main__: Запрашиваю larus (larus)
2026-08-13 09:08:32 [INFO] __main__: Сохранено 1 номеров для Отель Ларус
2026-08-13 09:08:32 [INFO] __main__: Запрашиваю burduguz_hotel_2 (burduguz_hotel_2)
2026-08-13 09:08:32 [INFO] __main__: Сохранено 1 номеров для Парк-Отель Бурдугуз
2026-08-13 09:08:32 [INFO] __main__: Запрашиваю baikalbabr (baikalbabr)
2026-08-13 09:08:35 [INFO] __main__: Сохранено 2 номеров для Baikal-babr
2026-08-13 09:08:35 [INFO] __main__: Запрашиваю vera_baikal (vera_baikal)
2026-08-13 09:08:40 [INFO] __main__: Сохранено 2 номеров для Отель Вера Байкал
2026-08-13 09:08:40 [INFO] __main__: Запрашиваю guesthouse_dudeevukh (guesthouse_dudeevukh)
2026-08-13 09:08:43 [INFO] __main__: Сохранено 1 номеров для Меблированные комнаты Дудеевых
2026-08-13 09:08:43 [INFO] __main__: Запрашиваю grand_baikal (grand_baikal)
2026-08-13 09:08:44 [INFO] __main__: Сохранено 3 номеров для Отель Гранд Байкал
2026-08-13 09:08:44 [INFO] __main__: Запрашиваю atlas_hotel_3 (atlas_hotel_3)
2026-08-13 09:08:49 [INFO] __main__: Сохранено 5 номеров для Гостиница Атлас
2026-08-13 09:08:49 [INFO] __main__: Запрашиваю baikal_forest_hotel (baikal_forest_hotel)
2026-08-13 09:08:51 [INFO] __main__: Сохранено 7 номеров для Отель Форест
2026-08-13 09:08:51 [INFO] __main__: Запрашиваю hotel_dacha_baikaleco (hotel_dacha_baikaleco)
2026-08-13 09:08:53 [INFO] __main__: Сохранено 1 номеров для Семейный отель Дача БайкалЭко
2026-08-13 09:08:53 [INFO] __main__: Запрашиваю miniotel_gostinitsa_nerpenok (miniotel_gostinitsa_nerpenok)
2026-08-13 09:08:56 [INFO] __main__: Сохранено 3 номеров для Нерпенок
2026-08-13 09:08:56 [INFO] __main__: Запрашиваю hotel_flagman_olkhona (hotel_flagman_olkhona)
2026-08-13 09:09:02 [INFO] __main__: Сохранено 5 номеров для Отель Флагман Ольхона
2026-08-13 09:09:02 [INFO] __main__: Запрашиваю olkhon_inn (olkhon_inn)
2026-08-13 09:09:04 [INFO] __main__: Сохранено 2 номеров для Olkhon Inn
2026-08-13 09:09:04 [INFO] __main__: Запрашиваю bajkal_severnoe_more_hotel (bajkal_severnoe_more_hotel)
2026-08-13 09:09:07 [INFO] __main__: Сохранено 8 номеров для Отель Байкал - Северное Море
2026-08-13 09:09:07 [INFO] __main__: Запрашиваю alaniya (alaniya)
2026-08-13 09:09:10 [INFO] __main__: Сохранено 1 номеров для Алания
2026-08-13 09:09:10 [INFO] __main__: Запрашиваю magas (magas)
2026-08-13 09:09:13 [INFO] __main__: Сохранено 5 номеров для Отель на Перроне
2026-08-13 09:09:13 [INFO] __main__: Запрашиваю baykal_guest_house_3 (baykal_guest_house_3)
2026-08-13 09:09:13 [INFO] __main__: Сохранено 2 номеров для Меблированные комнаты Байкал
2026-08-13 09:09:13 [INFO] __main__: Запрашиваю 7_dorog (7_dorog)
2026-08-13 09:09:14 [INFO] __main__: Сохранено 6 номеров для Гостиница 7 дорог
2026-08-13 09:09:14 [INFO] __main__: Запрашиваю miniotel_serdtse_baykala (miniotel_serdtse_baykala)
2026-08-13 09:09:14 [INFO] __main__: Сохранено 1 номеров для Сердце Байкала
2026-08-13 09:09:14 [INFO] __main__: Запрашиваю flagman_hotel (flagman_hotel)
2026-08-13 09:09:17 [INFO] __main__: Сохранено 2 номеров для Отель Флагман
2026-08-13 09:09:17 [INFO] __main__: Запрашиваю hotel_nikola_2 (hotel_nikola_2)
2026-08-13 09:09:21 [INFO] __main__: Сохранено 3 номеров для Отель Никола
2026-08-13 09:09:21 [INFO] __main__: Запрашиваю solnechny_guest_house_7 (solnechny_guest_house_7)
2026-08-13 09:09:22 [INFO] __main__: Сохранено 1 номеров для Cолнечный
2026-08-13 09:09:22 [INFO] __main__: Запрашиваю inn_business_hall (inn_business_hall)
2026-08-13 09:09:27 [INFO] __main__: Сохранено 5 номеров для Отель Business Hall
2026-08-13 09:09:27 [INFO] __main__: Запрашиваю mihail_strogov (mihail_strogov)
2026-08-13 09:09:30 [INFO] __main__: Сохранено 5 номеров для Отель Михаил Строгов
2026-08-13 09:09:30 [INFO] __main__: Запрашиваю baza_otdykha_olkhon (baza_otdykha_olkhon)
2026-08-13 09:09:30 [INFO] __main__: Сохранено 3 номеров для База отдыха Ольхон
2026-08-13 09:09:30 [INFO] __main__: Запрашиваю izumrud_hotel_7 (izumrud_hotel_7)
2026-08-13 09:09:33 [INFO] __main__: Сохранено 4 номеров для Отель Изумруд
2026-08-13 09:09:33 [INFO] __main__: Запрашиваю legendy_baykala (legendy_baykala)
2026-08-13 09:09:33 [INFO] __main__: Сохранено 5 номеров для Гостиница Легенды Байкала
2026-08-13 09:09:33 [INFO] __main__: Запрашиваю hotel_sozvezdie_baikala (hotel_sozvezdie_baikala)
2026-08-13 09:09:35 [INFO] __main__: Сохранено 4 номеров для Отель Созвездие Байкала
2026-08-13 09:09:35 [INFO] __main__: Запрашиваю gostinitsa_akademicheskaya (gostinitsa_akademicheskaya)
2026-08-13 09:09:35 [INFO] __main__: Сохранено 2 номеров для Отель Гостиница Академическая
2026-08-13 09:09:35 [INFO] __main__: Запрашиваю kheyvitsa_guest_house (kheyvitsa_guest_house)
2026-08-13 09:09:38 [INFO] __main__: Сохранено 7 номеров для Отель Гостевой Дом Хейвица
2026-08-13 09:09:38 [INFO] __main__: Запрашиваю matreshka_hotel (matreshka_hotel)
2026-08-13 09:09:42 [INFO] __main__: Сохранено 8 номеров для Отель Матрешка
2026-08-13 09:09:42 [INFO] __main__: Запрашиваю hotel_kurshavel_ (hotel_kurshavel_)
2026-08-13 09:09:48 [INFO] __main__: Сохранено 3 номеров для Отель Куршавель
2026-08-13 09:09:48 [INFO] __main__: Запрашиваю baikal_view_hotel (baikal_view_hotel)
2026-08-13 09:09:50 [INFO] __main__: Сохранено 6 номеров для Baikal View Hotel
2026-08-13 09:09:50 [INFO] __main__: Запрашиваю lada_8 (lada_8)
2026-08-13 09:09:51 [INFO] __main__: Сохранено 8 номеров для Отель Гостиница ЛАДА
2026-08-13 09:09:51 [INFO] __main__: Запрашиваю artrezidentsiya_port_olhon (artrezidentsiya_port_olhon)
2026-08-13 09:09:53 [INFO] __main__: Сохранено 7 номеров для Арт-отель Порт Ольхон
2026-08-13 09:09:53 [INFO] __main__: Запрашиваю beliy_sobol_parkhotel (beliy_sobol_parkhotel)
2026-08-13 09:09:58 [INFO] __main__: Сохранено 3 номеров для Парк-отель Белый Соболь
2026-08-13 09:09:58 [INFO] __main__: Запрашиваю eko_baikalwood_hotel (eko_baikalwood_hotel)
2026-08-13 09:09:59 [INFO] __main__: Сохранено 10 номеров для Отель БайкалВуд
2026-08-13 09:09:59 [INFO] __main__: Запрашиваю lazurny_bereg_hotel_ (lazurny_bereg_hotel_)
2026-08-13 09:10:03 [INFO] __main__: Сохранено 4 номеров для Гостиница Лазурный берег
2026-08-13 09:10:03 [INFO] __main__: Запрашиваю krestovaya_pad_hotel (krestovaya_pad_hotel)
2026-08-13 09:10:04 [INFO] __main__: Сохранено 6 номеров для Гостиница Крестовая падь
2026-08-13 09:10:04 [INFO] __main__: Запрашиваю trakstop_38_2 (trakstop_38_2)
2026-08-13 09:10:07 [INFO] __main__: Сохранено 2 номеров для Тракстоп 38
2026-08-13 09:10:07 [INFO] __main__: Запрашиваю dream_of_baikal_hotel (dream_of_baikal_hotel)
2026-08-13 09:10:10 [INFO] __main__: Сохранено 5 номеров для Отель Dream of Baikal
2026-08-13 09:10:10 [INFO] __main__: Запрашиваю hotel_anastasiya_2 (hotel_anastasiya_2)
2026-08-13 09:10:10 [INFO] __main__: Сохранено 2 номеров для Отель ГК Анастасия
2026-08-13 09:10:10 [INFO] __main__: Запрашиваю olkhonstory_guest_house (olkhonstory_guest_house)
2026-08-13 09:10:13 [INFO] __main__: Сохранено 2 номеров для История Ольхона
2026-08-13 09:10:13 [INFO] __main__: Запрашиваю hotel_u_ruchyya (hotel_u_ruchyya)
2026-08-13 09:10:13 [INFO] __main__: Сохранено 1 номеров для Отель У ручья
2026-08-13 09:10:13 [INFO] __main__: Запрашиваю dom_baykal_guest_house (dom_baykal_guest_house)
2026-08-13 09:10:14 [INFO] __main__: Сохранено 3 номеров для Меблированные комнаты Дом Байкал
2026-08-13 09:10:14 [INFO] __main__: Запрашиваю kupechesky_dvor_hotel (kupechesky_dvor_hotel)
2026-08-13 09:10:16 [INFO] __main__: Сохранено 6 номеров для Отель Купеческий Дворъ
2026-08-13 09:10:16 [INFO] __main__: Запрашиваю tsentr_otdykha_dashi (tsentr_otdykha_dashi)
2026-08-13 09:10:18 [INFO] __main__: Сохранено 4 номеров для Центр отдыха Да-ши
2026-08-13 09:10:18 [INFO] __main__: Запрашиваю hotel_angara (hotel_angara)
2026-08-13 09:10:23 [INFO] __main__: Сохранено 5 номеров для Отель Ангара-Приоритет
2026-08-13 09:10:23 [INFO] __main__: Запрашиваю maksi_hotel (maksi_hotel)
2026-08-13 09:10:23 [INFO] __main__: Сохранено 1 номеров для Отель Макси
2026-08-13 09:10:23 [INFO] __main__: Запрашиваю hotel_yubileinaya__2 (hotel_yubileinaya__2)
2026-08-13 09:10:24 [INFO] __main__: Сохранено 5 номеров для Гостиница Юбилейная
2026-08-13 09:10:24 [INFO] __main__: Запрашиваю baza_otdykha_akvamarin (baza_otdykha_akvamarin)
2026-08-13 09:10:27 [INFO] __main__: Сохранено 6 номеров для Аквамарин
2026-08-13 09:10:27 [INFO] __main__: Запрашиваю amurskiy (amurskiy)
2026-08-13 09:10:27 [INFO] __main__: Сохранено 6 номеров для Отель Амурский
2026-08-13 09:10:27 [INFO] __main__: Запрашиваю gostinitsa_undina (gostinitsa_undina)
2026-08-13 09:10:30 [INFO] __main__: Сохранено 4 номеров для Отель Ундина
2026-08-13 09:10:30 [INFO] __main__: Запрашиваю gostinitsa_solntse (gostinitsa_solntse)
2026-08-13 09:10:32 [INFO] __main__: Сохранено 7 номеров для Гостиница Солнце
2026-08-13 09:10:32 [INFO] __main__: Запрашиваю hotel_gostinitsa_avtovokzal (hotel_gostinitsa_avtovokzal)
2026-08-13 09:10:33 [INFO] __main__: Сохранено 4 номеров для Отель Автовокзал
2026-08-13 09:10:33 [INFO] __main__: Запрашиваю armat_hotel (armat_hotel)
2026-08-13 09:10:38 [INFO] __main__: Сохранено 9 номеров для Отель Армат
2026-08-13 09:10:38 [INFO] __main__: Запрашиваю gostevoi_dom_margobai (gostevoi_dom_margobai)
2026-08-13 09:10:42 [INFO] __main__: Сохранено 1 номеров для Отель Маргобай
2026-08-13 09:10:42 [INFO] __main__: Запрашиваю ozerny_tulun_sports_complex_na_karbysheva_185_apartment (ozerny_tulun_sports_complex_na_karbysheva_185_apartment)
2026-08-13 09:10:43 [INFO] __main__: Сохранено 1 номеров для Спорткомплекс Озерный Тулун на Карбышева 185
2026-08-13 09:10:43 [INFO] __main__: Запрашиваю profsoyuznaya_hotel_4 (profsoyuznaya_hotel_4)
2026-08-13 09:10:44 [INFO] __main__: Сохранено 1 номеров для Отель Профсоюзная
2026-08-13 09:10:44 [INFO] __main__: Запрашиваю tengis_park_hotel (tengis_park_hotel)
2026-08-13 09:10:48 [INFO] __main__: Сохранено 1 номеров для Отель Тэнгис
2026-08-13 09:10:48 [INFO] __main__: Запрашиваю bajkalskie_sezonyi (bajkalskie_sezonyi)
2026-08-13 09:10:52 [INFO] __main__: Сохранено 5 номеров для Отель Парк Байкальские сезоны
2026-08-13 09:10:52 [INFO] __main__: Запрашиваю flagman_hotel_4 (flagman_hotel_4)
2026-08-13 09:10:55 [INFO] __main__: Сохранено 3 номеров для Отель Флагман
2026-08-13 09:10:55 [INFO] __main__: Запрашиваю riderside (riderside)
2026-08-13 09:10:58 [INFO] __main__: Сохранено 2 номеров для Гостиница Riverside
2026-08-13 09:10:58 [INFO] __main__: Запрашиваю arena_on_sverdlov (arena_on_sverdlov)
2026-08-13 09:11:04 [INFO] __main__: Сохранено 4 номеров для Меблированные комнаты общежитие "Арена на Свердлова"
2026-08-13 09:11:04 [INFO] __main__: Запрашиваю hotel_complex_baikalov_ostrog (hotel_complex_baikalov_ostrog)
2026-08-13 09:11:05 [INFO] __main__: Сохранено 5 номеров для Гостиница Байкалов Острог
2026-08-13 09:11:05 [INFO] __main__: Запрашиваю bely_bereg (bely_bereg)
2026-08-13 09:11:05 [INFO] __main__: Сохранено 3 номеров для Отель Белый берег
2026-08-13 09:11:05 [INFO] __main__: Запрашиваю hotel_olimpiada (hotel_olimpiada)
2026-08-13 09:11:08 [INFO] __main__: Сохранено 3 номеров для Олимпиада
2026-08-13 09:11:08 [INFO] __main__: Запрашиваю aura_living_quarters (aura_living_quarters)
2026-08-13 09:11:08 [INFO] __main__: Сохранено 1 номеров для Меблированные комнаты Аура
2026-08-13 09:11:08 [INFO] __main__: Запрашиваю hotel_gostinitsa_dinamo (hotel_gostinitsa_dinamo)
2026-08-13 09:11:09 [INFO] __main__: Сохранено 5 номеров для Отель Динамо
2026-08-13 09:11:09 [INFO] __main__: Запрашиваю planeta_9 (planeta_9)
2026-08-13 09:11:12 [INFO] __main__: Сохранено 4 номеров для Планета
2026-08-13 09:11:12 [INFO] __main__: Запрашиваю hotel_pushkin_2 (hotel_pushkin_2)
2026-08-13 09:11:17 [INFO] __main__: Сохранено 5 номеров для Отель ПушкинЪ
2026-08-13 09:11:17 [INFO] __main__: Запрашиваю v_samom_tsentre_irkutska_minihotel (v_samom_tsentre_irkutska_minihotel)
2026-08-13 09:11:18 [INFO] __main__: Сохранено 2 номеров для Отель В Сердце Иркутска
2026-08-13 09:11:18 [INFO] __main__: Запрашиваю guest_house_vremena_goda (guest_house_vremena_goda)
2026-08-13 09:11:18 [INFO] __main__: Сохранено 4 номеров для Времена Года
2026-08-13 09:11:18 [INFO] __main__: Запрашиваю vostochnaia (vostochnaia)
2026-08-13 09:11:18 [INFO] __main__: Сохранено 5 номеров для Гостиница Восточная
2026-08-13 09:11:18 [INFO] __main__: Запрашиваю arena_g_irkutsk (arena_g_irkutsk)
2026-08-13 09:11:22 [INFO] __main__: Сохранено 2 номеров для Отель Арена Иркутск
2026-08-13 09:11:22 [INFO] __main__: Запрашиваю hotel_barguzin (hotel_barguzin)
2026-08-13 09:11:25 [INFO] __main__: Сохранено 4 номеров для Меблированные комнаты Баргузин
2026-08-13 09:11:25 [INFO] __main__: Запрашиваю tri_kita_2 (tri_kita_2)
2026-08-13 09:11:25 [INFO] __main__: Сохранено 5 номеров для Отель Три Кита
2026-08-13 09:11:25 [INFO] __main__: Запрашиваю yupiter (yupiter)
2026-08-13 09:11:31 [INFO] __main__: Сохранено 2 номеров для Юпитер
2026-08-13 09:11:31 [INFO] __main__: Запрашиваю oktyabrskaya_minihotel (oktyabrskaya_minihotel)
2026-08-13 09:11:35 [INFO] __main__: Сохранено 3 номеров для Октябрьская
2026-08-13 09:11:35 [INFO] __main__: Запрашиваю green_hotel_ (green_hotel_)
2026-08-13 09:11:36 [INFO] __main__: Сохранено 5 номеров для Грин Отель
2026-08-13 09:11:36 [INFO] __main__: Запрашиваю hotel_khotej (hotel_khotej)
2026-08-13 09:11:38 [INFO] __main__: Сохранено 2 номеров для Отель Хотэй
2026-08-13 09:11:38 [INFO] __main__: Запрашиваю olkhon_house_guest_family_house (olkhon_house_guest_family_house)
2026-08-13 09:11:38 [INFO] __main__: Сохранено 2 номеров для Olkhon Family House
2026-08-13 09:11:38 [INFO] __main__: Запрашиваю the_hotel_on_volzhskaya (the_hotel_on_volzhskaya)
2026-08-13 09:11:41 [INFO] __main__: Сохранено 3 номеров для Гостиница на Волжской
2026-08-13 09:11:41 [INFO] __main__: Запрашиваю metelitsa_6 (metelitsa_6)
2026-08-13 09:11:47 [INFO] __main__: Сохранено 2 номеров для Отель Метелица
2026-08-13 09:11:47 [INFO] __main__: Запрашиваю luna_hotel_9 (luna_hotel_9)
2026-08-13 09:11:49 [INFO] __main__: Сохранено 5 номеров для Отель Луна
2026-08-13 09:11:49 [INFO] __main__: Запрашиваю magnetit (magnetit)
2026-08-13 09:11:54 [INFO] __main__: Сохранено 6 номеров для Отель Магнетит
2026-08-13 09:11:54 [INFO] __main__: Запрашиваю less_guest_house (less_guest_house)
2026-08-13 09:11:55 [INFO] __main__: Сохранено 2 номеров для Меблированные комнаты Лесс
2026-08-13 09:11:55 [INFO] __main__: Запрашиваю legend_of_baikal (legend_of_baikal)
2026-08-13 09:11:56 [INFO] __main__: Сохранено 5 номеров для Отель Легенда Байкала
2026-08-13 09:11:56 [INFO] __main__: Запрашиваю aerobratsk (aerobratsk)
2026-08-13 09:11:56 [INFO] __main__: Сохранено 2 номеров для Отель Аэропорт Братск
2026-08-13 09:11:56 [INFO] __main__: Запрашиваю hotel_irbis (hotel_irbis)
2026-08-13 09:11:57 [INFO] __main__: Сохранено 1 номеров для Отель Ирбис
2026-08-13 09:11:57 [INFO] __main__: Запрашиваю katantsa_hotel (katantsa_hotel)
2026-08-13 09:11:58 [INFO] __main__: Сохранено 6 номеров для Отель Катанца
2026-08-13 09:11:58 [INFO] __main__: Запрашиваю hotel_rodina_grand_hotel_spa_irkutsk_5 (hotel_rodina_grand_hotel_spa_irkutsk_5)
2026-08-13 09:11:58 [INFO] __main__: Сохранено 9 номеров для Отель RODINA Grand Hotel & SPA Irkutsk 5*
2026-08-13 09:11:58 [INFO] __main__: Запрашиваю v_derevne_guest_house (v_derevne_guest_house)
2026-08-13 09:11:59 [INFO] __main__: Сохранено 1 номеров для Уютный дом
2026-08-13 09:11:59 [INFO] __main__: Запрашиваю modul (modul)
2026-08-13 09:12:01 [INFO] __main__: Сохранено 5 номеров для Гостиница Комфорт
2026-08-13 09:12:01 [INFO] __main__: Запрашиваю shelest (shelest)
2026-08-13 09:12:04 [INFO] __main__: Сохранено 1 номеров для Shelest
2026-08-13 09:12:04 [INFO] __main__: Запрашиваю irkutsk_city_lodge (irkutsk_city_lodge)
2026-08-13 09:12:05 [INFO] __main__: Сохранено 3 номеров для Отель Иркутск Сити Лодж
2026-08-13 09:12:05 [INFO] __main__: Запрашиваю hotel_aziyayevropa (hotel_aziyayevropa)
2026-08-13 09:12:15 [INFO] __main__: Сохранено 4 номеров для Отель Азия-Европа
2026-08-13 09:12:15 [INFO] __main__: Запрашиваю hotel_soyuz_2 (hotel_soyuz_2)
2026-08-13 09:12:16 [INFO] __main__: Сохранено 8 номеров для Жилое помещение Союз
2026-08-13 09:12:16 [INFO] __main__: Запрашиваю u_lukomorya_4 (u_lukomorya_4)
2026-08-13 09:12:18 [INFO] __main__: Сохранено 1 номеров для У Лукоморья
2026-08-13 09:12:18 [INFO] __main__: Запрашиваю apartments_viking_khaus (apartments_viking_khaus)
2026-08-13 09:12:19 [INFO] __main__: Сохранено 1 номеров для Викинг Хаус
2026-08-13 09:12:19 [INFO] __main__: Запрашиваю recreation_centre_baikal_rainbow (recreation_centre_baikal_rainbow)
2026-08-13 09:12:21 [INFO] __main__: Сохранено 1 номеров для База отдыха Байкальская Радуга
2026-08-13 09:12:21 [INFO] __main__: Запрашиваю royal_hotel_33 (royal_hotel_33)
2026-08-13 09:12:24 [INFO] __main__: Сохранено 4 номеров для Отель Рояль
2026-08-13 09:12:24 [INFO] __main__: Запрашиваю baykal_khan_hotel_olkhon (baykal_khan_hotel_olkhon)
2026-08-13 09:12:27 [INFO] __main__: Сохранено 1 номеров для Отель Байкал-Хан Ольхон
2026-08-13 09:12:27 [INFO] __main__: Запрашиваю u_istoka_hotel (u_istoka_hotel)
2026-08-13 09:12:31 [INFO] __main__: Сохранено 3 номеров для Гостиница У Истока
2026-08-13 09:12:31 [INFO] __main__: Запрашиваю gostinitsa_ustilim (gostinitsa_ustilim)
2026-08-13 09:12:36 [INFO] __main__: Сохранено 7 номеров для Усть-Илим
2026-08-13 09:12:36 [INFO] __main__: Запрашиваю recreation_complex_altan (recreation_complex_altan)
2026-08-13 09:12:39 [INFO] __main__: Сохранено 6 номеров для Парк-Отель Алтан
2026-08-13 09:12:39 [INFO] __main__: Запрашиваю hotel_baikal_best_edelweiss (hotel_baikal_best_edelweiss)
2026-08-13 09:12:41 [INFO] __main__: Сохранено 7 номеров для Отель Байкал Эдельвейс
2026-08-13 09:12:41 [INFO] __main__: Запрашиваю bajkalkemp (bajkalkemp)
2026-08-13 09:12:44 [INFO] __main__: Сохранено 1 номеров для Байкал-кэмп
2026-08-13 09:12:44 [INFO] __main__: Запрашиваю saturn_8 (saturn_8)
2026-08-13 09:12:49 [INFO] __main__: Сохранено 3 номеров для Отель Сатурн
2026-08-13 09:12:49 [INFO] __main__: Запрашиваю khoromy_recreation_camp (khoromy_recreation_camp)
2026-08-13 09:12:49 [INFO] __main__: Сохранено 3 номеров для Хоромы
2026-08-13 09:12:49 [INFO] __main__: Запрашиваю mir_baykala_hotel (mir_baykala_hotel)
2026-08-13 09:12:52 [INFO] __main__: Сохранено 3 номеров для Отель Мир Байкала
2026-08-13 09:12:52 [INFO] __main__: Запрашиваю baikal_capsule_hostel (baikal_capsule_hostel)
2026-08-13 09:12:53 [INFO] __main__: Сохранено 1 номеров для Baikal Capsule (Байкал Капсула)
2026-08-13 09:12:53 [INFO] __main__: Запрашиваю gostevoj_dom_endemik (gostevoj_dom_endemik)
2026-08-13 09:12:56 [INFO] __main__: Сохранено 5 номеров для Меблированные комнаты посуточная аренда
2026-08-13 09:12:56 [INFO] __main__: Запрашиваю aleksandrovskij_dvor (aleksandrovskij_dvor)
2026-08-13 09:12:57 [INFO] __main__: Сохранено 1 номеров для Александровский двор
2026-08-13 09:12:57 [INFO] __main__: Запрашиваю komilfo_2 (komilfo_2)
2026-08-13 09:12:59 [INFO] __main__: Сохранено 4 номеров для Отель Комильфо
2026-08-13 09:12:59 [INFO] __main__: Запрашиваю hotelclub_ice (hotelclub_ice)
2026-08-13 09:13:02 [INFO] __main__: Сохранено 1 номеров для Отель Сибирская резиденция Лёд Байкала
2026-08-13 09:13:02 [INFO] __main__: Запрашиваю v_gostyakh_u_dubrovskikh_guest_house (v_gostyakh_u_dubrovskikh_guest_house)
2026-08-13 09:13:02 [INFO] __main__: Сохранено 1 номеров для В гостях у ДУБРОВСКИХ
2026-08-13 09:13:02 [INFO] __main__: Запрашиваю spektr_2 (spektr_2)
2026-08-13 09:13:08 [INFO] __main__: Сохранено 4 номеров для Спектр
2026-08-13 09:13:08 [INFO] __main__: Запрашиваю loft_house_38_guest_house (loft_house_38_guest_house)
2026-08-13 09:13:09 [INFO] __main__: Сохранено 2 номеров для Loft House 38
2026-08-13 09:13:09 [INFO] __main__: Запрашиваю lenatour (lenatour)
2026-08-13 09:13:12 [INFO] __main__: Сохранено 1 номеров для Отель  Ленатур
2026-08-13 09:13:12 [INFO] __main__: Запрашиваю olkhon_2 (olkhon_2)
2026-08-13 09:13:14 [INFO] __main__: Сохранено 4 номеров для Ольхон
2026-08-13 09:13:14 [INFO] __main__: Запрашиваю siberia_9 (siberia_9)
2026-08-13 09:13:19 [INFO] __main__: Сохранено 3 номеров для Сибирь
2026-08-13 09:13:19 [INFO] __main__: Запрашиваю glempingotel_yolki_recreation_camp (glempingotel_yolki_recreation_camp)
2026-08-13 09:13:19 [INFO] __main__: Сохранено 2 номеров для Аян
2026-08-13 09:13:19 [INFO] __main__: Запрашиваю rezidentsii_rodina_irkutsk (rezidentsii_rodina_irkutsk)
2026-08-13 09:13:20 [INFO] __main__: Сохранено 3 номеров для Резиденции Rodina Irkutsk
2026-08-13 09:13:20 [INFO] __main__: Запрашиваю svetly_aparthotel (svetly_aparthotel)
2026-08-13 09:13:22 [INFO] __main__: Сохранено 2 номеров для Отель Светлый
2026-08-13 09:13:22 [INFO] __main__: Запрашиваю hotel_arakhis (hotel_arakhis)
2026-08-13 09:13:22 [INFO] __main__: Сохранено 1 номеров для Отель Арахис
2026-08-13 09:13:22 [INFO] __main__: Сохранено 622 номеров в /home/runner/work/ostrovok-parser/ostrovok-parser/daily/rooms/2026-08-13.csv
2026-08-13 09:13:22 [INFO] __main__: Парсинг завершён. Всего обработано 622 номеров.
2026-08-13 09:13:25 [WARNING] __main__: free_rooms_amount (58) > rooms_num (56) для rus_hotel_irkutsk — используем effective_rooms_num=58
2026-08-13 09:13:25 [WARNING] __main__: free_rooms_amount (43) > rooms_num (40) для history_boutiquehotel — используем effective_rooms_num=43
2026-08-13 09:13:25 [WARNING] __main__: free_rooms_amount (14) > rooms_num (12) для aristokrat_hotel — используем effective_rooms_num=14
2026-08-13 09:13:25 [WARNING] __main__: free_rooms_amount (35) > rooms_num (25) для gostevoj_dom_na_zvezdinskoj — используем effective_rooms_num=35
2026-08-13 09:13:25 [WARNING] __main__: free_rooms_amount (11) > rooms_num (9) для izumrud_hotel_7 — используем effective_rooms_num=11
2026-08-13 09:13:25 [WARNING] __main__: free_rooms_amount (74) > rooms_num (44) для eko_baikalwood_hotel — используем effective_rooms_num=74
2026-08-13 09:13:25 [INFO] __main__: Статистика сохранена в /home/runner/work/ostrovok-parser/ostrovok-parser/daily/statistics/2026-08-13.csv
2026-08-13 09:13:25 [INFO] __main__: Обработано 175 отелей
