2026-10-05 16:30:13 [INFO] __main__: Режим CI: увеличенные таймауты и ожидание networkidle.
2026-10-05 16:30:13 [INFO] __main__: Запуск парсера отелей...
2026-10-05 16:30:13 [INFO] __main__: Даты бронирования: 07.10.2026 - 08.10.2026
2026-10-05 16:30:14 [INFO] __main__: --- Страница 1 ---
2026-10-05 16:30:20 [INFO] __main__: Перехвачено и извлечено 20 отелей. Всего: 20
2026-10-05 16:30:26 [INFO] __main__: Добавлено 20 отелей со страницы 1. Переход на следующую страницу...
2026-10-05 16:30:29 [INFO] __main__: --- Страница 2 ---
2026-10-05 16:30:33 [INFO] __main__: Перехвачено и извлечено 20 отелей. Всего: 40
2026-10-05 16:30:37 [INFO] __main__: Добавлено 20 отелей со страницы 2. Переход на следующую страницу...
2026-10-05 16:30:39 [INFO] __main__: --- Страница 3 ---
2026-10-05 16:30:43 [INFO] __main__: Перехвачено и извлечено 20 отелей. Всего: 60
2026-10-05 16:30:47 [INFO] __main__: Добавлено 20 отелей со страницы 3. Переход на следующую страницу...
2026-10-05 16:30:50 [INFO] __main__: --- Страница 4 ---
2026-10-05 16:30:53 [INFO] __main__: Перехвачено и извлечено 20 отелей. Всего: 80
2026-10-05 16:30:57 [INFO] __main__: Добавлено 20 отелей со страницы 4. Переход на следующую страницу...
2026-10-05 16:30:59 [INFO] __main__: --- Страница 5 ---
2026-10-05 16:31:03 [INFO] __main__: Перехвачено и извлечено 20 отелей. Всего: 100
2026-10-05 16:31:09 [INFO] __main__: Добавлено 20 отелей со страницы 5. Переход на следующую страницу...
2026-10-05 16:31:12 [INFO] __main__: --- Страница 6 ---
2026-10-05 16:31:16 [INFO] __main__: Перехвачено и извлечено 20 отелей. Всего: 120
2026-10-05 16:31:19 [INFO] __main__: Добавлено 20 отелей со страницы 6. Переход на следующую страницу...
2026-10-05 16:31:22 [INFO] __main__: --- Страница 7 ---
2026-10-05 16:31:25 [INFO] __main__: Перехвачено и извлечено 20 отелей. Всего: 140
2026-10-05 16:31:29 [INFO] __main__: Добавлено 20 отелей со страницы 7. Переход на следующую страницу...
2026-10-05 16:31:32 [INFO] __main__: --- Страница 8 ---
2026-10-05 16:31:35 [INFO] __main__: Перехвачено и извлечено 20 отелей. Всего: 160
2026-10-05 16:31:39 [INFO] __main__: Добавлено 20 отелей со страницы 8. Переход на следующую страницу...
2026-10-05 16:31:41 [INFO] __main__: --- Страница 9 ---
2026-10-05 16:31:45 [INFO] __main__: Перехвачено и извлечено 20 отелей. Всего: 180
2026-10-05 16:31:49 [INFO] __main__: Добавлено 20 отелей со страницы 9. Переход на следующую страницу...
2026-10-05 16:31:52 [INFO] __main__: --- Страница 10 ---
2026-10-05 16:31:55 [INFO] __main__: Перехвачено и извлечено 4 отелей. Всего: 184
2026-10-05 16:31:59 [INFO] __main__: Добавлено 4 отелей со страницы 10. Переход на следующую страницу...
2026-10-05 16:32:01 [INFO] __main__: --- Страница 11 ---
2026-10-05 16:32:54 [WARNING] __main__: На странице 11 отелей не получено. Конец списка.
2026-10-05 16:32:54 [INFO] __main__: === Всего собрано отелей со всех страниц: 184 ===
2026-10-05 16:33:09 [INFO] __main__: Сохранено 184 отелей в /home/runner/work/ostrovok-parser/ostrovok-parser/daily/hotels/2026-10-06.csv
2026-10-05 16:33:09 [INFO] __main__: Парсинг завершён. Всего обработано 184 отелей.
2026-10-05 16:33:09 [INFO] __main__: Каталог сохранён: 286 отелей → /home/runner/work/ostrovok-parser/ostrovok-parser/catalog/hotels.csv
2026-10-05 16:33:09 [INFO] __main__: Каталог обновлён: всего 286, новых 0
2026-10-05 16:33:12 [INFO] __main__: Даты бронирования: 07.10.2026 - 08.10.2026
2026-10-05 16:33:12 [INFO] __main__: Запуск браузера для получения куки...
2026-10-05 16:33:18 [INFO] __main__: Получено 54 куки
2026-10-05 16:33:18 [INFO] __main__: Запрашиваю victory_hotel_4 (victory_hotel_4)
2026-10-05 16:33:19 [INFO] __main__: Сохранено 3 номеров для Гостиница Виктория
2026-10-05 16:33:19 [INFO] __main__: Запрашиваю grand_baikal (grand_baikal)
2026-10-05 16:33:21 [INFO] __main__: Сохранено 4 номеров для Отель Гранд Байкал
2026-10-05 16:33:21 [INFO] __main__: Запрашиваю evropa_hotel (evropa_hotel)
2026-10-05 16:33:22 [INFO] __main__: Сохранено 6 номеров для Отель Европа
2026-10-05 16:33:22 [INFO] __main__: Запрашиваю azimut_aeroport_irkutsk_hotel (azimut_aeroport_irkutsk_hotel)
2026-10-05 16:33:23 [INFO] __main__: Сохранено 7 номеров для AZIMUT Отель Аэропорт Иркутск 4*
2026-10-05 16:33:23 [INFO] __main__: Запрашиваю irkutsk_city_center (irkutsk_city_center)
2026-10-05 16:33:24 [INFO] __main__: Сохранено 3 номеров для Отель Иркутск Сити Центр
2026-10-05 16:33:24 [INFO] __main__: Запрашиваю tajga_hotel (tajga_hotel)
2026-10-05 16:33:24 [INFO] __main__: Сохранено 7 номеров для Отель Тайга
2026-10-05 16:33:24 [INFO] __main__: Запрашиваю klubnyij_kvartal_apartments (klubnyij_kvartal_apartments)
2026-10-05 16:33:25 [INFO] __main__: Сохранено 3 номеров для Клубный Квартал
2026-10-05 16:33:25 [INFO] __main__: Запрашиваю best_eastern_hotel_zvezda (best_eastern_hotel_zvezda)
2026-10-05 16:33:30 [INFO] __main__: Сохранено 3 номеров для Отель Звезда
2026-10-05 16:33:30 [INFO] __main__: Запрашиваю rus_hotel_irkutsk (rus_hotel_irkutsk)
2026-10-05 16:33:35 [INFO] __main__: Сохранено 7 номеров для Гостиничный Комплекс Русь
2026-10-05 16:33:35 [INFO] __main__: Запрашиваю larus (larus)
2026-10-05 16:33:36 [INFO] __main__: Сохранено 1 номеров для Отель Ларус
2026-10-05 16:33:36 [INFO] __main__: Запрашиваю hotel_nikola_2 (hotel_nikola_2)
2026-10-05 16:33:41 [INFO] __main__: Сохранено 8 номеров для Отель Никола
2026-10-05 16:33:41 [INFO] __main__: Запрашиваю lazurny_bereg_hotel_ (lazurny_bereg_hotel_)
2026-10-05 16:33:42 [INFO] __main__: Сохранено 4 номеров для Гостиница Лазурный берег
2026-10-05 16:33:42 [INFO] __main__: Запрашиваю lyuks_hotel_4 (lyuks_hotel_4)
2026-10-05 16:33:45 [INFO] __main__: Сохранено 3 номеров для Отель Люкс
2026-10-05 16:33:45 [INFO] __main__: Запрашиваю vozdushnaya_gavan (vozdushnaya_gavan)
2026-10-05 16:33:50 [INFO] __main__: Сохранено 2 номеров для Отель Воздушная Гавань
2026-10-05 16:33:50 [INFO] __main__: Запрашиваю angara_hotel (angara_hotel)
2026-10-05 16:33:51 [INFO] __main__: Сохранено 7 номеров для Ангара Отель
2026-10-05 16:33:51 [INFO] __main__: Запрашиваю empire_hotel_3 (empire_hotel_3)
2026-10-05 16:33:51 [INFO] __main__: Сохранено 10 номеров для Гостиница Империя
2026-10-05 16:33:51 [INFO] __main__: Запрашиваю archi_apt_apartments (archi_apt_apartments)
2026-10-05 16:33:52 [INFO] __main__: Сохранено 2 номеров для Отель Baikal Archi Apt
2026-10-05 16:33:52 [INFO] __main__: Запрашиваю yakovlev_hotel (yakovlev_hotel)
2026-10-05 16:33:57 [INFO] __main__: Сохранено 4 номеров для Отель Яковлевъ
2026-10-05 16:33:57 [INFO] __main__: Запрашиваю matreshka_hotel (matreshka_hotel)
2026-10-05 16:34:02 [INFO] __main__: Сохранено 8 номеров для Отель Матрешка
2026-10-05 16:34:02 [INFO] __main__: Запрашиваю hotel_premium_hotel_pushkin (hotel_premium_hotel_pushkin)
2026-10-05 16:34:02 [INFO] __main__: Сохранено 6 номеров для Премиум-отель Пушкин
2026-10-05 16:34:02 [INFO] __main__: Запрашиваю inn_business_hall (inn_business_hall)
2026-10-05 16:34:03 [INFO] __main__: Сохранено 4 номеров для Отель Business Hall
2026-10-05 16:34:03 [INFO] __main__: Запрашиваю otel_irkut (otel_irkut)
2026-10-05 16:34:04 [INFO] __main__: Сохранено 5 номеров для Отель Иркут
2026-10-05 16:34:04 [INFO] __main__: Запрашиваю divobaykala_flat_1 (divobaykala_flat_1)
2026-10-05 16:34:05 [INFO] __main__: Сохранено 1 номеров для Диво Байкала 1
2026-10-05 16:34:05 [INFO] __main__: Запрашиваю baikal_view_hotel (baikal_view_hotel)
2026-10-05 16:34:06 [INFO] __main__: Сохранено 6 номеров для Baikal View Hotel
2026-10-05 16:34:06 [INFO] __main__: Запрашиваю dohodnyij_dom_listratvoj_butikhotel (dohodnyij_dom_listratvoj_butikhotel)
2026-10-05 16:34:07 [INFO] __main__: Сохранено 5 номеров для Отель Доходный дом Листратовой
2026-10-05 16:34:07 [INFO] __main__: Запрашиваю eko_baikalwood_hotel (eko_baikalwood_hotel)
2026-10-05 16:34:08 [INFO] __main__: Сохранено 10 номеров для Отель Белая Чайка
2026-10-05 16:34:08 [INFO] __main__: Запрашиваю uda_2 (uda_2)
2026-10-05 16:34:12 [INFO] __main__: Сохранено 6 номеров для Отель УДА
2026-10-05 16:34:12 [INFO] __main__: Запрашиваю otel_tsentral (otel_tsentral)
2026-10-05 16:34:13 [INFO] __main__: Сохранено 6 номеров для Отель Централь
2026-10-05 16:34:13 [INFO] __main__: Запрашиваю apartamentyi_v_irkutske (apartamentyi_v_irkutske)
2026-10-05 16:34:16 [INFO] __main__: Сохранено 1 номеров для Меблированные комнаты в Иркутске
2026-10-05 16:34:16 [INFO] __main__: Запрашиваю burduguz_hotel_2 (burduguz_hotel_2)
2026-10-05 16:34:17 [INFO] __main__: Сохранено 8 номеров для Парк-Отель Бурдугуз
2026-10-05 16:34:17 [INFO] __main__: Запрашиваю hotel_harats_inn (hotel_harats_inn)
2026-10-05 16:34:18 [INFO] __main__: Сохранено 4 номеров для Отель Harat's inn
2026-10-05 16:34:18 [INFO] __main__: Запрашиваю podlemorie_hotel (podlemorie_hotel)
2026-10-05 16:34:19 [INFO] __main__: Сохранено 3 номеров для Отель Подлеморье
2026-10-05 16:34:19 [INFO] __main__: Запрашиваю gostevoy_dom_sunrise (gostevoy_dom_sunrise)
2026-10-05 16:34:22 [INFO] __main__: Сохранено 4 номеров для Sunrise
2026-10-05 16:34:22 [INFO] __main__: Запрашиваю history_boutiquehotel (history_boutiquehotel)
2026-10-05 16:34:23 [INFO] __main__: Сохранено 8 номеров для Отель HISTORY Бутик-отель и СПА
2026-10-05 16:34:23 [INFO] __main__: Запрашиваю baikal_forest_hotel (baikal_forest_hotel)
2026-10-05 16:34:28 [INFO] __main__: Сохранено 12 номеров для Отель Форест
2026-10-05 16:34:28 [INFO] __main__: Запрашиваю armat_hotel (armat_hotel)
2026-10-05 16:34:29 [INFO] __main__: Сохранено 8 номеров для Отель Армат
2026-10-05 16:34:29 [INFO] __main__: Запрашиваю 7_dorog (7_dorog)
2026-10-05 16:34:30 [INFO] __main__: Сохранено 7 номеров для Гостиница 7 дорог
2026-10-05 16:34:30 [INFO] __main__: Запрашиваю hotel_khotej (hotel_khotej)
2026-10-05 16:34:31 [INFO] __main__: Сохранено 2 номеров для Отель Хотэй
2026-10-05 16:34:31 [INFO] __main__: Запрашиваю baikal_business_center_hotel (baikal_business_center_hotel)
2026-10-05 16:34:32 [INFO] __main__: Сохранено 5 номеров для Отель Байкал Бизнес Центр
2026-10-05 16:34:32 [INFO] __main__: Запрашиваю atlas_hotel_3 (atlas_hotel_3)
2026-10-05 16:34:32 [INFO] __main__: Сохранено 3 номеров для Гостиница Атлас
2026-10-05 16:34:32 [INFO] __main__: Запрашиваю malinovka_3 (malinovka_3)
2026-10-05 16:34:35 [INFO] __main__: Сохранено 7 номеров для Малиновка
2026-10-05 16:34:35 [INFO] __main__: Запрашиваю vera_baikal (vera_baikal)
2026-10-05 16:34:35 [INFO] __main__: Сохранено 6 номеров для Отель Вера Байкал
2026-10-05 16:34:35 [INFO] __main__: Запрашиваю kupechesky_dvor_hotel (kupechesky_dvor_hotel)
2026-10-05 16:34:37 [INFO] __main__: Сохранено 5 номеров для Отель Купеческий Дворъ
2026-10-05 16:34:37 [INFO] __main__: Запрашиваю hotel_arakhis (hotel_arakhis)
2026-10-05 16:34:38 [INFO] __main__: Сохранено 3 номеров для Отель Арахис
2026-10-05 16:34:38 [INFO] __main__: Запрашиваю bajkal_hotel (bajkal_hotel)
2026-10-05 16:34:39 [INFO] __main__: Сохранено 5 номеров для Отель Байкал
2026-10-05 16:34:39 [INFO] __main__: Запрашиваю gostinitsa_solntse (gostinitsa_solntse)
2026-10-05 16:34:45 [INFO] __main__: Сохранено 7 номеров для Гостиница Солнце
2026-10-05 16:34:45 [INFO] __main__: Запрашиваю bajkal_severnoe_more_hotel (bajkal_severnoe_more_hotel)
2026-10-05 16:34:50 [INFO] __main__: Сохранено 7 номеров для Отель Байкал - Северное Море
2026-10-05 16:34:50 [INFO] __main__: Запрашиваю green_hotel_ (green_hotel_)
2026-10-05 16:34:55 [INFO] __main__: Сохранено 6 номеров для Грин Отель
2026-10-05 16:34:55 [INFO] __main__: Запрашиваю gostinitsa_ustilim (gostinitsa_ustilim)
2026-10-05 16:35:00 [INFO] __main__: Сохранено 2 номеров для Усть-Илим
2026-10-05 16:35:00 [INFO] __main__: Запрашиваю glempingotel_yolki_recreation_camp (glempingotel_yolki_recreation_camp)
2026-10-05 16:35:01 [INFO] __main__: Сохранено 2 номеров для Аян
2026-10-05 16:35:01 [INFO] __main__: Запрашиваю montana_hostel (montana_hostel)
2026-10-05 16:35:01 [INFO] __main__: Сохранено 2 номеров для Меблированные комнаты Montana
2026-10-05 16:35:01 [INFO] __main__: Запрашиваю baza_otdykha_gostiny_dvor_vdokhnovenie (baza_otdykha_gostiny_dvor_vdokhnovenie)
2026-10-05 16:35:02 [INFO] __main__: Сохранено 4 номеров для Отель Гостиный Двор Вдохновение
2026-10-05 16:35:02 [INFO] __main__: Запрашиваю alpari (alpari)
2026-10-05 16:35:07 [INFO] __main__: Сохранено 3 номеров для Гостиница Альпари
2026-10-05 16:35:07 [INFO] __main__: Запрашиваю minihotel_albatros (minihotel_albatros)
2026-10-05 16:35:12 [INFO] __main__: Сохранено 3 номеров для Гостиница Альбатрос
2026-10-05 16:35:12 [INFO] __main__: Запрашиваю city_park_hotel_13 (city_park_hotel_13)
2026-10-05 16:35:12 [INFO] __main__: Сохранено 4 номеров для Меблированные комнаты City Park
2026-10-05 16:35:12 [INFO] __main__: Запрашиваю mayak_hotel_listvyanka (mayak_hotel_listvyanka)
2026-10-05 16:35:14 [INFO] __main__: Сохранено 9 номеров для Отель Маяк
2026-10-05 16:35:14 [INFO] __main__: Запрашиваю riderside (riderside)
2026-10-05 16:35:19 [INFO] __main__: Сохранено 4 номеров для Гостиница Riverside
2026-10-05 16:35:19 [INFO] __main__: Запрашиваю hotel_olkhonhill (hotel_olkhonhill)
2026-10-05 16:35:19 [INFO] __main__: Сохранено 2 номеров для Отель Olkhon-hill
2026-10-05 16:35:19 [INFO] __main__: Запрашиваю magas (magas)
2026-10-05 16:35:22 [INFO] __main__: Сохранено 5 номеров для Отель на Перроне
2026-10-05 16:35:22 [INFO] __main__: Запрашиваю ibis_irkutsk_center (ibis_irkutsk_center)
2026-10-05 16:35:23 [INFO] __main__: Сохранено 5 номеров для Отель Ибис Иркутск Центр
2026-10-05 16:35:23 [INFO] __main__: Запрашиваю international_hotel_sayen (international_hotel_sayen)
2026-10-05 16:35:24 [INFO] __main__: Сохранено 6 номеров для SAYEN
2026-10-05 16:35:24 [INFO] __main__: Запрашиваю baykal_khan_listvyanka (baykal_khan_listvyanka)
2026-10-05 16:35:24 [INFO] __main__: Сохранено 6 номеров для Отель Байкал Хан п.Листвянка
2026-10-05 16:35:24 [INFO] __main__: Запрашиваю mini_hotel_vizit (mini_hotel_vizit)
2026-10-05 16:35:25 [INFO] __main__: Сохранено 2 номеров для Гостиница Визит
2026-10-05 16:35:25 [INFO] __main__: Запрашиваю miniotel_good_hotel (miniotel_good_hotel)
2026-10-05 16:35:26 [INFO] __main__: Сохранено 4 номеров для Мини-Отель Good Hotel
2026-10-05 16:35:26 [INFO] __main__: Запрашиваю hotel_angara (hotel_angara)
2026-10-05 16:35:27 [INFO] __main__: Сохранено 6 номеров для Отель Ангара-Приоритет
2026-10-05 16:35:27 [INFO] __main__: Запрашиваю hotel_flagman_olkhona (hotel_flagman_olkhona)
2026-10-05 16:35:32 [INFO] __main__: Сохранено 5 номеров для Отель Флагман Ольхона
2026-10-05 16:35:32 [INFO] __main__: Запрашиваю aristokrat_hotel (aristokrat_hotel)
2026-10-05 16:35:33 [INFO] __main__: Сохранено 5 номеров для Отель Аристократ
2026-10-05 16:35:33 [INFO] __main__: Запрашиваю hotel_anastasiya_2 (hotel_anastasiya_2)
2026-10-05 16:35:34 [INFO] __main__: Сохранено 11 номеров для Отель ГК Анастасия
2026-10-05 16:35:34 [INFO] __main__: Запрашиваю dream_of_baikal_hotel (dream_of_baikal_hotel)
2026-10-05 16:35:37 [INFO] __main__: Сохранено 5 номеров для Отель Dream of Baikal
2026-10-05 16:35:37 [INFO] __main__: Запрашиваю smart_hotel_kdo_irkutsk_hotel (smart_hotel_kdo_irkutsk_hotel)
2026-10-05 16:35:39 [INFO] __main__: Сохранено 4 номеров для Отель Smart Hotel Иркутск
2026-10-05 16:35:39 [INFO] __main__: Запрашиваю flagman_hotel (flagman_hotel)
2026-10-05 16:35:40 [INFO] __main__: Сохранено 4 номеров для Отель Флагман
2026-10-05 16:35:40 [INFO] __main__: Запрашиваю flagman_hotel_4 (flagman_hotel_4)
2026-10-05 16:35:41 [INFO] __main__: Сохранено 2 номеров для Отель Флагман
2026-10-05 16:35:41 [INFO] __main__: Запрашиваю legend_of_baikal (legend_of_baikal)
2026-10-05 16:35:42 [INFO] __main__: Сохранено 6 номеров для Отель Легенда Байкала
2026-10-05 16:35:42 [INFO] __main__: Запрашиваю lotos_hotel (lotos_hotel)
2026-10-05 16:35:43 [INFO] __main__: Сохранено 5 номеров для Отель Лотос
2026-10-05 16:35:43 [INFO] __main__: Запрашиваю marx_hotel (marx_hotel)
2026-10-05 16:35:43 [INFO] __main__: Сохранено 3 номеров для Отель Маркс
2026-10-05 16:35:43 [INFO] __main__: Запрашиваю na_ulitse_pavlova_28_apartments (na_ulitse_pavlova_28_apartments)
2026-10-05 16:35:44 [INFO] __main__: Сохранено 1 номеров для На улице Павлова 28
2026-10-05 16:35:44 [INFO] __main__: Запрашиваю hotel_soyuz_2 (hotel_soyuz_2)
2026-10-05 16:35:45 [INFO] __main__: Сохранено 8 номеров для Жилое помещение Союз
2026-10-05 16:35:45 [INFO] __main__: Запрашиваю baykal_khan_hotel_olkhon (baykal_khan_hotel_olkhon)
2026-10-05 16:35:47 [INFO] __main__: Сохранено 2 номеров для Отель Байкал-Хан Ольхон
2026-10-05 16:35:47 [INFO] __main__: Запрашиваю legendy_baykala (legendy_baykala)
2026-10-05 16:35:48 [INFO] __main__: Сохранено 5 номеров для Гостиница Легенды Байкала
2026-10-05 16:35:48 [INFO] __main__: Запрашиваю guesthouse_dudeevukh (guesthouse_dudeevukh)
2026-10-05 16:35:51 [INFO] __main__: Сохранено 2 номеров для Меблированные комнаты Дудеевых
2026-10-05 16:35:51 [INFO] __main__: Запрашиваю camping_yelochka_kempinghotel (camping_yelochka_kempinghotel)
2026-10-05 16:35:52 [INFO] __main__: Сохранено 6 номеров для Отель Елочка
2026-10-05 16:35:52 [INFO] __main__: Запрашиваю hotel_kurshavel_ (hotel_kurshavel_)
2026-10-05 16:35:54 [INFO] __main__: Сохранено 5 номеров для Отель Куршавель
2026-10-05 16:35:54 [INFO] __main__: Запрашиваю artrezidentsiya_port_olhon (artrezidentsiya_port_olhon)
2026-10-05 16:35:54 [INFO] __main__: Сохранено 9 номеров для Арт-отель Порт Ольхон
2026-10-05 16:35:54 [INFO] __main__: Запрашиваю amurskiy (amurskiy)
2026-10-05 16:35:55 [INFO] __main__: Сохранено 6 номеров для Отель Амурский
2026-10-05 16:35:55 [INFO] __main__: Запрашиваю hotel_pushkin_2 (hotel_pushkin_2)
2026-10-05 16:36:00 [INFO] __main__: Сохранено 1 номеров для Отель ПушкинЪ
2026-10-05 16:36:00 [INFO] __main__: Запрашиваю bajkalskie_sezonyi (bajkalskie_sezonyi)
2026-10-05 16:36:02 [INFO] __main__: Сохранено 5 номеров для Отель Парк Байкальские сезоны
2026-10-05 16:36:02 [INFO] __main__: Запрашиваю apartments_viking_khaus (apartments_viking_khaus)
2026-10-05 16:36:03 [INFO] __main__: Сохранено 2 номеров для Викинг Хаус
2026-10-05 16:36:03 [INFO] __main__: Запрашиваю gostevoj_dom_otdyih_na_bajkale (gostevoj_dom_otdyih_na_bajkale)
2026-10-05 16:36:04 [INFO] __main__: Сохранено 5 номеров для Отель Отдых на Байкале
2026-10-05 16:36:04 [INFO] __main__: Запрашиваю taiga_2 (taiga_2)
2026-10-05 16:36:09 [INFO] __main__: Сохранено 4 номеров для Отель Тайга
2026-10-05 16:36:09 [INFO] __main__: Запрашиваю baykkalina_guest_house (baykkalina_guest_house)
2026-10-05 16:36:11 [INFO] __main__: Сохранено 3 номеров для БайкКалина
2026-10-05 16:36:11 [INFO] __main__: Запрашиваю parus_18 (parus_18)
2026-10-05 16:36:17 [INFO] __main__: Сохранено 4 номеров для Курортный отель Парус
2026-10-05 16:36:17 [INFO] __main__: Запрашиваю hotel_aziyayevropa (hotel_aziyayevropa)
2026-10-05 16:36:22 [INFO] __main__: Сохранено 5 номеров для Отель Азия-Европа
2026-10-05 16:36:22 [INFO] __main__: Запрашиваю lenatour (lenatour)
2026-10-05 16:36:23 [INFO] __main__: Сохранено 3 номеров для Отель  Ленатур
2026-10-05 16:36:23 [INFO] __main__: Запрашиваю minihotel_panda (minihotel_panda)
2026-10-05 16:36:24 [INFO] __main__: Сохранено 2 номеров для Отель ДиаДэй
2026-10-05 16:36:24 [INFO] __main__: Запрашиваю u_istoka_hotel (u_istoka_hotel)
2026-10-05 16:36:25 [INFO] __main__: Сохранено 4 номеров для Гостиница У Истока
2026-10-05 16:36:25 [INFO] __main__: Запрашиваю lada_8 (lada_8)
2026-10-05 16:36:26 [INFO] __main__: Сохранено 8 номеров для Отель Гостиница ЛАДА
2026-10-05 16:36:26 [INFO] __main__: Запрашиваю kheyvitsa_guest_house (kheyvitsa_guest_house)
2026-10-05 16:36:31 [INFO] __main__: Сохранено 3 номеров для Отель Гостевой Дом Хейвица
2026-10-05 16:36:31 [INFO] __main__: Запрашиваю hotel_gostinitsa_avtovokzal (hotel_gostinitsa_avtovokzal)
2026-10-05 16:36:34 [INFO] __main__: Сохранено 4 номеров для Отель Автовокзал
2026-10-05 16:36:34 [INFO] __main__: Запрашиваю luna_hotel_9 (luna_hotel_9)
2026-10-05 16:36:35 [INFO] __main__: Сохранено 4 номеров для Отель Луна
2026-10-05 16:36:35 [INFO] __main__: Запрашиваю u_lukomorya_4 (u_lukomorya_4)
2026-10-05 16:36:37 [INFO] __main__: Сохранено 2 номеров для У Лукоморья
2026-10-05 16:36:37 [INFO] __main__: Запрашиваю hotelclub_ice (hotelclub_ice)
2026-10-05 16:36:40 [INFO] __main__: Сохранено 1 номеров для Отель Сибирская резиденция Лёд Байкала
2026-10-05 16:36:40 [INFO] __main__: Запрашиваю hotel_yubileinaya__2 (hotel_yubileinaya__2)
2026-10-05 16:36:45 [INFO] __main__: Сохранено 6 номеров для Гостиница Юбилейная
2026-10-05 16:36:45 [INFO] __main__: Запрашиваю tikhaya_gavan_4 (tikhaya_gavan_4)
2026-10-05 16:36:47 [INFO] __main__: Сохранено 2 номеров для Отель "Тихая Гавань"
2026-10-05 16:36:47 [INFO] __main__: Запрашиваю oktyabrskaya_minihotel (oktyabrskaya_minihotel)
2026-10-05 16:36:48 [INFO] __main__: Сохранено 3 номеров для Октябрьская
2026-10-05 16:36:48 [INFO] __main__: Запрашиваю gostinitsa_akademicheskaya (gostinitsa_akademicheskaya)
2026-10-05 16:36:49 [INFO] __main__: Сохранено 2 номеров для Отель Гостиница Академическая
2026-10-05 16:36:49 [INFO] __main__: Запрашиваю trakstop_38_2 (trakstop_38_2)
2026-10-05 16:36:50 [INFO] __main__: Сохранено 2 номеров для Тракстоп 38
2026-10-05 16:36:50 [INFO] __main__: Запрашиваю solnechny_guest_house_7 (solnechny_guest_house_7)
2026-10-05 16:36:51 [INFO] __main__: Сохранено 1 номеров для Cолнечный
2026-10-05 16:36:51 [INFO] __main__: Запрашиваю tri_kita_2 (tri_kita_2)
2026-10-05 16:36:52 [INFO] __main__: Сохранено 5 номеров для Отель Три Кита
2026-10-05 16:36:52 [INFO] __main__: Запрашиваю dom_baykal_guest_house (dom_baykal_guest_house)
2026-10-05 16:36:53 [INFO] __main__: Сохранено 4 номеров для Меблированные комнаты Дом Байкал
2026-10-05 16:36:53 [INFO] __main__: Запрашиваю hotel_baikal_best_edelweiss (hotel_baikal_best_edelweiss)
2026-10-05 16:36:54 [INFO] __main__: Сохранено 6 номеров для Отель Байкал Эдельвейс
2026-10-05 16:36:54 [INFO] __main__: Запрашиваю meridian_7 (meridian_7)
2026-10-05 16:36:59 [INFO] __main__: Сохранено 5 номеров для Отель Меридиан
2026-10-05 16:36:59 [INFO] __main__: Запрашиваю arena_g_irkutsk (arena_g_irkutsk)
2026-10-05 16:37:01 [INFO] __main__: Сохранено 3 номеров для Отель Арена Иркутск
2026-10-05 16:37:01 [INFO] __main__: Запрашиваю modul (modul)
2026-10-05 16:37:06 [INFO] __main__: Сохранено 1 номеров для Гостиница Комфорт
2026-10-05 16:37:06 [INFO] __main__: Запрашиваю mihail_strogov (mihail_strogov)
2026-10-05 16:37:12 [INFO] __main__: Сохранено 4 номеров для Отель Михаил Строгов
2026-10-05 16:37:12 [INFO] __main__: Запрашиваю olkhonstory_guest_house (olkhonstory_guest_house)
2026-10-05 16:37:15 [INFO] __main__: Сохранено 2 номеров для История Ольхона
2026-10-05 16:37:15 [INFO] __main__: Запрашиваю profsoyuznaya_hotel_4 (profsoyuznaya_hotel_4)
2026-10-05 16:37:16 [INFO] __main__: Сохранено 1 номеров для Профсоюзная
2026-10-05 16:37:16 [INFO] __main__: Запрашиваю hotel_rodina_grand_hotel_spa_irkutsk_5 (hotel_rodina_grand_hotel_spa_irkutsk_5)
2026-10-05 16:37:17 [INFO] __main__: Сохранено 11 номеров для Отель RODINA Grand Hotel & SPA Irkutsk 5*
2026-10-05 16:37:17 [INFO] __main__: Запрашиваю domik_na_kholme_guest_house (domik_na_kholme_guest_house)
2026-10-05 16:37:18 [INFO] __main__: Сохранено 1 номеров для Меблированные комнаты Домик на холме
2026-10-05 16:37:18 [INFO] __main__: Запрашиваю brusinka (brusinka)
2026-10-05 16:37:21 [INFO] __main__: Сохранено 2 номеров для Меблированные комнаты Брусника
2026-10-05 16:37:21 [INFO] __main__: Запрашиваю living_quarters_uyutnye_dlya_dvoikh (living_quarters_uyutnye_dlya_dvoikh)
2026-10-05 16:37:22 [INFO] __main__: Сохранено 1 номеров для Меблированные комнаты Уютные для Двоих
2026-10-05 16:37:22 [INFO] __main__: Запрашиваю beliy_sobol_parkhotel (beliy_sobol_parkhotel)
2026-10-05 16:37:23 [INFO] __main__: Сохранено 4 номеров для Парк-отель Белый Соболь
2026-10-05 16:37:23 [INFO] __main__: Запрашиваю vostochnaia (vostochnaia)
2026-10-05 16:37:23 [INFO] __main__: Сохранено 6 номеров для Гостиница Восточная
2026-10-05 16:37:23 [INFO] __main__: Запрашиваю alaniya (alaniya)
2026-10-05 16:37:27 [INFO] __main__: Сохранено 2 номеров для Алания
2026-10-05 16:37:27 [INFO] __main__: Запрашиваю svetly_aparthotel (svetly_aparthotel)
2026-10-05 16:37:28 [INFO] __main__: Сохранено 2 номеров для Отель Светлый
2026-10-05 16:37:28 [INFO] __main__: Запрашиваю guest_house_baykaliya (guest_house_baykaliya)
2026-10-05 16:37:29 [INFO] __main__: Сохранено 1 номеров для Байкалия
2026-10-05 16:37:29 [INFO] __main__: Запрашиваю irkutsk_city_lodge (irkutsk_city_lodge)
2026-10-05 16:37:30 [INFO] __main__: Сохранено 4 номеров для Отель Иркутск Сити Лодж
2026-10-05 16:37:30 [INFO] __main__: Запрашиваю less_guest_house (less_guest_house)
2026-10-05 16:37:31 [INFO] __main__: Сохранено 2 номеров для Меблированные комнаты Лесс
2026-10-05 16:37:31 [INFO] __main__: Запрашиваю ozerny_tulun_sports_complex_na_karbysheva_185_apartment (ozerny_tulun_sports_complex_na_karbysheva_185_apartment)
2026-10-05 16:37:31 [INFO] __main__: Сохранено 1 номеров для Спорткомплекс Озерный Тулун на Карбышева 185
2026-10-05 16:37:31 [INFO] __main__: Запрашиваю wind_lake_guest_house (wind_lake_guest_house)
2026-10-05 16:37:32 [INFO] __main__: Сохранено 3 номеров для Wind Lake
2026-10-05 16:37:32 [INFO] __main__: Запрашиваю v_samom_tsentre_irkutska_minihotel (v_samom_tsentre_irkutska_minihotel)
2026-10-05 16:37:32 [INFO] __main__: Сохранено 1 номеров для Отель В Сердце Иркутска
2026-10-05 16:37:32 [INFO] __main__: Запрашиваю tengis_park_hotel (tengis_park_hotel)
2026-10-05 16:37:37 [INFO] __main__: Сохранено 2 номеров для Отель Тэнгис
2026-10-05 16:37:37 [INFO] __main__: Запрашиваю gostevoi_dom_margobai (gostevoi_dom_margobai)
2026-10-05 16:37:39 [INFO] __main__: Сохранено 8 номеров для Отель Маргобай
2026-10-05 16:37:39 [INFO] __main__: Запрашиваю v_derevne_guest_house (v_derevne_guest_house)
2026-10-05 16:37:40 [INFO] __main__: Сохранено 1 номеров для Уютный дом
2026-10-05 16:37:40 [INFO] __main__: Запрашиваю sportkompleks_ozerny_tulun_hotel (sportkompleks_ozerny_tulun_hotel)
2026-10-05 16:37:40 [INFO] __main__: Сохранено 1 номеров для Спорткомплекс Озерный Тулун
2026-10-05 16:37:40 [INFO] __main__: Запрашиваю nochleg_i_zavtrak_bb_shambala (nochleg_i_zavtrak_bb_shambala)
2026-10-05 16:37:42 [INFO] __main__: Сохранено 1 номеров для Загородный отель Шамбала
2026-10-05 16:37:42 [INFO] __main__: Запрашиваю private_house_uedinenny_dom_na_beregu_zhivopisnoy_zavodi (private_house_uedinenny_dom_na_beregu_zhivopisnoy_zavodi)
2026-10-05 16:37:42 [INFO] __main__: Сохранено 1 номеров для Байкал 51
2026-10-05 16:37:42 [INFO] __main__: Запрашиваю gostevoy_dom_chilla_villa_baikal (gostevoy_dom_chilla_villa_baikal)
2026-10-05 16:37:45 [INFO] __main__: Сохранено 2 номеров для Гостевой дом Chilla_villa_baikal
2026-10-05 16:37:45 [INFO] __main__: Запрашиваю rezidentsii_rodina_irkutsk (rezidentsii_rodina_irkutsk)
2026-10-05 16:37:46 [INFO] __main__: Сохранено 3 номеров для Резиденции Rodina Irkutsk
2026-10-05 16:37:46 [INFO] __main__: Запрашиваю planeta_9 (planeta_9)
2026-10-05 16:37:49 [INFO] __main__: Сохранено 4 номеров для Планета
2026-10-05 16:37:49 [INFO] __main__: Запрашиваю baykal_shale_guest_house (baykal_shale_guest_house)
2026-10-05 16:37:50 [INFO] __main__: Сохранено 5 номеров для Байкал Шале
2026-10-05 16:37:50 [INFO] __main__: Запрашиваю guest_house_baykal (guest_house_baykal)
2026-10-05 16:37:51 [INFO] __main__: Сохранено 1 номеров для В объятиях Байкала
2026-10-05 16:37:51 [INFO] __main__: Запрашиваю hotel_kosmos_5 (hotel_kosmos_5)
2026-10-05 16:37:51 [INFO] __main__: Сохранено 3 номеров для Отель Космос
2026-10-05 16:37:51 [INFO] __main__: Запрашиваю katantsa_hotel (katantsa_hotel)
2026-10-05 16:37:52 [INFO] __main__: Сохранено 5 номеров для Отель Катанца
2026-10-05 16:37:52 [INFO] __main__: Запрашиваю dauria_hotel_2 (dauria_hotel_2)
2026-10-05 16:37:52 [INFO] __main__: Сохранено 5 номеров для Отель Даурия
2026-10-05 16:37:52 [INFO] __main__: Запрашиваю aura_living_quarters (aura_living_quarters)
2026-10-05 16:37:53 [INFO] __main__: Сохранено 1 номеров для Меблированные комнаты Аура
2026-10-05 16:37:53 [INFO] __main__: Запрашиваю shelest (shelest)
2026-10-05 16:37:56 [INFO] __main__: Сохранено 1 номеров для Shelest
2026-10-05 16:37:56 [INFO] __main__: Запрашиваю praskovya_guest_house (praskovya_guest_house)
2026-10-05 16:37:58 [INFO] __main__: Сохранено 2 номеров для Отель Прасковья
2026-10-05 16:37:58 [INFO] __main__: Запрашиваю izumrud_hotel_7 (izumrud_hotel_7)
2026-10-05 16:38:00 [INFO] __main__: Сохранено 4 номеров для Отель Изумруд
2026-10-05 16:38:00 [INFO] __main__: Запрашиваю magnetit (magnetit)
2026-10-05 16:38:00 [INFO] __main__: Сохранено 5 номеров для Отель Магнетит
2026-10-05 16:38:00 [INFO] __main__: Запрашиваю krestovaya_pad_hotel (krestovaya_pad_hotel)
2026-10-05 16:38:01 [INFO] __main__: Сохранено 10 номеров для Гостиница Крестовая падь
2026-10-05 16:38:01 [INFO] __main__: Запрашиваю hotel_shishki (hotel_shishki)
2026-10-05 16:38:02 [INFO] __main__: Сохранено 3 номеров для Меблированные комнаты Шишки
2026-10-05 16:38:02 [INFO] __main__: Запрашиваю hostel_katrin_2 (hostel_katrin_2)
2026-10-05 16:38:03 [INFO] __main__: Сохранено 2 номеров для Катрин
2026-10-05 16:38:03 [INFO] __main__: Запрашиваю hotel_olimpiada (hotel_olimpiada)
2026-10-05 16:38:04 [INFO] __main__: Сохранено 5 номеров для Олимпиада
2026-10-05 16:38:04 [INFO] __main__: Запрашиваю hotel_star_of_baiakal (hotel_star_of_baiakal)
2026-10-05 16:38:07 [INFO] __main__: Сохранено 5 номеров для Гостиница Star of Baikal
2026-10-05 16:38:07 [INFO] __main__: Запрашиваю miniotel_medveditsa (miniotel_medveditsa)
2026-10-05 16:38:10 [INFO] __main__: Сохранено 4 номеров для Меблированные комнаты Медведица
2026-10-05 16:38:10 [INFO] __main__: Запрашиваю royal_hotel_33 (royal_hotel_33)
2026-10-05 16:38:10 [INFO] __main__: Сохранено 4 номеров для Отель Рояль
2026-10-05 16:38:10 [INFO] __main__: Запрашиваю rodnye_berega_holiday_park_ (rodnye_berega_holiday_park_)
2026-10-05 16:38:11 [INFO] __main__: Сохранено 2 номеров для База Отдыха Родные Берега
2026-10-05 16:38:11 [INFO] __main__: Запрашиваю hotel_barguzin (hotel_barguzin)
2026-10-05 16:38:14 [INFO] __main__: Сохранено 4 номеров для Меблированные комнаты Баргузин
2026-10-05 16:38:14 [INFO] __main__: Запрашиваю baza_otdykha_village_hvoy (baza_otdykha_village_hvoy)
2026-10-05 16:38:15 [INFO] __main__: Сохранено 4 номеров для Вилладж Хвоя
2026-10-05 16:38:15 [INFO] __main__: Запрашиваю hotel_shvedka (hotel_shvedka)
2026-10-05 16:38:16 [INFO] __main__: Сохранено 11 номеров для Отель ШВЕДКА
2026-10-05 16:38:16 [INFO] __main__: Запрашиваю arena_on_sverdlov (arena_on_sverdlov)
2026-10-05 16:38:19 [INFO] __main__: Сохранено 4 номеров для Меблированные комнаты общежитие "Арена на Свердлова"
2026-10-05 16:38:19 [INFO] __main__: Запрашиваю recreation_complex_altan (recreation_complex_altan)
2026-10-05 16:38:22 [INFO] __main__: Сохранено 6 номеров для Парк-Отель Алтан
2026-10-05 16:38:22 [INFO] __main__: Запрашиваю hotel_gostinitsa_dinamo (hotel_gostinitsa_dinamo)
2026-10-05 16:38:23 [INFO] __main__: Сохранено 5 номеров для Отель Динамо
2026-10-05 16:38:23 [INFO] __main__: Запрашиваю gloria_20 (gloria_20)
2026-10-05 16:38:26 [INFO] __main__: Сохранено 2 номеров для Отель Глория
2026-10-05 16:38:26 [INFO] __main__: Запрашиваю metelitsa_6 (metelitsa_6)
2026-10-05 16:38:27 [INFO] __main__: Сохранено 3 номеров для Отель Метелица
2026-10-05 16:38:27 [INFO] __main__: Запрашиваю saturn_8 (saturn_8)
2026-10-05 16:38:29 [INFO] __main__: Сохранено 3 номеров для Отель Сатурн
2026-10-05 16:38:29 [INFO] __main__: Запрашиваю yupiter (yupiter)
2026-10-05 16:38:30 [INFO] __main__: Сохранено 2 номеров для Юпитер
2026-10-05 16:38:30 [INFO] __main__: Запрашиваю olkhon_house_guest_family_house (olkhon_house_guest_family_house)
2026-10-05 16:38:31 [INFO] __main__: Сохранено 4 номеров для Olkhon Family House
2026-10-05 16:38:31 [INFO] __main__: Запрашиваю khoromy_recreation_camp (khoromy_recreation_camp)
2026-10-05 16:38:31 [INFO] __main__: Сохранено 3 номеров для Хоромы
2026-10-05 16:38:31 [INFO] __main__: Запрашиваю hotel_baikal_krai (hotel_baikal_krai)
2026-10-05 16:38:33 [INFO] __main__: Сохранено 3 номеров для Усадьба Байкальский край
2026-10-05 16:38:33 [INFO] __main__: Запрашиваю maksi_hotel (maksi_hotel)
2026-10-05 16:38:33 [INFO] __main__: Сохранено 1 номеров для Отель Макси
2026-10-05 16:38:33 [INFO] __main__: Запрашиваю home_hotel_apartments_home_wanted_on_piskunov_street (home_hotel_apartments_home_wanted_on_piskunov_street)
2026-10-05 16:38:35 [INFO] __main__: Сохранено 2 номеров для Апартаменты Home Hotel (Хоум Отель) на улице Пискунова
2026-10-05 16:38:35 [INFO] __main__: Запрашиваю gostevoy_dom_mandarkhan_obaykal (gostevoy_dom_mandarkhan_obaykal)
2026-10-05 16:38:35 [INFO] __main__: Сохранено 1 номеров для Мандархан, о.Байкал
2026-10-05 16:38:35 [INFO] __main__: Запрашиваю gostevoj_dom_bajkalska_tajga (gostevoj_dom_bajkalska_tajga)
2026-10-05 16:38:38 [INFO] __main__: Сохранено 1 номеров для Байкальска тайга
2026-10-05 16:38:38 [INFO] __main__: Запрашиваю aleksandrovskij_dvor (aleksandrovskij_dvor)
2026-10-05 16:38:41 [INFO] __main__: Сохранено 1 номеров для Александровский двор
2026-10-05 16:38:41 [INFO] __main__: Запрашиваю glemping_hygge_barn (glemping_hygge_barn)
2026-10-05 16:38:42 [INFO] __main__: Сохранено 1 номеров для Hygge Barn
2026-10-05 16:38:42 [INFO] __main__: Запрашиваю na_beregu_baykala_guest_house (na_beregu_baykala_guest_house)
2026-10-05 16:38:42 [INFO] __main__: Сохранено 1 номеров для На берегу Байкала
2026-10-05 16:38:42 [INFO] __main__: Запрашиваю v_russkom_stile_guest_house (v_russkom_stile_guest_house)
2026-10-05 16:38:43 [INFO] __main__: Сохранено 1 номеров для Меблированные комнаты в Русском Стиле
2026-10-05 16:38:43 [INFO] __main__: Запрашиваю dlya_kompanii_guest_house (dlya_kompanii_guest_house)
2026-10-05 16:38:44 [INFO] __main__: Сохранено 1 номеров для Для компании
2026-10-05 16:38:44 [INFO] __main__: Запрашиваю komilfo_2 (komilfo_2)
2026-10-05 16:38:45 [INFO] __main__: Сохранено 6 номеров для Отель Комильфо
2026-10-05 16:38:45 [INFO] __main__: Запрашиваю gostevoj_dom_na_zvezdinskoj (gostevoj_dom_na_zvezdinskoj)
2026-10-05 16:38:48 [INFO] __main__: Сохранено 3 номеров для Отель на Звездинской
2026-10-05 16:38:48 [INFO] __main__: Запрашиваю yolochka (yolochka)
2026-10-05 16:38:49 [INFO] __main__: Сохранено 9 номеров для Меблированные комнаты Ёлочка
2026-10-05 16:38:49 [INFO] __main__: Запрашиваю hotel_sozvezdie_baikala (hotel_sozvezdie_baikala)
2026-10-05 16:38:50 [INFO] __main__: Сохранено 6 номеров для Отель Созвездие Байкала
2026-10-05 16:38:50 [INFO] __main__: Запрашиваю bely_bereg (bely_bereg)
2026-10-05 16:38:51 [INFO] __main__: Сохранено 3 номеров для Отель Белый берег
2026-10-05 16:38:51 [INFO] __main__: Сохранено 744 номеров в /home/runner/work/ostrovok-parser/ostrovok-parser/daily/rooms/2026-10-06.csv
2026-10-05 16:38:51 [INFO] __main__: Парсинг завершён. Всего обработано 744 номеров.
2026-10-05 16:38:53 [WARNING] __main__: free_rooms_amount (41) > rooms_num (27) для hotel_nikola_2 — используем effective_rooms_num=41
2026-10-05 16:38:53 [WARNING] __main__: free_rooms_amount (90) > rooms_num (44) для eko_baikalwood_hotel — используем effective_rooms_num=90
2026-10-05 16:38:53 [WARNING] __main__: free_rooms_amount (45) > rooms_num (40) для history_boutiquehotel — используем effective_rooms_num=45
2026-10-05 16:38:53 [WARNING] __main__: free_rooms_amount (596) > rooms_num (156) для baikal_forest_hotel — используем effective_rooms_num=596
2026-10-05 16:38:53 [WARNING] __main__: free_rooms_amount (60) > rooms_num (40) для armat_hotel — используем effective_rooms_num=60
2026-10-05 16:38:53 [WARNING] __main__: free_rooms_amount (42) > rooms_num (38) для vera_baikal — используем effective_rooms_num=42
2026-10-05 16:38:53 [WARNING] __main__: free_rooms_amount (22) > rooms_num (15) для hotel_flagman_olkhona — используем effective_rooms_num=22
2026-10-05 16:38:53 [WARNING] __main__: free_rooms_amount (17) > rooms_num (15) для dom_baykal_guest_house — используем effective_rooms_num=17
2026-10-05 16:38:53 [WARNING] __main__: free_rooms_amount (17) > rooms_num (15) для arena_g_irkutsk — используем effective_rooms_num=17
2026-10-05 16:38:53 [WARNING] __main__: free_rooms_amount (8) > rooms_num (6) для olkhonstory_guest_house — используем effective_rooms_num=8
2026-10-05 16:38:53 [WARNING] __main__: free_rooms_amount (33) > rooms_num (14) для gostevoi_dom_margobai — используем effective_rooms_num=33
2026-10-05 16:38:53 [WARNING] __main__: free_rooms_amount (14) > rooms_num (11) для baykal_shale_guest_house — используем effective_rooms_num=14
2026-10-05 16:38:53 [WARNING] __main__: free_rooms_amount (27) > rooms_num (4) для dauria_hotel_2 — используем effective_rooms_num=27
2026-10-05 16:38:53 [WARNING] __main__: free_rooms_amount (13) > rooms_num (9) для izumrud_hotel_7 — используем effective_rooms_num=13
2026-10-05 16:38:53 [WARNING] __main__: free_rooms_amount (35) > rooms_num (25) для gostevoj_dom_na_zvezdinskoj — используем effective_rooms_num=35
2026-10-05 16:38:53 [WARNING] __main__: free_rooms_amount (9) > rooms_num (6) для yolochka — используем effective_rooms_num=9
2026-10-05 16:38:53 [WARNING] __main__: free_rooms_amount (7) > rooms_num (5) для bely_bereg — используем effective_rooms_num=7
2026-10-05 16:38:53 [INFO] __main__: Статистика сохранена в /home/runner/work/ostrovok-parser/ostrovok-parser/daily/statistics/2026-10-06.csv
2026-10-05 16:38:53 [INFO] __main__: Обработано 184 отелей
2026-10-06 14:32:41 [INFO] __main__: Режим CI: увеличенные таймауты и ожидание networkidle.
2026-10-06 14:32:41 [INFO] __main__: Запуск парсера отелей...
2026-10-06 14:32:41 [INFO] __main__: Даты бронирования: 07.10.2026 - 08.10.2026
2026-10-06 14:32:42 [INFO] __main__: --- Страница 1 ---
2026-10-06 14:32:47 [INFO] __main__: Перехвачено и извлечено 20 отелей. Всего: 20
2026-10-06 14:32:53 [INFO] __main__: Добавлено 20 отелей со страницы 1. Переход на следующую страницу...
2026-10-06 14:32:56 [INFO] __main__: --- Страница 2 ---
2026-10-06 14:32:58 [INFO] __main__: Перехвачено и извлечено 20 отелей. Всего: 40
2026-10-06 14:33:03 [INFO] __main__: Добавлено 20 отелей со страницы 2. Переход на следующую страницу...
2026-10-06 14:33:05 [INFO] __main__: --- Страница 3 ---
2026-10-06 14:33:08 [INFO] __main__: Перехвачено и извлечено 20 отелей. Всего: 60
2026-10-06 14:33:12 [INFO] __main__: Добавлено 20 отелей со страницы 3. Переход на следующую страницу...
2026-10-06 14:33:15 [INFO] __main__: --- Страница 4 ---
2026-10-06 14:33:17 [INFO] __main__: Перехвачено и извлечено 20 отелей. Всего: 80
2026-10-06 14:33:22 [INFO] __main__: Добавлено 20 отелей со страницы 4. Переход на следующую страницу...
2026-10-06 14:33:24 [INFO] __main__: --- Страница 5 ---
2026-10-06 14:33:27 [INFO] __main__: Перехвачено и извлечено 20 отелей. Всего: 100
2026-10-06 14:33:34 [INFO] __main__: Добавлено 20 отелей со страницы 5. Переход на следующую страницу...
2026-10-06 14:33:37 [INFO] __main__: --- Страница 6 ---
2026-10-06 14:33:39 [INFO] __main__: Перехвачено и извлечено 20 отелей. Всего: 120
2026-10-06 14:33:43 [INFO] __main__: Добавлено 20 отелей со страницы 6. Переход на следующую страницу...
2026-10-06 14:33:46 [INFO] __main__: --- Страница 7 ---
2026-10-06 14:33:49 [INFO] __main__: Перехвачено и извлечено 20 отелей. Всего: 140
2026-10-06 14:33:55 [INFO] __main__: Добавлено 20 отелей со страницы 7. Переход на следующую страницу...
2026-10-06 14:33:58 [INFO] __main__: --- Страница 8 ---
2026-10-06 14:34:04 [INFO] __main__: Перехвачено и извлечено 20 отелей. Всего: 160
2026-10-06 14:34:10 [INFO] __main__: Добавлено 20 отелей со страницы 8. Переход на следующую страницу...
2026-10-06 14:34:12 [INFO] __main__: --- Страница 9 ---
2026-10-06 14:34:15 [INFO] __main__: Перехвачено и извлечено 20 отелей. Всего: 180
2026-10-06 14:34:19 [INFO] __main__: Добавлено 20 отелей со страницы 9. Переход на следующую страницу...
2026-10-06 14:34:21 [INFO] __main__: --- Страница 10 ---
2026-10-06 14:34:24 [INFO] __main__: Перехвачено и извлечено 1 отелей. Всего: 181
2026-10-06 14:34:28 [INFO] __main__: Добавлено 1 отелей со страницы 10. Переход на следующую страницу...
2026-10-06 14:34:30 [INFO] __main__: --- Страница 11 ---
2026-10-06 14:35:22 [WARNING] __main__: На странице 11 отелей не получено. Конец списка.
2026-10-06 14:35:22 [INFO] __main__: === Всего собрано отелей со всех страниц: 181 ===
2026-10-06 14:35:37 [INFO] __main__: Сохранено 181 отелей в /home/runner/work/ostrovok-parser/ostrovok-parser/daily/hotels/2026-10-06.csv
2026-10-06 14:35:37 [INFO] __main__: Парсинг завершён. Всего обработано 181 отелей.
2026-10-06 14:35:37 [INFO] __main__: Каталог сохранён: 286 отелей → /home/runner/work/ostrovok-parser/ostrovok-parser/catalog/hotels.csv
2026-10-06 14:35:37 [INFO] __main__: Каталог обновлён: всего 286, новых 0
2026-10-06 14:35:39 [INFO] __main__: Даты бронирования: 07.10.2026 - 08.10.2026
2026-10-06 14:35:39 [INFO] __main__: Запуск браузера для получения куки...
2026-10-06 14:35:45 [INFO] __main__: Получено 54 куки
2026-10-06 14:35:45 [INFO] __main__: Запрашиваю victory_hotel_4 (victory_hotel_4)
2026-10-06 14:35:46 [INFO] __main__: Сохранено 2 номеров для Гостиница Виктория
2026-10-06 14:35:46 [INFO] __main__: Запрашиваю azimut_aeroport_irkutsk_hotel (azimut_aeroport_irkutsk_hotel)
2026-10-06 14:35:46 [INFO] __main__: Сохранено 6 номеров для AZIMUT Отель Аэропорт Иркутск 4*
2026-10-06 14:35:46 [INFO] __main__: Запрашиваю grand_baikal (grand_baikal)
2026-10-06 14:35:48 [INFO] __main__: Сохранено 4 номеров для Отель Гранд Байкал
2026-10-06 14:35:48 [INFO] __main__: Запрашиваю evropa_hotel (evropa_hotel)
2026-10-06 14:35:49 [INFO] __main__: Сохранено 4 номеров для Отель Европа
2026-10-06 14:35:49 [INFO] __main__: Запрашиваю irkutsk_city_center (irkutsk_city_center)
2026-10-06 14:35:49 [INFO] __main__: Сохранено 3 номеров для Отель Иркутск Сити Центр
2026-10-06 14:35:49 [INFO] __main__: Запрашиваю tajga_hotel (tajga_hotel)
2026-10-06 14:35:50 [INFO] __main__: Сохранено 4 номеров для Отель Тайга
2026-10-06 14:35:50 [INFO] __main__: Запрашиваю klubnyij_kvartal_apartments (klubnyij_kvartal_apartments)
2026-10-06 14:35:50 [INFO] __main__: Сохранено 2 номеров для Клубный Квартал
2026-10-06 14:35:50 [INFO] __main__: Запрашиваю best_eastern_hotel_zvezda (best_eastern_hotel_zvezda)
2026-10-06 14:35:55 [INFO] __main__: Сохранено 3 номеров для Отель Звезда
2026-10-06 14:35:55 [INFO] __main__: Запрашиваю rus_hotel_irkutsk (rus_hotel_irkutsk)
2026-10-06 14:36:00 [INFO] __main__: Сохранено 7 номеров для Гостиничный Комплекс Русь
2026-10-06 14:36:00 [INFO] __main__: Запрашиваю larus (larus)
2026-10-06 14:36:01 [INFO] __main__: Сохранено 1 номеров для Отель Ларус
2026-10-06 14:36:01 [INFO] __main__: Запрашиваю hotel_nikola_2 (hotel_nikola_2)
2026-10-06 14:36:06 [INFO] __main__: Сохранено 8 номеров для Отель Никола
2026-10-06 14:36:06 [INFO] __main__: Запрашиваю lazurny_bereg_hotel_ (lazurny_bereg_hotel_)
2026-10-06 14:36:07 [INFO] __main__: Сохранено 4 номеров для Гостиница Лазурный берег
2026-10-06 14:36:07 [INFO] __main__: Запрашиваю lyuks_hotel_4 (lyuks_hotel_4)
2026-10-06 14:36:09 [INFO] __main__: Сохранено 3 номеров для Отель Люкс
2026-10-06 14:36:09 [INFO] __main__: Запрашиваю angara_hotel (angara_hotel)
2026-10-06 14:36:10 [INFO] __main__: Сохранено 7 номеров для Ангара Отель
2026-10-06 14:36:10 [INFO] __main__: Запрашиваю otel_irkut (otel_irkut)
2026-10-06 14:36:11 [INFO] __main__: Сохранено 5 номеров для Отель Иркут
2026-10-06 14:36:11 [INFO] __main__: Запрашиваю vozdushnaya_gavan (vozdushnaya_gavan)
2026-10-06 14:36:16 [INFO] __main__: Сохранено 1 номеров для Отель Воздушная Гавань
2026-10-06 14:36:16 [INFO] __main__: Запрашиваю empire_hotel_3 (empire_hotel_3)
2026-10-06 14:36:16 [INFO] __main__: Сохранено 11 номеров для Гостиница Империя
2026-10-06 14:36:16 [INFO] __main__: Запрашиваю yakovlev_hotel (yakovlev_hotel)
2026-10-06 14:36:21 [INFO] __main__: Сохранено 4 номеров для Отель Яковлевъ
2026-10-06 14:36:21 [INFO] __main__: Запрашиваю hotel_angara (hotel_angara)
2026-10-06 14:36:23 [INFO] __main__: Сохранено 6 номеров для Отель Ангара-Приоритет
2026-10-06 14:36:23 [INFO] __main__: Запрашиваю dohodnyij_dom_listratvoj_butikhotel (dohodnyij_dom_listratvoj_butikhotel)
2026-10-06 14:36:23 [INFO] __main__: Сохранено 5 номеров для Отель Доходный дом Листратовой
2026-10-06 14:36:23 [INFO] __main__: Запрашиваю matreshka_hotel (matreshka_hotel)
2026-10-06 14:36:28 [INFO] __main__: Сохранено 8 номеров для Отель Матрешка
2026-10-06 14:36:28 [INFO] __main__: Запрашиваю inn_business_hall (inn_business_hall)
2026-10-06 14:36:33 [INFO] __main__: Сохранено 4 номеров для Отель Business Hall
2026-10-06 14:36:33 [INFO] __main__: Запрашиваю hotel_premium_hotel_pushkin (hotel_premium_hotel_pushkin)
2026-10-06 14:36:34 [INFO] __main__: Сохранено 6 номеров для Премиум-отель Пушкин
2026-10-06 14:36:34 [INFO] __main__: Запрашиваю uda_2 (uda_2)
2026-10-06 14:36:39 [INFO] __main__: Сохранено 6 номеров для Отель УДА
2026-10-06 14:36:39 [INFO] __main__: Запрашиваю otel_tsentral (otel_tsentral)
2026-10-06 14:36:40 [INFO] __main__: Сохранено 6 номеров для Отель Централь
2026-10-06 14:36:40 [INFO] __main__: Запрашиваю podlemorie_hotel (podlemorie_hotel)
2026-10-06 14:36:41 [INFO] __main__: Сохранено 4 номеров для Отель Подлеморье
2026-10-06 14:36:41 [INFO] __main__: Запрашиваю baikal_view_hotel (baikal_view_hotel)
2026-10-06 14:36:43 [INFO] __main__: Сохранено 6 номеров для Baikal View Hotel
2026-10-06 14:36:43 [INFO] __main__: Запрашиваю hotel_harats_inn (hotel_harats_inn)
2026-10-06 14:36:44 [INFO] __main__: Сохранено 4 номеров для Отель Harat's inn
2026-10-06 14:36:44 [INFO] __main__: Запрашиваю apartamentyi_v_irkutske (apartamentyi_v_irkutske)
2026-10-06 14:36:47 [INFO] __main__: Сохранено 1 номеров для Меблированные комнаты в Иркутске
2026-10-06 14:36:47 [INFO] __main__: Запрашиваю archi_apt_apartments (archi_apt_apartments)
2026-10-06 14:36:47 [INFO] __main__: Сохранено 1 номеров для Отель Baikal Archi Apt
2026-10-06 14:36:47 [INFO] __main__: Запрашиваю hotel_nuur_hotel (hotel_nuur_hotel)
2026-10-06 14:36:47 [INFO] __main__: Сохранено 2 номеров для Отель Nuur Hotel
2026-10-06 14:36:47 [INFO] __main__: Запрашиваю eko_baikalwood_hotel (eko_baikalwood_hotel)
2026-10-06 14:36:48 [INFO] __main__: Сохранено 10 номеров для Отель Белая Чайка
2026-10-06 14:36:48 [INFO] __main__: Запрашиваю armat_hotel (armat_hotel)
2026-10-06 14:36:49 [INFO] __main__: Сохранено 8 номеров для Отель Армат
2026-10-06 14:36:49 [INFO] __main__: Запрашиваю baikal_forest_hotel (baikal_forest_hotel)
2026-10-06 14:36:54 [INFO] __main__: Сохранено 12 номеров для Отель Форест
2026-10-06 14:36:54 [INFO] __main__: Запрашиваю atlas_hotel_3 (atlas_hotel_3)
2026-10-06 14:36:54 [INFO] __main__: Сохранено 3 номеров для Гостиница Атлас
2026-10-06 14:36:54 [INFO] __main__: Запрашиваю gostevoy_dom_sunrise (gostevoy_dom_sunrise)
2026-10-06 14:36:57 [INFO] __main__: Сохранено 4 номеров для Sunrise
2026-10-06 14:36:57 [INFO] __main__: Запрашиваю burduguz_hotel_2 (burduguz_hotel_2)
2026-10-06 14:36:57 [INFO] __main__: Сохранено 8 номеров для Парк-Отель Бурдугуз
2026-10-06 14:36:57 [INFO] __main__: Запрашиваю history_boutiquehotel (history_boutiquehotel)
2026-10-06 14:36:58 [INFO] __main__: Сохранено 8 номеров для Отель HISTORY Бутик-отель и СПА
2026-10-06 14:36:58 [INFO] __main__: Запрашиваю hotel_khotej (hotel_khotej)
2026-10-06 14:36:59 [INFO] __main__: Сохранено 2 номеров для Отель Хотэй
2026-10-06 14:36:59 [INFO] __main__: Запрашиваю 7_dorog (7_dorog)
2026-10-06 14:36:59 [INFO] __main__: Сохранено 5 номеров для Гостиница 7 дорог
2026-10-06 14:36:59 [INFO] __main__: Запрашиваю baikal_business_center_hotel (baikal_business_center_hotel)
2026-10-06 14:37:00 [INFO] __main__: Сохранено 4 номеров для Отель Байкал Бизнес Центр
2026-10-06 14:37:00 [INFO] __main__: Запрашиваю baykal_khan_listvyanka (baykal_khan_listvyanka)
2026-10-06 14:37:00 [INFO] __main__: Сохранено 6 номеров для Отель Байкал Хан п.Листвянка
2026-10-06 14:37:00 [INFO] __main__: Запрашиваю malinovka_3 (malinovka_3)
2026-10-06 14:37:03 [INFO] __main__: Сохранено 5 номеров для Малиновка
2026-10-06 14:37:03 [INFO] __main__: Запрашиваю vera_baikal (vera_baikal)
2026-10-06 14:37:03 [INFO] __main__: Сохранено 6 номеров для Отель Вера Байкал
2026-10-06 14:37:03 [INFO] __main__: Запрашиваю bajkal_hotel (bajkal_hotel)
2026-10-06 14:37:04 [INFO] __main__: Сохранено 5 номеров для Отель Байкал
2026-10-06 14:37:04 [INFO] __main__: Запрашиваю kupechesky_dvor_hotel (kupechesky_dvor_hotel)
2026-10-06 14:37:05 [INFO] __main__: Сохранено 4 номеров для Отель Купеческий Дворъ
2026-10-06 14:37:05 [INFO] __main__: Запрашиваю hotel_arakhis (hotel_arakhis)
2026-10-06 14:37:06 [INFO] __main__: Сохранено 3 номеров для Отель Арахис
2026-10-06 14:37:06 [INFO] __main__: Запрашиваю gostinitsa_solntse (gostinitsa_solntse)
2026-10-06 14:37:11 [INFO] __main__: Сохранено 7 номеров для Гостиница Солнце
2026-10-06 14:37:11 [INFO] __main__: Запрашиваю green_hotel_ (green_hotel_)
2026-10-06 14:37:13 [INFO] __main__: Сохранено 6 номеров для Грин Отель
2026-10-06 14:37:13 [INFO] __main__: Запрашиваю miniotel_good_hotel (miniotel_good_hotel)
2026-10-06 14:37:15 [INFO] __main__: Сохранено 3 номеров для Мини-Отель Good Hotel
2026-10-06 14:37:15 [INFO] __main__: Запрашиваю gostinitsa_ustilim (gostinitsa_ustilim)
2026-10-06 14:37:19 [INFO] __main__: Сохранено 1 номеров для Усть-Илим
2026-10-06 14:37:19 [INFO] __main__: Запрашиваю bajkal_severnoe_more_hotel (bajkal_severnoe_more_hotel)
2026-10-06 14:37:24 [INFO] __main__: Сохранено 7 номеров для Отель Байкал - Северное Море
2026-10-06 14:37:24 [INFO] __main__: Запрашиваю alpari (alpari)
2026-10-06 14:37:29 [INFO] __main__: Сохранено 2 номеров для Гостиница Альпари
2026-10-06 14:37:29 [INFO] __main__: Запрашиваю montana_hostel (montana_hostel)
2026-10-06 14:37:30 [INFO] __main__: Сохранено 2 номеров для Меблированные комнаты Montana
2026-10-06 14:37:30 [INFO] __main__: Запрашиваю baza_otdykha_gostiny_dvor_vdokhnovenie (baza_otdykha_gostiny_dvor_vdokhnovenie)
2026-10-06 14:37:30 [INFO] __main__: Сохранено 4 номеров для Отель Гостиный Двор Вдохновение
2026-10-06 14:37:30 [INFO] __main__: Запрашиваю minihotel_albatros (minihotel_albatros)
2026-10-06 14:37:35 [INFO] __main__: Сохранено 3 номеров для Гостиница Альбатрос
2026-10-06 14:37:35 [INFO] __main__: Запрашиваю city_park_hotel_13 (city_park_hotel_13)
2026-10-06 14:37:36 [INFO] __main__: Сохранено 3 номеров для Меблированные комнаты City Park
2026-10-06 14:37:36 [INFO] __main__: Запрашиваю glempingotel_yolki_recreation_camp (glempingotel_yolki_recreation_camp)
2026-10-06 14:37:36 [INFO] __main__: Сохранено 2 номеров для Аян
2026-10-06 14:37:36 [INFO] __main__: Запрашиваю mini_hotel_vizit (mini_hotel_vizit)
2026-10-06 14:37:37 [INFO] __main__: Сохранено 2 номеров для Гостиница Визит
2026-10-06 14:37:37 [INFO] __main__: Запрашиваю mayak_hotel_listvyanka (mayak_hotel_listvyanka)
2026-10-06 14:37:38 [INFO] __main__: Сохранено 12 номеров для Отель Маяк
2026-10-06 14:37:38 [INFO] __main__: Запрашиваю riderside (riderside)
2026-10-06 14:37:47 [INFO] __main__: Сохранено 4 номеров для Гостиница Riverside
2026-10-06 14:37:47 [INFO] __main__: Запрашиваю hotel_olkhonhill (hotel_olkhonhill)
2026-10-06 14:37:47 [INFO] __main__: Сохранено 2 номеров для Отель Olkhon-hill
2026-10-06 14:37:47 [INFO] __main__: Запрашиваю magas (magas)
2026-10-06 14:37:50 [INFO] __main__: Сохранено 5 номеров для Отель на Перроне
2026-10-06 14:37:50 [INFO] __main__: Запрашиваю ibis_irkutsk_center (ibis_irkutsk_center)
2026-10-06 14:37:51 [INFO] __main__: Сохранено 5 номеров для Отель Ибис Иркутск Центр
2026-10-06 14:37:51 [INFO] __main__: Запрашиваю hotel_flagman_olkhona (hotel_flagman_olkhona)
2026-10-06 14:37:56 [INFO] __main__: Сохранено 5 номеров для Отель Флагман Ольхона
2026-10-06 14:37:56 [INFO] __main__: Запрашиваю aristokrat_hotel (aristokrat_hotel)
2026-10-06 14:37:57 [INFO] __main__: Сохранено 5 номеров для Отель Аристократ
2026-10-06 14:37:57 [INFO] __main__: Запрашиваю hotel_anastasiya_2 (hotel_anastasiya_2)
2026-10-06 14:37:57 [INFO] __main__: Сохранено 11 номеров для Отель ГК Анастасия
2026-10-06 14:37:57 [INFO] __main__: Запрашиваю international_hotel_sayen (international_hotel_sayen)
2026-10-06 14:37:58 [INFO] __main__: Сохранено 6 номеров для SAYEN
2026-10-06 14:37:58 [INFO] __main__: Запрашиваю dream_of_baikal_hotel (dream_of_baikal_hotel)
2026-10-06 14:38:01 [INFO] __main__: Сохранено 5 номеров для Отель Dream of Baikal
2026-10-06 14:38:01 [INFO] __main__: Запрашиваю smart_hotel_kdo_irkutsk_hotel (smart_hotel_kdo_irkutsk_hotel)
2026-10-06 14:38:03 [INFO] __main__: Сохранено 3 номеров для Отель Smart Hotel Иркутск
2026-10-06 14:38:03 [INFO] __main__: Запрашиваю flagman_hotel (flagman_hotel)
2026-10-06 14:38:04 [INFO] __main__: Сохранено 4 номеров для Отель Флагман
2026-10-06 14:38:04 [INFO] __main__: Запрашиваю flagman_hotel_4 (flagman_hotel_4)
2026-10-06 14:38:05 [INFO] __main__: Сохранено 2 номеров для Отель Флагман
2026-10-06 14:38:05 [INFO] __main__: Запрашиваю legend_of_baikal (legend_of_baikal)
2026-10-06 14:38:05 [INFO] __main__: Сохранено 6 номеров для Отель Легенда Байкала
2026-10-06 14:38:05 [INFO] __main__: Запрашиваю lotos_hotel (lotos_hotel)
2026-10-06 14:38:06 [INFO] __main__: Сохранено 5 номеров для Отель Лотос
2026-10-06 14:38:06 [INFO] __main__: Запрашиваю marx_hotel (marx_hotel)
2026-10-06 14:38:06 [INFO] __main__: Сохранено 3 номеров для Отель Маркс
2026-10-06 14:38:06 [INFO] __main__: Запрашиваю hotel_soyuz_2 (hotel_soyuz_2)
2026-10-06 14:38:07 [INFO] __main__: Сохранено 8 номеров для Жилое помещение Союз
2026-10-06 14:38:07 [INFO] __main__: Запрашиваю na_ulitse_pavlova_28_apartments (na_ulitse_pavlova_28_apartments)
2026-10-06 14:38:07 [INFO] __main__: Сохранено 1 номеров для На улице Павлова 28
2026-10-06 14:38:07 [INFO] __main__: Запрашиваю baykal_khan_hotel_olkhon (baykal_khan_hotel_olkhon)
2026-10-06 14:38:10 [INFO] __main__: Сохранено 2 номеров для Отель Байкал-Хан Ольхон
2026-10-06 14:38:10 [INFO] __main__: Запрашиваю legendy_baykala (legendy_baykala)
2026-10-06 14:38:10 [INFO] __main__: Сохранено 5 номеров для Гостиница Легенды Байкала
2026-10-06 14:38:10 [INFO] __main__: Запрашиваю guesthouse_dudeevukh (guesthouse_dudeevukh)
2026-10-06 14:38:13 [INFO] __main__: Сохранено 2 номеров для Меблированные комнаты Дудеевых
2026-10-06 14:38:13 [INFO] __main__: Запрашиваю camping_yelochka_kempinghotel (camping_yelochka_kempinghotel)
2026-10-06 14:38:14 [INFO] __main__: Сохранено 6 номеров для Отель Елочка
2026-10-06 14:38:14 [INFO] __main__: Запрашиваю artrezidentsiya_port_olhon (artrezidentsiya_port_olhon)
2026-10-06 14:38:15 [INFO] __main__: Сохранено 9 номеров для Арт-отель Порт Ольхон
2026-10-06 14:38:15 [INFO] __main__: Запрашиваю amurskiy (amurskiy)
2026-10-06 14:38:15 [INFO] __main__: Сохранено 6 номеров для Отель Амурский
2026-10-06 14:38:15 [INFO] __main__: Запрашиваю hotel_pushkin_2 (hotel_pushkin_2)
2026-10-06 14:38:20 [INFO] __main__: Сохранено 1 номеров для Отель ПушкинЪ
2026-10-06 14:38:20 [INFO] __main__: Запрашиваю bajkalskie_sezonyi (bajkalskie_sezonyi)
2026-10-06 14:38:23 [INFO] __main__: Сохранено 5 номеров для Отель Парк Байкальские сезоны
2026-10-06 14:38:23 [INFO] __main__: Запрашиваю apartments_viking_khaus (apartments_viking_khaus)
2026-10-06 14:38:23 [INFO] __main__: Сохранено 2 номеров для Викинг Хаус
2026-10-06 14:38:23 [INFO] __main__: Запрашиваю taiga_2 (taiga_2)
2026-10-06 14:38:28 [INFO] __main__: Сохранено 4 номеров для Отель Тайга
2026-10-06 14:38:28 [INFO] __main__: Запрашиваю baza_otdykha_akvamarin (baza_otdykha_akvamarin)
2026-10-06 14:38:29 [INFO] __main__: Сохранено 6 номеров для Аквамарин
2026-10-06 14:38:29 [INFO] __main__: Запрашиваю baykkalina_guest_house (baykkalina_guest_house)
2026-10-06 14:38:31 [INFO] __main__: Сохранено 3 номеров для БайкКалина
2026-10-06 14:38:31 [INFO] __main__: Запрашиваю parus_18 (parus_18)
2026-10-06 14:38:34 [INFO] __main__: Сохранено 4 номеров для Курортный отель Парус
2026-10-06 14:38:34 [INFO] __main__: Запрашиваю hotel_aziyayevropa (hotel_aziyayevropa)
2026-10-06 14:38:39 [INFO] __main__: Сохранено 5 номеров для Отель Азия-Европа
2026-10-06 14:38:39 [INFO] __main__: Запрашиваю u_istoka_hotel (u_istoka_hotel)
2026-10-06 14:38:39 [INFO] __main__: Сохранено 4 номеров для Гостиница У Истока
2026-10-06 14:38:39 [INFO] __main__: Запрашиваю lenatour (lenatour)
2026-10-06 14:38:41 [INFO] __main__: Сохранено 2 номеров для Отель  Ленатур
2026-10-06 14:38:41 [INFO] __main__: Запрашиваю minihotel_panda (minihotel_panda)
2026-10-06 14:38:41 [INFO] __main__: Сохранено 1 номеров для Отель ДиаДэй
2026-10-06 14:38:41 [INFO] __main__: Запрашиваю lada_8 (lada_8)
2026-10-06 14:38:42 [INFO] __main__: Сохранено 8 номеров для Отель Гостиница ЛАДА
2026-10-06 14:38:42 [INFO] __main__: Запрашиваю luna_hotel_9 (luna_hotel_9)
2026-10-06 14:38:44 [INFO] __main__: Сохранено 4 номеров для Отель Луна
2026-10-06 14:38:44 [INFO] __main__: Запрашиваю kheyvitsa_guest_house (kheyvitsa_guest_house)
2026-10-06 14:38:49 [INFO] __main__: Сохранено 3 номеров для Отель Гостевой Дом Хейвица
2026-10-06 14:38:49 [INFO] __main__: Запрашиваю hotel_gostinitsa_avtovokzal (hotel_gostinitsa_avtovokzal)
2026-10-06 14:38:51 [INFO] __main__: Сохранено 4 номеров для Отель Автовокзал
2026-10-06 14:38:51 [INFO] __main__: Запрашиваю u_lukomorya_4 (u_lukomorya_4)
2026-10-06 14:38:54 [INFO] __main__: Сохранено 2 номеров для У Лукоморья
2026-10-06 14:38:54 [INFO] __main__: Запрашиваю hotelclub_ice (hotelclub_ice)
2026-10-06 14:38:57 [INFO] __main__: Сохранено 1 номеров для Отель Сибирская резиденция Лёд Байкала
2026-10-06 14:38:57 [INFO] __main__: Запрашиваю tikhaya_gavan_4 (tikhaya_gavan_4)
2026-10-06 14:38:58 [INFO] __main__: Сохранено 2 номеров для Отель "Тихая Гавань"
2026-10-06 14:38:58 [INFO] __main__: Запрашиваю hotel_yubileinaya__2 (hotel_yubileinaya__2)
2026-10-06 14:39:03 [INFO] __main__: Сохранено 6 номеров для Гостиница Юбилейная
2026-10-06 14:39:03 [INFO] __main__: Запрашиваю oktyabrskaya_minihotel (oktyabrskaya_minihotel)
2026-10-06 14:39:04 [INFO] __main__: Сохранено 3 номеров для Октябрьская
2026-10-06 14:39:04 [INFO] __main__: Запрашиваю trakstop_38_2 (trakstop_38_2)
2026-10-06 14:39:05 [INFO] __main__: Сохранено 2 номеров для Тракстоп 38
2026-10-06 14:39:05 [INFO] __main__: Запрашиваю nochleg_i_zavtrak_bb_shambala (nochleg_i_zavtrak_bb_shambala)
2026-10-06 14:39:06 [INFO] __main__: Сохранено 1 номеров для Загородный отель Шамбала
2026-10-06 14:39:06 [INFO] __main__: Запрашиваю tri_kita_2 (tri_kita_2)
2026-10-06 14:39:07 [INFO] __main__: Сохранено 5 номеров для Отель Три Кита
2026-10-06 14:39:07 [INFO] __main__: Запрашиваю solnechny_guest_house_7 (solnechny_guest_house_7)
2026-10-06 14:39:07 [INFO] __main__: Сохранено 1 номеров для Cолнечный
2026-10-06 14:39:07 [INFO] __main__: Запрашиваю hotel_kurshavel_ (hotel_kurshavel_)
2026-10-06 14:39:08 [INFO] __main__: Сохранено 5 номеров для Отель Куршавель
2026-10-06 14:39:08 [INFO] __main__: Запрашиваю dom_baykal_guest_house (dom_baykal_guest_house)
2026-10-06 14:39:10 [INFO] __main__: Сохранено 4 номеров для Меблированные комнаты Дом Байкал
2026-10-06 14:39:10 [INFO] __main__: Запрашиваю hotel_baikal_best_edelweiss (hotel_baikal_best_edelweiss)
2026-10-06 14:39:11 [INFO] __main__: Сохранено 6 номеров для Отель Байкал Эдельвейс
2026-10-06 14:39:11 [INFO] __main__: Запрашиваю gostevoj_dom_otdyih_na_bajkale (gostevoj_dom_otdyih_na_bajkale)
2026-10-06 14:39:11 [INFO] __main__: Сохранено 5 номеров для Отель Отдых на Байкале
2026-10-06 14:39:11 [INFO] __main__: Запрашиваю gostinitsa_akademicheskaya (gostinitsa_akademicheskaya)
2026-10-06 14:39:11 [INFO] __main__: Сохранено 2 номеров для Отель Гостиница Академическая
2026-10-06 14:39:11 [INFO] __main__: Запрашиваю meridian_7 (meridian_7)
2026-10-06 14:39:17 [INFO] __main__: Сохранено 5 номеров для Отель Меридиан
2026-10-06 14:39:17 [INFO] __main__: Запрашиваю arena_g_irkutsk (arena_g_irkutsk)
2026-10-06 14:39:19 [INFO] __main__: Сохранено 3 номеров для Отель Арена Иркутск
2026-10-06 14:39:19 [INFO] __main__: Запрашиваю mihail_strogov (mihail_strogov)
2026-10-06 14:39:24 [INFO] __main__: Сохранено 3 номеров для Отель Михаил Строгов
2026-10-06 14:39:24 [INFO] __main__: Запрашиваю olkhonstory_guest_house (olkhonstory_guest_house)
2026-10-06 14:39:26 [INFO] __main__: Сохранено 2 номеров для История Ольхона
2026-10-06 14:39:26 [INFO] __main__: Запрашиваю profsoyuznaya_hotel_4 (profsoyuznaya_hotel_4)
2026-10-06 14:39:27 [INFO] __main__: Сохранено 1 номеров для Профсоюзная
2026-10-06 14:39:27 [INFO] __main__: Запрашиваю domik_na_kholme_guest_house (domik_na_kholme_guest_house)
2026-10-06 14:39:27 [INFO] __main__: Сохранено 1 номеров для Меблированные комнаты Домик на холме
2026-10-06 14:39:27 [INFO] __main__: Запрашиваю brusinka (brusinka)
2026-10-06 14:39:30 [INFO] __main__: Сохранено 2 номеров для Меблированные комнаты Брусника
2026-10-06 14:39:30 [INFO] __main__: Запрашиваю living_quarters_uyutnye_dlya_dvoikh (living_quarters_uyutnye_dlya_dvoikh)
2026-10-06 14:39:30 [INFO] __main__: Сохранено 1 номеров для Меблированные комнаты Уютные для Двоих
2026-10-06 14:39:30 [INFO] __main__: Запрашиваю beliy_sobol_parkhotel (beliy_sobol_parkhotel)
2026-10-06 14:39:31 [INFO] __main__: Сохранено 4 номеров для Парк-отель Белый Соболь
2026-10-06 14:39:31 [INFO] __main__: Запрашиваю vostochnaia (vostochnaia)
2026-10-06 14:39:32 [INFO] __main__: Сохранено 6 номеров для Гостиница Восточная
2026-10-06 14:39:32 [INFO] __main__: Запрашиваю svetly_aparthotel (svetly_aparthotel)
2026-10-06 14:39:33 [INFO] __main__: Сохранено 2 номеров для Отель Светлый
2026-10-06 14:39:33 [INFO] __main__: Запрашиваю guest_house_baykaliya (guest_house_baykaliya)
2026-10-06 14:39:33 [INFO] __main__: Сохранено 1 номеров для Байкалия
2026-10-06 14:39:33 [INFO] __main__: Запрашиваю hotel_rodina_grand_hotel_spa_irkutsk_5 (hotel_rodina_grand_hotel_spa_irkutsk_5)
2026-10-06 14:39:33 [INFO] __main__: Сохранено 11 номеров для Отель RODINA Grand Hotel & SPA Irkutsk 5*
2026-10-06 14:39:33 [INFO] __main__: Запрашиваю irkutsk_city_lodge (irkutsk_city_lodge)
2026-10-06 14:39:34 [INFO] __main__: Сохранено 4 номеров для Отель Иркутск Сити Лодж
2026-10-06 14:39:34 [INFO] __main__: Запрашиваю ozerny_tulun_sports_complex_na_karbysheva_185_apartment (ozerny_tulun_sports_complex_na_karbysheva_185_apartment)
2026-10-06 14:39:34 [INFO] __main__: Сохранено 1 номеров для Спорткомплекс Озерный Тулун на Карбышева 185
2026-10-06 14:39:34 [INFO] __main__: Запрашиваю wind_lake_guest_house (wind_lake_guest_house)
2026-10-06 14:39:35 [INFO] __main__: Сохранено 3 номеров для Wind Lake
2026-10-06 14:39:35 [INFO] __main__: Запрашиваю v_samom_tsentre_irkutska_minihotel (v_samom_tsentre_irkutska_minihotel)
2026-10-06 14:39:35 [INFO] __main__: Сохранено 1 номеров для Отель В Сердце Иркутска
2026-10-06 14:39:35 [INFO] __main__: Запрашиваю tengis_park_hotel (tengis_park_hotel)
2026-10-06 14:39:40 [INFO] __main__: Сохранено 2 номеров для Отель Тэнгис
2026-10-06 14:39:40 [INFO] __main__: Запрашиваю gostevoi_dom_margobai (gostevoi_dom_margobai)
2026-10-06 14:39:42 [INFO] __main__: Сохранено 8 номеров для Отель Маргобай
2026-10-06 14:39:42 [INFO] __main__: Запрашиваю v_derevne_guest_house (v_derevne_guest_house)
2026-10-06 14:39:42 [INFO] __main__: Сохранено 1 номеров для Уютный дом
2026-10-06 14:39:42 [INFO] __main__: Запрашиваю sportkompleks_ozerny_tulun_hotel (sportkompleks_ozerny_tulun_hotel)
2026-10-06 14:39:43 [INFO] __main__: Сохранено 1 номеров для Спорткомплекс Озерный Тулун
2026-10-06 14:39:43 [INFO] __main__: Запрашиваю private_house_uedinenny_dom_na_beregu_zhivopisnoy_zavodi (private_house_uedinenny_dom_na_beregu_zhivopisnoy_zavodi)
2026-10-06 14:39:43 [INFO] __main__: Сохранено 1 номеров для Байкал 51
2026-10-06 14:39:43 [INFO] __main__: Запрашиваю gostevoy_dom_chilla_villa_baikal (gostevoy_dom_chilla_villa_baikal)
2026-10-06 14:39:46 [INFO] __main__: Сохранено 2 номеров для Гостевой дом Chilla_villa_baikal
2026-10-06 14:39:46 [INFO] __main__: Запрашиваю rezidentsii_rodina_irkutsk (rezidentsii_rodina_irkutsk)
2026-10-06 14:39:46 [INFO] __main__: Сохранено 3 номеров для Резиденции Rodina Irkutsk
2026-10-06 14:39:46 [INFO] __main__: Запрашиваю planeta_9 (planeta_9)
2026-10-06 14:39:49 [INFO] __main__: Сохранено 4 номеров для Планета
2026-10-06 14:39:49 [INFO] __main__: Запрашиваю baykal_shale_guest_house (baykal_shale_guest_house)
2026-10-06 14:39:50 [INFO] __main__: Сохранено 5 номеров для Байкал Шале
2026-10-06 14:39:50 [INFO] __main__: Запрашиваю guest_house_baykal (guest_house_baykal)
2026-10-06 14:39:51 [INFO] __main__: Сохранено 1 номеров для В объятиях Байкала
2026-10-06 14:39:51 [INFO] __main__: Запрашиваю hotel_kosmos_5 (hotel_kosmos_5)
2026-10-06 14:39:52 [INFO] __main__: Сохранено 3 номеров для Отель Космос
2026-10-06 14:39:52 [INFO] __main__: Запрашиваю katantsa_hotel (katantsa_hotel)
2026-10-06 14:39:52 [INFO] __main__: Сохранено 5 номеров для Отель Катанца
2026-10-06 14:39:52 [INFO] __main__: Запрашиваю dauria_hotel_2 (dauria_hotel_2)
2026-10-06 14:39:53 [INFO] __main__: Сохранено 5 номеров для Отель Даурия
2026-10-06 14:39:53 [INFO] __main__: Запрашиваю aura_living_quarters (aura_living_quarters)
2026-10-06 14:39:54 [INFO] __main__: Сохранено 1 номеров для Меблированные комнаты Аура
2026-10-06 14:39:54 [INFO] __main__: Запрашиваю shelest (shelest)
2026-10-06 14:39:57 [INFO] __main__: Сохранено 1 номеров для Shelest
2026-10-06 14:39:57 [INFO] __main__: Запрашиваю praskovya_guest_house (praskovya_guest_house)
2026-10-06 14:39:58 [INFO] __main__: Сохранено 2 номеров для Отель Прасковья
2026-10-06 14:39:58 [INFO] __main__: Запрашиваю izumrud_hotel_7 (izumrud_hotel_7)
2026-10-06 14:39:59 [INFO] __main__: Сохранено 4 номеров для Отель Изумруд
2026-10-06 14:39:59 [INFO] __main__: Запрашиваю magnetit (magnetit)
2026-10-06 14:39:59 [INFO] __main__: Сохранено 5 номеров для Отель Магнетит
2026-10-06 14:39:59 [INFO] __main__: Запрашиваю krestovaya_pad_hotel (krestovaya_pad_hotel)
2026-10-06 14:40:00 [INFO] __main__: Сохранено 10 номеров для Гостиница Крестовая падь
2026-10-06 14:40:00 [INFO] __main__: Запрашиваю hotel_shishki (hotel_shishki)
2026-10-06 14:40:01 [INFO] __main__: Сохранено 3 номеров для Меблированные комнаты Шишки
2026-10-06 14:40:01 [INFO] __main__: Запрашиваю hostel_katrin_2 (hostel_katrin_2)
2026-10-06 14:40:02 [INFO] __main__: Сохранено 2 номеров для Катрин
2026-10-06 14:40:02 [INFO] __main__: Запрашиваю hotel_star_of_baiakal (hotel_star_of_baiakal)
2026-10-06 14:40:04 [INFO] __main__: Сохранено 5 номеров для Гостиница Star of Baikal
2026-10-06 14:40:04 [INFO] __main__: Запрашиваю hotel_olimpiada (hotel_olimpiada)
2026-10-06 14:40:06 [INFO] __main__: Сохранено 4 номеров для Олимпиада
2026-10-06 14:40:06 [INFO] __main__: Запрашиваю miniotel_medveditsa (miniotel_medveditsa)
2026-10-06 14:40:09 [INFO] __main__: Сохранено 4 номеров для Меблированные комнаты Медведица
2026-10-06 14:40:09 [INFO] __main__: Запрашиваю royal_hotel_33 (royal_hotel_33)
2026-10-06 14:40:09 [INFO] __main__: Сохранено 4 номеров для Отель Рояль
2026-10-06 14:40:09 [INFO] __main__: Запрашиваю rodnye_berega_holiday_park_ (rodnye_berega_holiday_park_)
2026-10-06 14:40:10 [INFO] __main__: Сохранено 2 номеров для База Отдыха Родные Берега
2026-10-06 14:40:10 [INFO] __main__: Запрашиваю hotel_barguzin (hotel_barguzin)
2026-10-06 14:40:12 [INFO] __main__: Сохранено 4 номеров для Меблированные комнаты Баргузин
2026-10-06 14:40:12 [INFO] __main__: Запрашиваю baza_otdykha_village_hvoy (baza_otdykha_village_hvoy)
2026-10-06 14:40:13 [INFO] __main__: Сохранено 4 номеров для Вилладж Хвоя
2026-10-06 14:40:13 [INFO] __main__: Запрашиваю hotel_shvedka (hotel_shvedka)
2026-10-06 14:40:14 [INFO] __main__: Сохранено 10 номеров для Отель ШВЕДКА
2026-10-06 14:40:14 [INFO] __main__: Запрашиваю arena_on_sverdlov (arena_on_sverdlov)
2026-10-06 14:40:17 [INFO] __main__: Сохранено 4 номеров для Меблированные комнаты общежитие "Арена на Свердлова"
2026-10-06 14:40:17 [INFO] __main__: Запрашиваю recreation_complex_altan (recreation_complex_altan)
2026-10-06 14:40:19 [INFO] __main__: Сохранено 6 номеров для Парк-Отель Алтан
2026-10-06 14:40:19 [INFO] __main__: Запрашиваю gloria_20 (gloria_20)
2026-10-06 14:40:22 [INFO] __main__: Сохранено 2 номеров для Отель Глория
2026-10-06 14:40:22 [INFO] __main__: Запрашиваю hotel_gostinitsa_dinamo (hotel_gostinitsa_dinamo)
2026-10-06 14:40:23 [INFO] __main__: Сохранено 5 номеров для Отель Динамо
2026-10-06 14:40:23 [INFO] __main__: Запрашиваю metelitsa_6 (metelitsa_6)
2026-10-06 14:40:24 [INFO] __main__: Сохранено 3 номеров для Отель Метелица
2026-10-06 14:40:24 [INFO] __main__: Запрашиваю yupiter (yupiter)
2026-10-06 14:40:25 [INFO] __main__: Сохранено 2 номеров для Юпитер
2026-10-06 14:40:25 [INFO] __main__: Запрашиваю saturn_8 (saturn_8)
2026-10-06 14:40:27 [INFO] __main__: Сохранено 3 номеров для Отель Сатурн
2026-10-06 14:40:27 [INFO] __main__: Запрашиваю olkhon_house_guest_family_house (olkhon_house_guest_family_house)
2026-10-06 14:40:27 [INFO] __main__: Сохранено 4 номеров для Olkhon Family House
2026-10-06 14:40:27 [INFO] __main__: Запрашиваю khoromy_recreation_camp (khoromy_recreation_camp)
2026-10-06 14:40:28 [INFO] __main__: Сохранено 3 номеров для Хоромы
2026-10-06 14:40:28 [INFO] __main__: Запрашиваю hotel_baikal_krai (hotel_baikal_krai)
2026-10-06 14:40:29 [INFO] __main__: Сохранено 3 номеров для Усадьба Байкальский край
2026-10-06 14:40:29 [INFO] __main__: Запрашиваю maksi_hotel (maksi_hotel)
2026-10-06 14:40:29 [INFO] __main__: Сохранено 1 номеров для Отель Макси
2026-10-06 14:40:29 [INFO] __main__: Запрашиваю gostevoy_dom_mandarkhan_obaykal (gostevoy_dom_mandarkhan_obaykal)
2026-10-06 14:40:29 [INFO] __main__: Сохранено 1 номеров для Мандархан, о.Байкал
2026-10-06 14:40:29 [INFO] __main__: Запрашиваю gostevoj_dom_bajkalska_tajga (gostevoj_dom_bajkalska_tajga)
2026-10-06 14:40:32 [INFO] __main__: Сохранено 1 номеров для Байкальска тайга
2026-10-06 14:40:32 [INFO] __main__: Запрашиваю aleksandrovskij_dvor (aleksandrovskij_dvor)
2026-10-06 14:40:35 [INFO] __main__: Сохранено 1 номеров для Александровский двор
2026-10-06 14:40:35 [INFO] __main__: Запрашиваю glemping_hygge_barn (glemping_hygge_barn)
2026-10-06 14:40:36 [INFO] __main__: Сохранено 1 номеров для Hygge Barn
2026-10-06 14:40:36 [INFO] __main__: Запрашиваю v_russkom_stile_guest_house (v_russkom_stile_guest_house)
2026-10-06 14:40:36 [INFO] __main__: Сохранено 1 номеров для Меблированные комнаты в Русском Стиле
2026-10-06 14:40:36 [INFO] __main__: Запрашиваю dlya_kompanii_guest_house (dlya_kompanii_guest_house)
2026-10-06 14:40:36 [INFO] __main__: Сохранено 1 номеров для Для компании
2026-10-06 14:40:36 [INFO] __main__: Запрашиваю komilfo_2 (komilfo_2)
2026-10-06 14:40:37 [INFO] __main__: Сохранено 4 номеров для Отель Комильфо
2026-10-06 14:40:37 [INFO] __main__: Запрашиваю alaniya (alaniya)
2026-10-06 14:40:40 [INFO] __main__: Сохранено 2 номеров для Алания
2026-10-06 14:40:40 [INFO] __main__: Запрашиваю gostevoj_dom_na_zvezdinskoj (gostevoj_dom_na_zvezdinskoj)
2026-10-06 14:40:42 [INFO] __main__: Сохранено 3 номеров для Отель на Звездинской
2026-10-06 14:40:42 [INFO] __main__: Запрашиваю yolochka (yolochka)
2026-10-06 14:40:43 [INFO] __main__: Сохранено 9 номеров для Меблированные комнаты Ёлочка
2026-10-06 14:40:43 [INFO] __main__: Запрашиваю hotel_sozvezdie_baikala (hotel_sozvezdie_baikala)
2026-10-06 14:40:44 [INFO] __main__: Сохранено 6 номеров для Отель Созвездие Байкала
2026-10-06 14:40:44 [INFO] __main__: Запрашиваю bely_bereg (bely_bereg)
2026-10-06 14:40:45 [INFO] __main__: Сохранено 3 номеров для Отель Белый берег
2026-10-06 14:40:45 [INFO] __main__: Сохранено 722 номеров в /home/runner/work/ostrovok-parser/ostrovok-parser/daily/rooms/2026-10-06.csv
2026-10-06 14:40:45 [INFO] __main__: Парсинг завершён. Всего обработано 722 номеров.
2026-10-06 14:40:46 [WARNING] __main__: free_rooms_amount (39) > rooms_num (27) для hotel_nikola_2 — используем effective_rooms_num=39
2026-10-06 14:40:46 [WARNING] __main__: free_rooms_amount (90) > rooms_num (44) для eko_baikalwood_hotel — используем effective_rooms_num=90
2026-10-06 14:40:46 [WARNING] __main__: free_rooms_amount (60) > rooms_num (40) для armat_hotel — используем effective_rooms_num=60
2026-10-06 14:40:46 [WARNING] __main__: free_rooms_amount (596) > rooms_num (156) для baikal_forest_hotel — используем effective_rooms_num=596
2026-10-06 14:40:46 [WARNING] __main__: free_rooms_amount (45) > rooms_num (40) для history_boutiquehotel — используем effective_rooms_num=45
2026-10-06 14:40:46 [WARNING] __main__: free_rooms_amount (42) > rooms_num (38) для vera_baikal — используем effective_rooms_num=42
2026-10-06 14:40:46 [WARNING] __main__: free_rooms_amount (22) > rooms_num (15) для hotel_flagman_olkhona — используем effective_rooms_num=22
2026-10-06 14:40:46 [WARNING] __main__: free_rooms_amount (16) > rooms_num (15) для dom_baykal_guest_house — используем effective_rooms_num=16
2026-10-06 14:40:46 [WARNING] __main__: free_rooms_amount (17) > rooms_num (15) для arena_g_irkutsk — используем effective_rooms_num=17
2026-10-06 14:40:46 [WARNING] __main__: free_rooms_amount (8) > rooms_num (6) для olkhonstory_guest_house — используем effective_rooms_num=8
2026-10-06 14:40:46 [WARNING] __main__: free_rooms_amount (33) > rooms_num (14) для gostevoi_dom_margobai — используем effective_rooms_num=33
2026-10-06 14:40:46 [WARNING] __main__: free_rooms_amount (14) > rooms_num (11) для baykal_shale_guest_house — используем effective_rooms_num=14
2026-10-06 14:40:46 [WARNING] __main__: free_rooms_amount (27) > rooms_num (4) для dauria_hotel_2 — используем effective_rooms_num=27
2026-10-06 14:40:46 [WARNING] __main__: free_rooms_amount (13) > rooms_num (9) для izumrud_hotel_7 — используем effective_rooms_num=13
2026-10-06 14:40:46 [WARNING] __main__: free_rooms_amount (28) > rooms_num (25) для recreation_complex_altan — используем effective_rooms_num=28
2026-10-06 14:40:46 [WARNING] __main__: free_rooms_amount (35) > rooms_num (25) для gostevoj_dom_na_zvezdinskoj — используем effective_rooms_num=35
2026-10-06 14:40:46 [WARNING] __main__: free_rooms_amount (9) > rooms_num (6) для yolochka — используем effective_rooms_num=9
2026-10-06 14:40:46 [WARNING] __main__: free_rooms_amount (7) > rooms_num (5) для bely_bereg — используем effective_rooms_num=7
2026-10-06 14:40:47 [INFO] __main__: Статистика сохранена в /home/runner/work/ostrovok-parser/ostrovok-parser/daily/statistics/2026-10-06.csv
2026-10-06 14:40:47 [INFO] __main__: Обработано 181 отелей
