2026-08-22 08:14:46 [INFO] __main__: Режим CI: увеличенные таймауты и ожидание networkidle.
2026-08-22 08:14:46 [INFO] __main__: Запуск парсера отелей...
2026-08-22 08:14:46 [INFO] __main__: Даты бронирования: 23.08.2026 - 24.08.2026
2026-08-22 08:14:46 [INFO] __main__: --- Страница 1 ---
2026-08-22 08:14:52 [INFO] __main__: Перехвачено и извлечено 20 отелей. Всего: 20
2026-08-22 08:14:58 [INFO] __main__: Добавлено 20 отелей со страницы 1. Переход на следующую страницу...
2026-08-22 08:15:00 [INFO] __main__: --- Страница 2 ---
2026-08-22 08:15:52 [WARNING] __main__: На странице 2 отелей не получено. Конец списка.
2026-08-22 08:15:52 [INFO] __main__: === Всего собрано отелей со всех страниц: 20 ===
2026-08-22 08:16:07 [INFO] __main__: Сохранено 20 отелей в /home/runner/work/ostrovok-parser/ostrovok-parser/daily/hotels/2026-08-22.csv
2026-08-22 08:16:07 [INFO] __main__: Парсинг завершён. Всего обработано 20 отелей.
2026-08-22 08:16:07 [INFO] __main__: Каталог сохранён: 281 отелей → /home/runner/work/ostrovok-parser/ostrovok-parser/catalog/hotels.csv
2026-08-22 08:16:07 [INFO] __main__: Каталог обновлён: всего 281, новых 0
2026-08-22 08:16:10 [INFO] __main__: Даты бронирования: 23.08.2026 - 24.08.2026
2026-08-22 08:16:10 [INFO] __main__: Запуск браузера для получения куки...
2026-08-22 08:16:15 [INFO] __main__: Получено 54 куки
2026-08-22 08:16:15 [INFO] __main__: Запрашиваю dohodnyij_dom_listratvoj_butikhotel (dohodnyij_dom_listratvoj_butikhotel)
2026-08-22 08:16:16 [INFO] __main__: Сохранено 6 номеров для Отель Доходный дом Листратовой
2026-08-22 08:16:16 [INFO] __main__: Запрашиваю bajkal_hotel (bajkal_hotel)
2026-08-22 08:16:16 [INFO] __main__: Сохранено 4 номеров для Отель Байкал
2026-08-22 08:16:16 [INFO] __main__: Запрашиваю ibis_irkutsk_center (ibis_irkutsk_center)
2026-08-22 08:16:21 [INFO] __main__: Сохранено 2 номеров для Отель Ибис Иркутск Центр
2026-08-22 08:16:21 [INFO] __main__: Запрашиваю irkutsk_city_center (irkutsk_city_center)
2026-08-22 08:16:21 [INFO] __main__: Сохранено 1 номеров для Отель Иркутск Сити Центр
2026-08-22 08:16:21 [INFO] __main__: Запрашиваю angara_hotel (angara_hotel)
2026-08-22 08:16:26 [INFO] __main__: Сохранено 7 номеров для Ангара Отель
2026-08-22 08:16:26 [INFO] __main__: Запрашиваю victory_hotel_4 (victory_hotel_4)
2026-08-22 08:16:31 [INFO] __main__: Сохранено 4 номеров для Гостиница Виктория
2026-08-22 08:16:31 [INFO] __main__: Запрашиваю tajga_hotel (tajga_hotel)
2026-08-22 08:16:36 [INFO] __main__: Сохранено 5 номеров для Отель Тайга
2026-08-22 08:16:36 [INFO] __main__: Запрашиваю evropa_hotel (evropa_hotel)
2026-08-22 08:16:41 [INFO] __main__: Сохранено 9 номеров для Отель Европа
2026-08-22 08:16:41 [INFO] __main__: Запрашиваю hotel_premium_hotel_pushkin (hotel_premium_hotel_pushkin)
2026-08-22 08:16:41 [INFO] __main__: Сохранено 5 номеров для Премиум-отель Пушкин
2026-08-22 08:16:41 [INFO] __main__: Запрашиваю hotel_harats_inn (hotel_harats_inn)
2026-08-22 08:16:44 [INFO] __main__: Сохранено 4 номеров для Отель Harat's inn
2026-08-22 08:16:44 [INFO] __main__: Запрашиваю hotel_dacha_baikaleco (hotel_dacha_baikaleco)
2026-08-22 08:16:45 [INFO] __main__: Сохранено 2 номеров для Семейный отель Дача БайкалЭко
2026-08-22 08:16:45 [INFO] __main__: Запрашиваю otel_irkut (otel_irkut)
2026-08-22 08:16:46 [INFO] __main__: Сохранено 5 номеров для Отель Иркут
2026-08-22 08:16:46 [INFO] __main__: Запрашиваю wind_lake_guest_house (wind_lake_guest_house)
2026-08-22 08:16:46 [INFO] __main__: Сохранено 5 номеров для Wind Lake
2026-08-22 08:16:46 [INFO] __main__: Запрашиваю hotel_anastasiya_2 (hotel_anastasiya_2)
2026-08-22 08:16:47 [INFO] __main__: Сохранено 11 номеров для Отель ГК Анастасия
2026-08-22 08:16:47 [INFO] __main__: Запрашиваю history_boutiquehotel (history_boutiquehotel)
2026-08-22 08:16:52 [INFO] __main__: Сохранено 7 номеров для Отель HISTORY Бутик-отель и СПА
2026-08-22 08:16:52 [INFO] __main__: Запрашиваю azimut_aeroport_irkutsk_hotel (azimut_aeroport_irkutsk_hotel)
2026-08-22 08:16:52 [INFO] __main__: Сохранено 4 номеров для AZIMUT Отель Аэропорт Иркутск 4*
2026-08-22 08:16:52 [INFO] __main__: Запрашиваю rus_hotel_irkutsk (rus_hotel_irkutsk)
2026-08-22 08:16:57 [INFO] __main__: Сохранено 7 номеров для Гостиничный Комплекс Русь
2026-08-22 08:16:57 [INFO] __main__: Запрашиваю hotel_olkhonhill (hotel_olkhonhill)
2026-08-22 08:17:00 [INFO] __main__: Сохранено 2 номеров для Отель Olkhon-hill
2026-08-22 08:17:00 [INFO] __main__: Запрашиваю hotel_nuur_hotel (hotel_nuur_hotel)
2026-08-22 08:17:05 [INFO] __main__: Сохранено 3 номеров для Отель Nuur Hotel
2026-08-22 08:17:05 [INFO] __main__: Запрашиваю vera_baikal (vera_baikal)
2026-08-22 08:17:09 [INFO] __main__: Сохранено 6 номеров для Отель Вера Байкал
2026-08-22 08:17:09 [INFO] __main__: Сохранено 99 номеров в /home/runner/work/ostrovok-parser/ostrovok-parser/daily/rooms/2026-08-22.csv
2026-08-22 08:17:09 [INFO] __main__: Парсинг завершён. Всего обработано 99 номеров.
2026-08-22 08:17:12 [WARNING] __main__: free_rooms_amount (27) > rooms_num (26) для hotel_anastasiya_2 — используем effective_rooms_num=27
2026-08-22 08:17:12 [WARNING] __main__: free_rooms_amount (41) > rooms_num (40) для history_boutiquehotel — используем effective_rooms_num=41
2026-08-22 08:17:12 [INFO] __main__: Статистика сохранена в /home/runner/work/ostrovok-parser/ostrovok-parser/daily/statistics/2026-08-22.csv
2026-08-22 08:17:12 [INFO] __main__: Обработано 20 отелей
