2026-07-20 10:37:18 [INFO] __main__: Режим CI: увеличенные таймауты и ожидание networkidle.
2026-07-20 10:37:18 [INFO] __main__: Запуск парсера отелей...
2026-07-20 10:37:18 [INFO] __main__: Даты бронирования: 21.07.2026 - 22.07.2026
2026-07-20 10:37:20 [INFO] __main__: --- Страница 1 ---
2026-07-20 10:37:24 [INFO] __main__: Перехвачено и извлечено 20 отелей. Всего: 20
2026-07-20 10:38:13 [INFO] __main__: Добавлено 20 отелей со страницы 1. Переход на следующую страницу...
2026-07-20 10:38:15 [INFO] __main__: --- Страница 2 ---
2026-07-20 10:38:18 [INFO] __main__: Перехвачено и извлечено 20 отелей. Всего: 40
2026-07-20 10:38:22 [INFO] __main__: Добавлено 20 отелей со страницы 2. Переход на следующую страницу...
2026-07-20 10:38:24 [INFO] __main__: --- Страница 3 ---
2026-07-20 10:38:27 [INFO] __main__: Перехвачено и извлечено 20 отелей. Всего: 60
2026-07-20 10:38:31 [INFO] __main__: Добавлено 20 отелей со страницы 3. Переход на следующую страницу...
2026-07-20 10:38:33 [INFO] __main__: --- Страница 4 ---
2026-07-20 10:38:35 [INFO] __main__: Перехвачено и извлечено 20 отелей. Всего: 80
2026-07-20 10:39:22 [INFO] __main__: Добавлено 20 отелей со страницы 4. Переход на следующую страницу...
2026-07-20 10:39:24 [INFO] __main__: --- Страница 5 ---
2026-07-20 10:39:28 [INFO] __main__: Перехвачено и извлечено 20 отелей. Всего: 100
2026-07-20 10:40:14 [INFO] __main__: Добавлено 20 отелей со страницы 5. Переход на следующую страницу...
2026-07-20 10:40:17 [INFO] __main__: --- Страница 6 ---
2026-07-20 10:40:20 [INFO] __main__: Перехвачено и извлечено 20 отелей. Всего: 120
2026-07-20 10:40:27 [INFO] __main__: Добавлено 20 отелей со страницы 6. Переход на следующую страницу...
2026-07-20 10:40:29 [INFO] __main__: --- Страница 7 ---
2026-07-20 10:40:31 [INFO] __main__: Перехвачено и извлечено 20 отелей. Всего: 140
2026-07-20 10:41:19 [INFO] __main__: Добавлено 20 отелей со страницы 7. Переход на следующую страницу...
2026-07-20 10:41:21 [INFO] __main__: --- Страница 8 ---
2026-07-20 10:41:23 [INFO] __main__: Перехвачено и извлечено 20 отелей. Всего: 160
2026-07-20 10:42:11 [INFO] __main__: Добавлено 20 отелей со страницы 8. Переход на следующую страницу...
2026-07-20 10:42:14 [INFO] __main__: --- Страница 9 ---
2026-07-20 10:42:17 [INFO] __main__: Перехвачено и извлечено 20 отелей. Всего: 180
2026-07-20 10:43:05 [INFO] __main__: Добавлено 20 отелей со страницы 9. Переход на следующую страницу...
2026-07-20 10:43:07 [INFO] __main__: --- Страница 10 ---
2026-07-20 10:43:11 [INFO] __main__: Перехвачено и извлечено 20 отелей. Всего: 200
2026-07-20 10:43:14 [INFO] __main__: Добавлено 20 отелей со страницы 10. Переход на следующую страницу...
2026-07-20 10:43:17 [INFO] __main__: --- Страница 11 ---
2026-07-20 10:43:19 [INFO] __main__: Перехвачено и извлечено 5 отелей. Всего: 205
2026-07-20 10:43:24 [INFO] __main__: Добавлено 5 отелей со страницы 11. Переход на следующую страницу...
2026-07-20 10:43:26 [INFO] __main__: --- Страница 12 ---
2026-07-20 10:44:16 [WARNING] __main__: На странице 12 отелей не получено. Конец списка.
2026-07-20 10:44:16 [INFO] __main__: === Всего собрано отелей со всех страниц: 205 ===
2026-07-20 10:44:32 [INFO] __main__: Сохранено 205 отелей в /home/runner/work/ostrovok-parser/ostrovok-parser/daily/hotels/2026-07-20.csv
2026-07-20 10:44:32 [INFO] __main__: Парсинг завершён. Всего обработано 205 отелей.
2026-07-20 10:44:32 [INFO] __main__: Каталог сохранён: 268 отелей → /home/runner/work/ostrovok-parser/ostrovok-parser/catalog/hotels.csv
2026-07-20 10:44:32 [INFO] __main__: Каталог обновлён: всего 268, новых 10
2026-07-20 10:44:34 [INFO] __main__: Даты бронирования: 21.07.2026 - 22.07.2026
2026-07-20 10:44:34 [INFO] __main__: Запуск браузера для получения куки...
2026-07-20 10:44:38 [INFO] __main__: Получено 56 куки
2026-07-20 10:44:38 [INFO] __main__: Запрашиваю irkutsk_city_center (irkutsk_city_center)
2026-07-20 10:44:39 [INFO] __main__: Сохранено 4 номеров для Отель Иркутск Сити Центр
2026-07-20 10:44:39 [INFO] __main__: Запрашиваю tajga_hotel (tajga_hotel)
2026-07-20 10:44:39 [INFO] __main__: Сохранено 3 номеров для Отель Тайга
2026-07-20 10:44:39 [INFO] __main__: Запрашиваю hotel_nikola_2 (hotel_nikola_2)
2026-07-20 10:44:42 [INFO] __main__: Сохранено 5 номеров для Отель Никола
2026-07-20 10:44:42 [INFO] __main__: Запрашиваю otel_irkut (otel_irkut)
2026-07-20 10:44:43 [INFO] __main__: Сохранено 6 номеров для Отель Иркут
2026-07-20 10:44:43 [INFO] __main__: Запрашиваю yakovlev_hotel (yakovlev_hotel)
2026-07-20 10:44:44 [INFO] __main__: Сохранено 2 номеров для Отель Яковлевъ
2026-07-20 10:44:44 [INFO] __main__: Запрашиваю vozdushnaya_gavan (vozdushnaya_gavan)
2026-07-20 10:44:45 [INFO] __main__: Сохранено 1 номеров для Отель Воздушная Гавань
2026-07-20 10:44:45 [INFO] __main__: Запрашиваю empire_hotel_3 (empire_hotel_3)
2026-07-20 10:44:46 [INFO] __main__: Сохранено 11 номеров для Гостиница Империя
2026-07-20 10:44:46 [INFO] __main__: Запрашиваю rus_hotel_irkutsk (rus_hotel_irkutsk)
2026-07-20 10:44:47 [INFO] __main__: Сохранено 6 номеров для Гостиничный Комплекс Русь
2026-07-20 10:44:47 [INFO] __main__: Запрашиваю hotel_premium_hotel_pushkin (hotel_premium_hotel_pushkin)
2026-07-20 10:44:47 [INFO] __main__: Сохранено 5 номеров для Премиум-отель Пушкин
2026-07-20 10:44:47 [INFO] __main__: Запрашиваю victory_hotel_4 (victory_hotel_4)
2026-07-20 10:44:48 [INFO] __main__: Сохранено 1 номеров для Гостиница Виктория
2026-07-20 10:44:48 [INFO] __main__: Запрашиваю lyuks_hotel_4 (lyuks_hotel_4)
2026-07-20 10:44:48 [INFO] __main__: Сохранено 3 номеров для Отель Люкс
2026-07-20 10:44:48 [INFO] __main__: Запрашиваю hotel_nuur_hotel (hotel_nuur_hotel)
2026-07-20 10:44:49 [INFO] __main__: Сохранено 4 номеров для Отель Nuur Hotel
2026-07-20 10:44:49 [INFO] __main__: Запрашиваю hotel_flagman_olkhona (hotel_flagman_olkhona)
2026-07-20 10:44:51 [INFO] __main__: Сохранено 4 номеров для Отель Флагман Ольхона
2026-07-20 10:44:51 [INFO] __main__: Запрашиваю best_eastern_hotel_zvezda (best_eastern_hotel_zvezda)
2026-07-20 10:44:57 [INFO] __main__: Сохранено 6 номеров для Отель Звезда
2026-07-20 10:44:57 [INFO] __main__: Запрашиваю taiga_2 (taiga_2)
2026-07-20 10:44:59 [INFO] __main__: Сохранено 4 номеров для Отель Taiga
2026-07-20 10:44:59 [INFO] __main__: Запрашиваю bajkal_hotel (bajkal_hotel)
2026-07-20 10:45:00 [INFO] __main__: Сохранено 5 номеров для Отель Байкал
2026-07-20 10:45:00 [INFO] __main__: Запрашиваю azimut_aeroport_irkutsk_hotel (azimut_aeroport_irkutsk_hotel)
2026-07-20 10:45:00 [INFO] __main__: Сохранено 4 номеров для AZIMUT Отель Аэропорт Иркутск 4*
2026-07-20 10:45:00 [INFO] __main__: Запрашиваю inn_business_hall (inn_business_hall)
2026-07-20 10:45:04 [INFO] __main__: Сохранено 3 номеров для Отель Business Hall
2026-07-20 10:45:04 [INFO] __main__: Запрашиваю klubnyij_kvartal_apartments (klubnyij_kvartal_apartments)
2026-07-20 10:45:04 [INFO] __main__: Сохранено 2 номеров для Клубный Квартал
2026-07-20 10:45:04 [INFO] __main__: Запрашиваю baikal_forest_hotel (baikal_forest_hotel)
2026-07-20 10:45:06 [INFO] __main__: Сохранено 12 номеров для Отель Форест
2026-07-20 10:45:06 [INFO] __main__: Запрашиваю otel_tsentral (otel_tsentral)
2026-07-20 10:45:06 [INFO] __main__: Сохранено 8 номеров для Отель Централь
2026-07-20 10:45:06 [INFO] __main__: Запрашиваю angara_hotel (angara_hotel)
2026-07-20 10:45:07 [INFO] __main__: Сохранено 6 номеров для Ангара Отель
2026-07-20 10:45:07 [INFO] __main__: Запрашиваю gostevoj_dom_na_zvezdinskoj (gostevoj_dom_na_zvezdinskoj)
2026-07-20 10:45:08 [INFO] __main__: Сохранено 3 номеров для Отель на Звездинской
2026-07-20 10:45:08 [INFO] __main__: Запрашиваю archi_apt_apartments (archi_apt_apartments)
2026-07-20 10:45:09 [INFO] __main__: Сохранено 2 номеров для Отель Baikal Archi Apt
2026-07-20 10:45:09 [INFO] __main__: Запрашиваю minihotel_albatros (minihotel_albatros)
2026-07-20 10:45:11 [INFO] __main__: Сохранено 2 номеров для Гостиница Альбатрос
2026-07-20 10:45:11 [INFO] __main__: Запрашиваю aristokrat_hotel (aristokrat_hotel)
2026-07-20 10:45:13 [INFO] __main__: Сохранено 5 номеров для Отель Аристократ
2026-07-20 10:45:13 [INFO] __main__: Запрашиваю kupechesky_dvor_hotel (kupechesky_dvor_hotel)
2026-07-20 10:45:15 [INFO] __main__: Сохранено 5 номеров для Отель Купеческий Дворъ
2026-07-20 10:45:15 [INFO] __main__: Запрашиваю grand_baikal (grand_baikal)
2026-07-20 10:45:16 [INFO] __main__: Сохранено 3 номеров для Отель Гранд Байкал
2026-07-20 10:45:16 [INFO] __main__: Запрашиваю hotel_angara (hotel_angara)
2026-07-20 10:45:18 [INFO] __main__: Сохранено 7 номеров для Отель Ангара-Приоритет
2026-07-20 10:45:18 [INFO] __main__: Запрашиваю malinovka_3 (malinovka_3)
2026-07-20 10:45:19 [INFO] __main__: Сохранено 2 номеров для Малиновка
2026-07-20 10:45:19 [INFO] __main__: Запрашиваю marx_hotel (marx_hotel)
2026-07-20 10:45:19 [INFO] __main__: Сохранено 3 номеров для Отель Маркс
2026-07-20 10:45:19 [INFO] __main__: Запрашиваю hotel_nataly_2 (hotel_nataly_2)
2026-07-20 10:45:20 [INFO] __main__: Сохранено 3 номеров для Отель Натали
2026-07-20 10:45:20 [INFO] __main__: Запрашиваю apartamentyi_v_irkutske (apartamentyi_v_irkutske)
2026-07-20 10:45:21 [INFO] __main__: Сохранено 2 номеров для Меблированные комнаты в Иркутске
2026-07-20 10:45:21 [INFO] __main__: Запрашиваю history_boutiquehotel (history_boutiquehotel)
2026-07-20 10:45:23 [INFO] __main__: Сохранено 6 номеров для Отель HISTORY Бутик-отель и СПА
2026-07-20 10:45:23 [INFO] __main__: Запрашиваю dohodnyij_dom_listratvoj_butikhotel (dohodnyij_dom_listratvoj_butikhotel)
2026-07-20 10:45:23 [INFO] __main__: Сохранено 7 номеров для Отель Доходный дом Листратовой
2026-07-20 10:45:23 [INFO] __main__: Запрашиваю hotel_harats_inn (hotel_harats_inn)
2026-07-20 10:45:25 [INFO] __main__: Сохранено 4 номеров для Отель Harat's inn
2026-07-20 10:45:25 [INFO] __main__: Запрашиваю guest_house_na_obrucheva (guest_house_na_obrucheva)
2026-07-20 10:45:25 [INFO] __main__: Сохранено 2 номеров для Меблированные комнаты на Обручева
2026-07-20 10:45:25 [INFO] __main__: Запрашиваю hotel_aziyayevropa (hotel_aziyayevropa)
2026-07-20 10:45:27 [INFO] __main__: Сохранено 5 номеров для Отель Азия-Европа
2026-07-20 10:45:27 [INFO] __main__: Запрашиваю baikal_view_hotel (baikal_view_hotel)
2026-07-20 10:45:29 [INFO] __main__: Сохранено 6 номеров для Baikal View Hotel
2026-07-20 10:45:29 [INFO] __main__: Запрашиваю brusinka (brusinka)
2026-07-20 10:45:30 [INFO] __main__: Сохранено 1 номеров для Меблированные комнаты Брусника
2026-07-20 10:45:30 [INFO] __main__: Запрашиваю hotel_olkhonhill (hotel_olkhonhill)
2026-07-20 10:45:30 [INFO] __main__: Сохранено 2 номеров для Отель Olkhon-hill
2026-07-20 10:45:30 [INFO] __main__: Запрашиваю gostevoy_dom_sunrise (gostevoy_dom_sunrise)
2026-07-20 10:45:31 [INFO] __main__: Сохранено 1 номеров для Sunrise
2026-07-20 10:45:31 [INFO] __main__: Запрашиваю uda_2 (uda_2)
2026-07-20 10:45:32 [INFO] __main__: Сохранено 6 номеров для Отель УДА
2026-07-20 10:45:32 [INFO] __main__: Запрашиваю lada_8 (lada_8)
2026-07-20 10:45:33 [INFO] __main__: Сохранено 10 номеров для Отель Гостиница ЛАДА
2026-07-20 10:45:33 [INFO] __main__: Запрашиваю bolshoe_puteshestvie_hotel (bolshoe_puteshestvie_hotel)
2026-07-20 10:45:35 [INFO] __main__: Сохранено 1 номеров для Кемпинг Отель Ольхон
2026-07-20 10:45:35 [INFO] __main__: Запрашиваю miniotel_gostinitsa_nerpenok (miniotel_gostinitsa_nerpenok)
2026-07-20 10:45:35 [INFO] __main__: Сохранено 3 номеров для Нерпенок
2026-07-20 10:45:35 [INFO] __main__: Запрашиваю mini_hotel_vizit (mini_hotel_vizit)
2026-07-20 10:45:36 [INFO] __main__: Сохранено 2 номеров для Гостиница Визит
2026-07-20 10:45:36 [INFO] __main__: Запрашиваю podlemorie_hotel (podlemorie_hotel)
2026-07-20 10:45:37 [INFO] __main__: Сохранено 3 номеров для Отель Подлеморье
2026-07-20 10:45:37 [INFO] __main__: Запрашиваю guest_house_baykaliya (guest_house_baykaliya)
2026-07-20 10:45:38 [INFO] __main__: Сохранено 2 номеров для Байкалия
2026-07-20 10:45:38 [INFO] __main__: Запрашиваю baykal_guest_house_3 (baykal_guest_house_3)
2026-07-20 10:45:38 [INFO] __main__: Сохранено 3 номеров для Меблированные комнаты Байкал
2026-07-20 10:45:38 [INFO] __main__: Запрашиваю baykal_khan_hotel_olkhon (baykal_khan_hotel_olkhon)
2026-07-20 10:45:41 [INFO] __main__: Сохранено 2 номеров для Отель Байкал-Хан Ольхон
2026-07-20 10:45:41 [INFO] __main__: Запрашиваю baza_otdykha_olkhon (baza_otdykha_olkhon)
2026-07-20 10:45:41 [INFO] __main__: Сохранено 3 номеров для База отдыха Ольхон
2026-07-20 10:45:41 [INFO] __main__: Запрашиваю baza_otdykha_gostiny_dvor_vdokhnovenie (baza_otdykha_gostiny_dvor_vdokhnovenie)
2026-07-20 10:45:41 [INFO] __main__: Сохранено 3 номеров для Отель Гостиный Двор Вдохновение
2026-07-20 10:45:41 [INFO] __main__: Запрашиваю baykal_shale_guest_house (baykal_shale_guest_house)
2026-07-20 10:45:44 [INFO] __main__: Сохранено 1 номеров для Байкал Шале
2026-07-20 10:45:44 [INFO] __main__: Запрашиваю mayak_hotel_listvyanka (mayak_hotel_listvyanka)
2026-07-20 10:45:45 [INFO] __main__: Сохранено 3 номеров для Отель Маяк
2026-07-20 10:45:45 [INFO] __main__: Запрашиваю amurskiy (amurskiy)
2026-07-20 10:45:46 [INFO] __main__: Сохранено 2 номеров для Отель Амурский
2026-07-20 10:45:46 [INFO] __main__: Запрашиваю gostevoy_dom_briz_3 (gostevoy_dom_briz_3)
2026-07-20 10:45:46 [INFO] __main__: Сохранено 0 номеров для Меблированные комнаты БРИЗ
2026-07-20 10:45:46 [INFO] __main__: Запрашиваю miniotel_serdtse_baykala (miniotel_serdtse_baykala)
2026-07-20 10:45:46 [INFO] __main__: Сохранено 1 номеров для Сердце Байкала
2026-07-20 10:45:46 [INFO] __main__: Запрашиваю legend_of_baikal (legend_of_baikal)
2026-07-20 10:45:47 [INFO] __main__: Сохранено 6 номеров для Отель Легенда Байкала
2026-07-20 10:45:47 [INFO] __main__: Запрашиваю lotos_hotel (lotos_hotel)
2026-07-20 10:45:47 [INFO] __main__: Сохранено 6 номеров для Отель Лотос
2026-07-20 10:45:47 [INFO] __main__: Запрашиваю montana_hostel (montana_hostel)
2026-07-20 10:45:48 [INFO] __main__: Сохранено 3 номеров для Меблированные комнаты Montana
2026-07-20 10:45:48 [INFO] __main__: Запрашиваю krestovaya_pad_hotel (krestovaya_pad_hotel)
2026-07-20 10:45:52 [INFO] __main__: Сохранено 0 номеров для Гостиница Крестовая падь
2026-07-20 10:45:52 [INFO] __main__: Запрашиваю maksi_hotel (maksi_hotel)
2026-07-20 10:45:52 [INFO] __main__: Сохранено 1 номеров для Отель Макси
2026-07-20 10:45:52 [INFO] __main__: Запрашиваю armat_hotel (armat_hotel)
2026-07-20 10:45:52 [INFO] __main__: Сохранено 9 номеров для Отель Армат
2026-07-20 10:45:52 [INFO] __main__: Запрашиваю vera_baikal (vera_baikal)
2026-07-20 10:45:53 [INFO] __main__: Сохранено 3 номеров для Отель Вера Байкал
2026-07-20 10:45:53 [INFO] __main__: Запрашиваю hotel_u_ruchyya (hotel_u_ruchyya)
2026-07-20 10:45:53 [INFO] __main__: Сохранено 0 номеров для Отель У ручья
2026-07-20 10:45:53 [INFO] __main__: Запрашиваю gostevoi_dom_margobai (gostevoi_dom_margobai)
2026-07-20 10:45:56 [INFO] __main__: Сохранено 1 номеров для Отель Маргобай
2026-07-20 10:45:56 [INFO] __main__: Запрашиваю hotel_kurshavel_ (hotel_kurshavel_)
2026-07-20 10:45:58 [INFO] __main__: Сохранено 4 номеров для Отель Куршавель
2026-07-20 10:45:58 [INFO] __main__: Запрашиваю miniotel_good_hotel (miniotel_good_hotel)
2026-07-20 10:46:01 [INFO] __main__: Сохранено 1 номеров для Мини-Отель Good Hotel
2026-07-20 10:46:01 [INFO] __main__: Запрашиваю 7_dorog (7_dorog)
2026-07-20 10:46:01 [INFO] __main__: Сохранено 6 номеров для Гостиница 7 дорог
2026-07-20 10:46:01 [INFO] __main__: Запрашиваю gostevoj_dom_otdyih_na_bajkale (gostevoj_dom_otdyih_na_bajkale)
2026-07-20 10:46:02 [INFO] __main__: Сохранено 0 номеров для Отель Отдых на Байкале
2026-07-20 10:46:02 [INFO] __main__: Запрашиваю glempingotel_yolki_recreation_camp (glempingotel_yolki_recreation_camp)
2026-07-20 10:46:02 [INFO] __main__: Сохранено 0 номеров для Елки
2026-07-20 10:46:02 [INFO] __main__: Запрашиваю flagman_hotel (flagman_hotel)
2026-07-20 10:46:03 [INFO] __main__: Сохранено 1 номеров для Отель Флагман
2026-07-20 10:46:03 [INFO] __main__: Запрашиваю guesthouse_dudeevukh (guesthouse_dudeevukh)
2026-07-20 10:46:06 [INFO] __main__: Сохранено 0 номеров для Меблированные комнаты Дудеевых
2026-07-20 10:46:06 [INFO] __main__: Запрашиваю lazurny_bereg_hotel_ (lazurny_bereg_hotel_)
2026-07-20 10:46:07 [INFO] __main__: Сохранено 2 номеров для Гостиница Лазурный берег
2026-07-20 10:46:07 [INFO] __main__: Запрашиваю hotel_barguzin (hotel_barguzin)
2026-07-20 10:46:08 [INFO] __main__: Сохранено 4 номеров для Меблированные комнаты Баргузин
2026-07-20 10:46:08 [INFO] __main__: Запрашиваю legendy_baykala (legendy_baykala)
2026-07-20 10:46:08 [INFO] __main__: Сохранено 3 номеров для Гостиница Легенды Байкала
2026-07-20 10:46:08 [INFO] __main__: Запрашиваю azatai_park_hotel (azatai_park_hotel)
2026-07-20 10:46:10 [INFO] __main__: Сохранено 3 номеров для Парк-отель "Азатай"
2026-07-20 10:46:10 [INFO] __main__: Запрашиваю mihail_strogov (mihail_strogov)
2026-07-20 10:46:12 [INFO] __main__: Сохранено 4 номеров для Отель Михаил Строгов
2026-07-20 10:46:12 [INFO] __main__: Запрашиваю praskovya_guest_house (praskovya_guest_house)
2026-07-20 10:46:15 [INFO] __main__: Сохранено 2 номеров для Отель Прасковья
2026-07-20 10:46:15 [INFO] __main__: Запрашиваю baikal_family_house (baikal_family_house)
2026-07-20 10:46:17 [INFO] __main__: Сохранено 1 номеров для Baikal Family House (Байкал Фэмили Хаус)
2026-07-20 10:46:17 [INFO] __main__: Запрашиваю gostinitsa_akademicheskaya (gostinitsa_akademicheskaya)
2026-07-20 10:46:17 [INFO] __main__: Сохранено 5 номеров для Отель Гостиница Академическая
2026-07-20 10:46:17 [INFO] __main__: Запрашиваю parus_18 (parus_18)
2026-07-20 10:46:17 [INFO] __main__: Сохранено 0 номеров для Курортный отель Парус
2026-07-20 10:46:17 [INFO] __main__: Запрашиваю baikal_business_center_hotel (baikal_business_center_hotel)
2026-07-20 10:46:18 [INFO] __main__: Сохранено 5 номеров для Отель Байкал Бизнес Центр
2026-07-20 10:46:18 [INFO] __main__: Запрашиваю artrezidentsiya_port_olhon (artrezidentsiya_port_olhon)
2026-07-20 10:46:23 [INFO] __main__: Сохранено 0 номеров для Арт-отель Порт Ольхон
2026-07-20 10:46:23 [INFO] __main__: Запрашиваю matreshka_hotel (matreshka_hotel)
2026-07-20 10:46:25 [INFO] __main__: Сохранено 6 номеров для Отель Матрешка
2026-07-20 10:46:25 [INFO] __main__: Запрашиваю miniotel_medveditsa (miniotel_medveditsa)
2026-07-20 10:46:25 [INFO] __main__: Сохранено 1 номеров для Меблированные комнаты Медведица
2026-07-20 10:46:25 [INFO] __main__: Запрашиваю u_istoka_hotel (u_istoka_hotel)
2026-07-20 10:46:25 [INFO] __main__: Сохранено 0 номеров для Гостиница У Истока
2026-07-20 10:46:25 [INFO] __main__: Запрашиваю hotel_anastasiya_2 (hotel_anastasiya_2)
2026-07-20 10:46:26 [INFO] __main__: Сохранено 10 номеров для Отель ГК Анастасия
2026-07-20 10:46:26 [INFO] __main__: Запрашиваю hotel_complex_baikalov_ostrog (hotel_complex_baikalov_ostrog)
2026-07-20 10:46:26 [INFO] __main__: Сохранено 5 номеров для Гостиница Байкалов Острог
2026-07-20 10:46:26 [INFO] __main__: Запрашиваю larus (larus)
2026-07-20 10:46:27 [INFO] __main__: Сохранено 0 номеров для Отель Ларус
2026-07-20 10:46:27 [INFO] __main__: Запрашиваю hotel_gostinitsa_avtovokzal (hotel_gostinitsa_avtovokzal)
2026-07-20 10:46:28 [INFO] __main__: Сохранено 4 номеров для Отель Автовокзал
2026-07-20 10:46:28 [INFO] __main__: Запрашиваю yolochka (yolochka)
2026-07-20 10:46:28 [INFO] __main__: Сохранено 5 номеров для Меблированные комнаты Ёлочка
2026-07-20 10:46:28 [INFO] __main__: Запрашиваю lenatour (lenatour)
2026-07-20 10:46:30 [INFO] __main__: Сохранено 4 номеров для Отель  Ленатур
2026-07-20 10:46:30 [INFO] __main__: Запрашиваю magas (magas)
2026-07-20 10:46:32 [INFO] __main__: Сохранено 6 номеров для Отель на Перроне
2026-07-20 10:46:32 [INFO] __main__: Запрашиваю bajkalskie_sezonyi (bajkalskie_sezonyi)
2026-07-20 10:46:34 [INFO] __main__: Сохранено 2 номеров для Отель Парк Байкальские сезоны
2026-07-20 10:46:34 [INFO] __main__: Запрашиваю minihotel_panda (minihotel_panda)
2026-07-20 10:46:35 [INFO] __main__: Сохранено 1 номеров для Отель ДиаДэй
2026-07-20 10:46:35 [INFO] __main__: Запрашиваю gostevoy_dom_holiday_park_on_olkhon (gostevoy_dom_holiday_park_on_olkhon)
2026-07-20 10:46:35 [INFO] __main__: Сохранено 2 номеров для Holiday park on Olkhon
2026-07-20 10:46:35 [INFO] __main__: Запрашиваю kheyvitsa_guest_house (kheyvitsa_guest_house)
2026-07-20 10:46:37 [INFO] __main__: Сохранено 2 номеров для Отель Гостевой Дом Хейвица
2026-07-20 10:46:37 [INFO] __main__: Запрашиваю hotel_yubileinaya__2 (hotel_yubileinaya__2)
2026-07-20 10:46:38 [INFO] __main__: Сохранено 6 номеров для Гостиница Юбилейная
2026-07-20 10:46:38 [INFO] __main__: Запрашиваю gostinitsa_solntse (gostinitsa_solntse)
2026-07-20 10:46:39 [INFO] __main__: Сохранено 2 номеров для Гостиница Солнце
2026-07-20 10:46:39 [INFO] __main__: Запрашиваю metelitsa_6 (metelitsa_6)
2026-07-20 10:46:41 [INFO] __main__: Сохранено 3 номеров для Отель Метелица
2026-07-20 10:46:41 [INFO] __main__: Запрашиваю bely_bereg (bely_bereg)
2026-07-20 10:46:42 [INFO] __main__: Сохранено 1 номеров для Отель Белый берег
2026-07-20 10:46:42 [INFO] __main__: Запрашиваю tri_kita_2 (tri_kita_2)
2026-07-20 10:46:42 [INFO] __main__: Сохранено 6 номеров для Отель Три Кита
2026-07-20 10:46:42 [INFO] __main__: Запрашиваю camping_yelochka_kempinghotel (camping_yelochka_kempinghotel)
2026-07-20 10:46:44 [INFO] __main__: Сохранено 2 номеров для Отель Елочка
2026-07-20 10:46:44 [INFO] __main__: Запрашиваю domik_na_kholme_guest_house (domik_na_kholme_guest_house)
2026-07-20 10:46:45 [INFO] __main__: Сохранено 0 номеров для Меблированные комнаты Домик на холме
2026-07-20 10:46:45 [INFO] __main__: Запрашиваю lakeplacebaykal_living_quarters (lakeplacebaykal_living_quarters)
2026-07-20 10:46:45 [INFO] __main__: Сохранено 0 номеров для Меблированные комнаты ЛэйкПлэйсБайкал
2026-07-20 10:46:45 [INFO] __main__: Запрашиваю luna_hotel_9 (luna_hotel_9)
2026-07-20 10:46:46 [INFO] __main__: Сохранено 5 номеров для Отель Луна
2026-07-20 10:46:46 [INFO] __main__: Запрашиваю gostinitsa_ustilim (gostinitsa_ustilim)
2026-07-20 10:46:49 [INFO] __main__: Сохранено 6 номеров для Усть-Илим
2026-07-20 10:46:49 [INFO] __main__: Запрашиваю kharbor (kharbor)
2026-07-20 10:46:49 [INFO] __main__: Сохранено 5 номеров для Отель Харбор
2026-07-20 10:46:49 [INFO] __main__: Запрашиваю burduguz_hotel_2 (burduguz_hotel_2)
2026-07-20 10:46:49 [INFO] __main__: Сохранено 0 номеров для Парк-Отель Бурдугуз
2026-07-20 10:46:49 [INFO] __main__: Запрашиваю hotel_pushkin_2 (hotel_pushkin_2)
2026-07-20 10:46:52 [INFO] __main__: Сохранено 6 номеров для Отель ПушкинЪ
2026-07-20 10:46:52 [INFO] __main__: Запрашиваю aura_baykala_guest_house (aura_baykala_guest_house)
2026-07-20 10:46:52 [INFO] __main__: Сохранено 2 номеров для Аура Байкала
2026-07-20 10:46:52 [INFO] __main__: Запрашиваю baikalbabr (baikalbabr)
2026-07-20 10:46:53 [INFO] __main__: Сохранено 0 номеров для Baikal-babr
2026-07-20 10:46:53 [INFO] __main__: Запрашиваю baikal_capsule_hostel (baikal_capsule_hostel)
2026-07-20 10:46:54 [INFO] __main__: Сохранено 1 номеров для Baikal Capsule (Байкал Капсула)
2026-07-20 10:46:54 [INFO] __main__: Запрашиваю atlas_hotel_3 (atlas_hotel_3)
2026-07-20 10:46:54 [INFO] __main__: Сохранено 5 номеров для Гостиница Атлас
2026-07-20 10:46:54 [INFO] __main__: Запрашиваю inn_oasis_2 (inn_oasis_2)
2026-07-20 10:46:55 [INFO] __main__: Сохранено 4 номеров для База отдыха Оазис
2026-07-20 10:46:55 [INFO] __main__: Запрашиваю tsentr_otdykha_dashi (tsentr_otdykha_dashi)
2026-07-20 10:46:55 [INFO] __main__: Сохранено 4 номеров для Центр отдыха Да-ши
2026-07-20 10:46:55 [INFO] __main__: Запрашиваю katantsa_hotel (katantsa_hotel)
2026-07-20 10:46:56 [INFO] __main__: Сохранено 0 номеров для Отель Катанца
2026-07-20 10:46:56 [INFO] __main__: Запрашиваю baza_otdykha_akvamarin (baza_otdykha_akvamarin)
2026-07-20 10:46:57 [INFO] __main__: Сохранено 1 номеров для Аквамарин
2026-07-20 10:46:57 [INFO] __main__: Запрашиваю hotel_olimpiada (hotel_olimpiada)
2026-07-20 10:46:59 [INFO] __main__: Сохранено 5 номеров для Олимпиада
2026-07-20 10:46:59 [INFO] __main__: Запрашиваю smart_hotel_kdo_irkutsk_hotel (smart_hotel_kdo_irkutsk_hotel)
2026-07-20 10:47:00 [INFO] __main__: Сохранено 3 номеров для Отель Smart Hotel Иркутск
2026-07-20 10:47:00 [INFO] __main__: Запрашиваю hotel_sozvezdie_baikala (hotel_sozvezdie_baikala)
2026-07-20 10:47:01 [INFO] __main__: Сохранено 6 номеров для Отель Созвездие Байкала
2026-07-20 10:47:01 [INFO] __main__: Запрашиваю hotel_khotej (hotel_khotej)
2026-07-20 10:47:02 [INFO] __main__: Сохранено 0 номеров для Отель Хотэй
2026-07-20 10:47:02 [INFO] __main__: Запрашиваю island_of_7_poplars (island_of_7_poplars)
2026-07-20 10:47:03 [INFO] __main__: Сохранено 1 номеров для Остров 7 тополей
2026-07-20 10:47:03 [INFO] __main__: Запрашиваю olkhon_house_guest_family_house (olkhon_house_guest_family_house)
2026-07-20 10:47:04 [INFO] __main__: Сохранено 0 номеров для Olkhon Family House
2026-07-20 10:47:04 [INFO] __main__: Запрашиваю arena_on_sverdlov (arena_on_sverdlov)
2026-07-20 10:47:06 [INFO] __main__: Сохранено 3 номеров для Меблированные комнаты общежитие "Арена на Свердлова"
2026-07-20 10:47:06 [INFO] __main__: Запрашиваю vitim (vitim)
2026-07-20 10:47:13 [INFO] __main__: Сохранено 1 номеров для Витим
2026-07-20 10:47:13 [INFO] __main__: Запрашиваю yupiter (yupiter)
2026-07-20 10:47:14 [INFO] __main__: Сохранено 2 номеров для Юпитер
2026-07-20 10:47:14 [INFO] __main__: Запрашиваю saturn_8 (saturn_8)
2026-07-20 10:47:16 [INFO] __main__: Сохранено 1 номеров для Отель Сатурн
2026-07-20 10:47:16 [INFO] __main__: Запрашиваю shelest (shelest)
2026-07-20 10:47:17 [INFO] __main__: Сохранено 2 номеров для Shelest
2026-07-20 10:47:17 [INFO] __main__: Запрашиваю the_hotel_on_volzhskaya (the_hotel_on_volzhskaya)
2026-07-20 10:47:19 [INFO] __main__: Сохранено 3 номеров для Гостиница на Волжской
2026-07-20 10:47:19 [INFO] __main__: Запрашиваю hotelclub_ice (hotelclub_ice)
2026-07-20 10:47:22 [INFO] __main__: Сохранено 1 номеров для Отель Сибирская резиденция Лёд Байкала
2026-07-20 10:47:22 [INFO] __main__: Запрашиваю international_hotel_sayen (international_hotel_sayen)
2026-07-20 10:47:22 [INFO] __main__: Сохранено 7 номеров для SAYEN
2026-07-20 10:47:22 [INFO] __main__: Запрашиваю nochleg_i_zavtrak_bb_shambala (nochleg_i_zavtrak_bb_shambala)
2026-07-20 10:47:24 [INFO] __main__: Сохранено 1 номеров для Загородный отель Шамбала
2026-07-20 10:47:24 [INFO] __main__: Запрашиваю hotel_rodina_grand_hotel_spa_irkutsk_5 (hotel_rodina_grand_hotel_spa_irkutsk_5)
2026-07-20 10:47:25 [INFO] __main__: Сохранено 10 номеров для Отель RODINA Grand Hotel & SPA Irkutsk 5*
2026-07-20 10:47:25 [INFO] __main__: Запрашиваю v_derevne_guest_house (v_derevne_guest_house)
2026-07-20 10:47:25 [INFO] __main__: Сохранено 0 номеров для Уютный дом
2026-07-20 10:47:25 [INFO] __main__: Запрашиваю kakdoma_on_piskunov_street_1483 (kakdoma_on_piskunov_street_1483)
2026-07-20 10:47:27 [INFO] __main__: Сохранено 1 номеров для КакДома на улице Пискунова 148/3
2026-07-20 10:47:27 [INFO] __main__: Запрашиваю aura_living_quarters (aura_living_quarters)
2026-07-20 10:47:27 [INFO] __main__: Сохранено 0 номеров для Меблированные комнаты Аура
2026-07-20 10:47:27 [INFO] __main__: Запрашиваю v_samom_tsentre_irkutska_minihotel (v_samom_tsentre_irkutska_minihotel)
2026-07-20 10:47:27 [INFO] __main__: Сохранено 2 номеров для Отель В Сердце Иркутска
2026-07-20 10:47:27 [INFO] __main__: Запрашиваю irkutsk_city_lodge (irkutsk_city_lodge)
2026-07-20 10:47:28 [INFO] __main__: Сохранено 0 номеров для Отель Иркутск Сити Лодж
2026-07-20 10:47:28 [INFO] __main__: Запрашиваю momant_house_recreation_camp (momant_house_recreation_camp)
2026-07-20 10:47:28 [INFO] __main__: Сохранено 0 номеров для Momant house
2026-07-20 10:47:28 [INFO] __main__: Запрашиваю premium_premium_on_dybovsky_street (premium_premium_on_dybovsky_street)
2026-07-20 10:47:29 [INFO] __main__: Сохранено 1 номеров для Premium (Премиум) на улице Дыбовского
2026-07-20 10:47:29 [INFO] __main__: Запрашиваю magnetit (magnetit)
2026-07-20 10:47:30 [INFO] __main__: Сохранено 7 номеров для Отель Магнетит
2026-07-20 10:47:30 [INFO] __main__: Запрашиваю less_guest_house (less_guest_house)
2026-07-20 10:47:30 [INFO] __main__: Сохранено 2 номеров для Меблированные комнаты Лесс
2026-07-20 10:47:30 [INFO] __main__: Запрашиваю dom_baykal_guest_house (dom_baykal_guest_house)
2026-07-20 10:47:31 [INFO] __main__: Сохранено 2 номеров для Меблированные комнаты Дом Байкал
2026-07-20 10:47:31 [INFO] __main__: Запрашиваю hotel_soyuz_2 (hotel_soyuz_2)
2026-07-20 10:47:32 [INFO] __main__: Сохранено 8 номеров для Жилое помещение Союз
2026-07-20 10:47:32 [INFO] __main__: Запрашиваю u_lukomorya_4 (u_lukomorya_4)
2026-07-20 10:47:32 [INFO] __main__: Сохранено 0 номеров для У Лукоморья
2026-07-20 10:47:32 [INFO] __main__: Запрашиваю guest_house_vremena_goda (guest_house_vremena_goda)
2026-07-20 10:47:33 [INFO] __main__: Сохранено 0 номеров для Времена Года
2026-07-20 10:47:33 [INFO] __main__: Запрашиваю hostel_katrin_2 (hostel_katrin_2)
2026-07-20 10:47:34 [INFO] __main__: Сохранено 3 номеров для Катрин
2026-07-20 10:47:34 [INFO] __main__: Запрашиваю riderside (riderside)
2026-07-20 10:47:35 [INFO] __main__: Сохранено 2 номеров для Гостиница Riverside
2026-07-20 10:47:35 [INFO] __main__: Запрашиваю apartments_viking_khaus (apartments_viking_khaus)
2026-07-20 10:47:36 [INFO] __main__: Сохранено 2 номеров для Викинг Хаус
2026-07-20 10:47:36 [INFO] __main__: Запрашиваю gostinitsa_undina (gostinitsa_undina)
2026-07-20 10:47:36 [INFO] __main__: Сохранено 0 номеров для Отель Ундина
2026-07-20 10:47:36 [INFO] __main__: Запрашиваю tengis_park_hotel (tengis_park_hotel)
2026-07-20 10:47:38 [INFO] __main__: Сохранено 0 номеров для Отель Тэнгис
2026-07-20 10:47:38 [INFO] __main__: Запрашиваю green_hotel_ (green_hotel_)
2026-07-20 10:47:42 [INFO] __main__: Сохранено 5 номеров для Грин Отель
2026-07-20 10:47:42 [INFO] __main__: Запрашиваю royal_hotel_33 (royal_hotel_33)
2026-07-20 10:47:42 [INFO] __main__: Сохранено 0 номеров для Отель Рояль
2026-07-20 10:47:42 [INFO] __main__: Запрашиваю arena_g_irkutsk (arena_g_irkutsk)
2026-07-20 10:47:46 [INFO] __main__: Сохранено 3 номеров для Отель Арена Иркутск
2026-07-20 10:47:46 [INFO] __main__: Запрашиваю vostochnaia (vostochnaia)
2026-07-20 10:47:47 [INFO] __main__: Сохранено 0 номеров для Гостиница Восточная
2026-07-20 10:47:47 [INFO] __main__: Запрашиваю rodnye_berega_holiday_park_ (rodnye_berega_holiday_park_)
2026-07-20 10:47:48 [INFO] __main__: Сохранено 0 номеров для База Отдыха Родные Берега
2026-07-20 10:47:48 [INFO] __main__: Запрашиваю baza_otdykha_village_hvoy (baza_otdykha_village_hvoy)
2026-07-20 10:47:49 [INFO] __main__: Сохранено 2 номеров для Вилладж Хвоя
2026-07-20 10:47:49 [INFO] __main__: Запрашиваю sweethome_on_krasnokazachya_street (sweethome_on_krasnokazachya_street)
2026-07-20 10:47:50 [INFO] __main__: Сохранено 1 номеров для SweetHome (СвитХоум) на улице Красноказачья
2026-07-20 10:47:50 [INFO] __main__: Запрашиваю oktyabrskaya_minihotel (oktyabrskaya_minihotel)
2026-07-20 10:47:52 [INFO] __main__: Сохранено 3 номеров для Октябрьская
2026-07-20 10:47:52 [INFO] __main__: Запрашиваю dream_of_baikal_hotel (dream_of_baikal_hotel)
2026-07-20 10:47:52 [INFO] __main__: Сохранено 0 номеров для Отель Dream of Baikal
2026-07-20 10:47:52 [INFO] __main__: Запрашиваю gloria_20 (gloria_20)
2026-07-20 10:47:56 [INFO] __main__: Сохранено 1 номеров для Отель Глория
2026-07-20 10:47:56 [INFO] __main__: Запрашиваю bajkalkemp (bajkalkemp)
2026-07-20 10:47:59 [INFO] __main__: Сохранено 1 номеров для Байкал-кэмп
2026-07-20 10:47:59 [INFO] __main__: Запрашиваю wind_lake_guest_house (wind_lake_guest_house)
2026-07-20 10:47:59 [INFO] __main__: Сохранено 0 номеров для Wind Lake
2026-07-20 10:47:59 [INFO] __main__: Запрашиваю trakstop_38_2 (trakstop_38_2)
2026-07-20 10:48:02 [INFO] __main__: Сохранено 1 номеров для Тракстоп 38
2026-07-20 10:48:02 [INFO] __main__: Запрашиваю hotel_gostinitsa_dinamo (hotel_gostinitsa_dinamo)
2026-07-20 10:48:02 [INFO] __main__: Сохранено 5 номеров для Отель Динамо
2026-07-20 10:48:02 [INFO] __main__: Запрашиваю khoromy_recreation_camp (khoromy_recreation_camp)
2026-07-20 10:48:03 [INFO] __main__: Сохранено 3 номеров для Хоромы
2026-07-20 10:48:03 [INFO] __main__: Запрашиваю sweethome_sweethome_on_deputatskaya_street (sweethome_sweethome_on_deputatskaya_street)
2026-07-20 10:48:04 [INFO] __main__: Сохранено 2 номеров для SweetHome (СвитХоум) на улице Депутатская
2026-07-20 10:48:04 [INFO] __main__: Запрашиваю rentier_on_sovetskaya_street (rentier_on_sovetskaya_street)
2026-07-20 10:48:07 [INFO] __main__: Сохранено 1 номеров для Рантье на улице Советская
2026-07-20 10:48:07 [INFO] __main__: Запрашиваю mir_baykala_hotel (mir_baykala_hotel)
2026-07-20 10:48:09 [INFO] __main__: Сохранено 2 номеров для Отель Мир Байкала
2026-07-20 10:48:09 [INFO] __main__: Запрашиваю planeta_9 (planeta_9)
2026-07-20 10:48:12 [INFO] __main__: Сохранено 4 номеров для Планета
2026-07-20 10:48:12 [INFO] __main__: Запрашиваю gostevoj_dom_endemik (gostevoj_dom_endemik)
2026-07-20 10:48:17 [INFO] __main__: Сохранено 3 номеров для Меблированные комнаты посуточная аренда
2026-07-20 10:48:17 [INFO] __main__: Запрашиваю kakdoma_on_piskunov_street_1485 (kakdoma_on_piskunov_street_1485)
2026-07-20 10:48:19 [INFO] __main__: Сохранено 1 номеров для КакДома на улице Пискунова 148/5
2026-07-20 10:48:19 [INFO] __main__: Запрашиваю hotel_irbis (hotel_irbis)
2026-07-20 10:48:20 [INFO] __main__: Сохранено 0 номеров для Отель Ирбис
2026-07-20 10:48:20 [INFO] __main__: Запрашиваю home_hotel_apartments_home_wanted_on_piskunov_street (home_hotel_apartments_home_wanted_on_piskunov_street)
2026-07-20 10:48:22 [INFO] __main__: Сохранено 2 номеров для Апартаменты Home Hotel (Хоум Отель) на улице Пискунова
2026-07-20 10:48:22 [INFO] __main__: Запрашиваю sweethome_sweethome_on_the_passage_of_yuri_ten (sweethome_sweethome_on_the_passage_of_yuri_ten)
2026-07-20 10:48:23 [INFO] __main__: Сохранено 1 номеров для SweetHome (СвитХоум) на проезде Юрия Тена
2026-07-20 10:48:23 [INFO] __main__: Запрашиваю svetly_aparthotel (svetly_aparthotel)
2026-07-20 10:48:25 [INFO] __main__: Сохранено 2 номеров для Отель Светлый
2026-07-20 10:48:25 [INFO] __main__: Запрашиваю kakdoma_on_1664_far_eastern_street (kakdoma_on_1664_far_eastern_street)
2026-07-20 10:48:27 [INFO] __main__: Сохранено 1 номеров для КакДома на улице Дальневосточная 166/4
2026-07-20 10:48:27 [INFO] __main__: Запрашиваю premium_premium_on_krasnokazachya_street_232 (premium_premium_on_krasnokazachya_street_232)
2026-07-20 10:48:29 [INFO] __main__: Сохранено 1 номеров для Premium (Премиум) на улице Красноказачья 23/2
2026-07-20 10:48:29 [INFO] __main__: Запрашиваю glemping_hygge_barn (glemping_hygge_barn)
2026-07-20 10:48:29 [INFO] __main__: Сохранено 1 номеров для Hygge Barn
2026-07-20 10:48:29 [INFO] __main__: Запрашиваю kakdoma_on_piskunov_street_1484 (kakdoma_on_piskunov_street_1484)
2026-07-20 10:48:31 [INFO] __main__: Сохранено 1 номеров для КакДома на улице Пискунова 148/4
2026-07-20 10:48:31 [INFO] __main__: Запрашиваю 9_nights_on_the_street_4_sovetskaya_30 (9_nights_on_the_street_4_sovetskaya_30)
2026-07-20 10:48:33 [INFO] __main__: Сохранено 1 номеров для 9 ночей на улице 4 Советская 30
2026-07-20 10:48:33 [INFO] __main__: Запрашиваю 9_nights_on_lytkin_street_96 (9_nights_on_lytkin_street_96)
2026-07-20 10:48:35 [INFO] __main__: Сохранено 1 номеров для 9 Ночей на улице Лыткина 9/6
2026-07-20 10:48:35 [INFO] __main__: Запрашиваю baykkalina_guest_house (baykkalina_guest_house)
2026-07-20 10:48:36 [INFO] __main__: Сохранено 2 номеров для БайкКалина
2026-07-20 10:48:36 [INFO] __main__: Запрашиваю kakdoma_on_piskunov_street_138 (kakdoma_on_piskunov_street_138)
2026-07-20 10:48:38 [INFO] __main__: Сохранено 1 номеров для КакДома на улице Пискунова 138
2026-07-20 10:48:38 [INFO] __main__: Запрашиваю siberian_apartments_on_krasnykh_magyar_street_14 (siberian_apartments_on_krasnykh_magyar_street_14)
2026-07-20 10:48:39 [INFO] __main__: Сохранено 1 номеров для Be Home (Би хоум) на улице Красных Мадьяр 14
2026-07-20 10:48:39 [INFO] __main__: Запрашиваю siberian_apartments_on_krasnykh_magyar_street_142 (siberian_apartments_on_krasnykh_magyar_street_142)
2026-07-20 10:48:42 [INFO] __main__: Сохранено 1 номеров для Be Home (Би хоум) на улице Красных Мадьяр 14/2
2026-07-20 10:48:42 [INFO] __main__: Запрашиваю v_gostyakh_u_dubrovskikh_guest_house (v_gostyakh_u_dubrovskikh_guest_house)
2026-07-20 10:48:42 [INFO] __main__: Сохранено 0 номеров для В гостях у ДУБРОВСКИХ
2026-07-20 10:48:42 [INFO] __main__: Запрашиваю izumrud_hotel_7 (izumrud_hotel_7)
2026-07-20 10:48:44 [INFO] __main__: Сохранено 4 номеров для Отель Изумруд
2026-07-20 10:48:44 [INFO] __main__: Запрашиваю komilfo_2 (komilfo_2)
2026-07-20 10:48:46 [INFO] __main__: Сохранено 7 номеров для Отель Комильфо
2026-07-20 10:48:46 [INFO] __main__: Запрашиваю na_beregu_baykala_guest_house (na_beregu_baykala_guest_house)
2026-07-20 10:48:46 [INFO] __main__: Сохранено 1 номеров для На берегу Байкала
2026-07-20 10:48:46 [INFO] __main__: Запрашиваю loft_house_38_guest_house (loft_house_38_guest_house)
2026-07-20 10:48:47 [INFO] __main__: Сохранено 0 номеров для Loft House 38
2026-07-20 10:48:47 [INFO] __main__: Запрашиваю kakdoma_on_yuri_levitansky_street_4 (kakdoma_on_yuri_levitansky_street_4)
2026-07-20 10:48:48 [INFO] __main__: Сохранено 1 номеров для КакДома на улице Юрия Левитанского 4
2026-07-20 10:48:48 [INFO] __main__: Запрашиваю premium_on_eduard_dyakonov_street (premium_on_eduard_dyakonov_street)
2026-07-20 10:48:50 [INFO] __main__: Сохранено 1 номеров для Premium на улице Эдуарда Дьяконова
2026-07-20 10:48:50 [INFO] __main__: Запрашиваю spektr_2 (spektr_2)
2026-07-20 10:48:52 [INFO] __main__: Сохранено 3 номеров для Спектр
2026-07-20 10:48:52 [INFO] __main__: Запрашиваю olkhon_2 (olkhon_2)
2026-07-20 10:48:55 [INFO] __main__: Сохранено 4 номеров для Ольхон
2026-07-20 10:48:55 [INFO] __main__: Запрашиваю siberia_9 (siberia_9)
2026-07-20 10:48:57 [INFO] __main__: Сохранено 3 номеров для Сибирь
2026-07-20 10:48:57 [INFO] __main__: Запрашиваю khan_glamping_goloustnoe_khan_glamping_goloustnoe (khan_glamping_goloustnoe_khan_glamping_goloustnoe)
2026-07-20 10:49:00 [INFO] __main__: Сохранено 1 номеров для Khan Glamping Goloustnoye (Хан Глэмпинг Голоустное)
2026-07-20 10:49:00 [INFO] __main__: Запрашиваю odisseya (odisseya)
2026-07-20 10:49:03 [INFO] __main__: Сохранено 3 номеров для Одиссея
2026-07-20 10:49:03 [INFO] __main__: Запрашиваю guest_house_siberia_2 (guest_house_siberia_2)
2026-07-20 10:49:03 [INFO] __main__: Сохранено 0 номеров для Меблированные комнаты Siberia
2026-07-20 10:49:03 [INFO] __main__: Запрашиваю pekin_hotel (pekin_hotel)
2026-07-20 10:49:05 [INFO] __main__: Сохранено 2 номеров для Отель Пекин
2026-07-20 10:49:05 [INFO] __main__: Запрашиваю rezidentsii_rodina_irkutsk (rezidentsii_rodina_irkutsk)
2026-07-20 10:49:09 [INFO] __main__: Сохранено 3 номеров для Резиденции Rodina Irkutsk
2026-07-20 10:49:09 [INFO] __main__: Запрашиваю profsoyuznaya_hotel_4 (profsoyuznaya_hotel_4)
2026-07-20 10:49:09 [INFO] __main__: Сохранено 1 номеров для Отель Профсоюзная
2026-07-20 10:49:09 [INFO] __main__: Сохранено 596 номеров в /home/runner/work/ostrovok-parser/ostrovok-parser/daily/rooms/2026-07-20.csv
2026-07-20 10:49:09 [INFO] __main__: Парсинг завершён. Всего обработано 596 номеров.
2026-07-20 10:49:11 [WARNING] __main__: free_rooms_amount (36) > rooms_num (25) для gostevoj_dom_na_zvezdinskoj — используем effective_rooms_num=36
2026-07-20 10:49:11 [WARNING] __main__: free_rooms_amount (42) > rooms_num (40) для history_boutiquehotel — используем effective_rooms_num=42
2026-07-20 10:49:11 [WARNING] __main__: free_rooms_amount (11) > rooms_num (9) для montana_hostel — используем effective_rooms_num=11
2026-07-20 10:49:11 [WARNING] __main__: free_rooms_amount (10) > rooms_num (7) для kharbor — используем effective_rooms_num=10
2026-07-20 10:49:11 [WARNING] __main__: free_rooms_amount (12) > rooms_num (9) для izumrud_hotel_7 — используем effective_rooms_num=12
2026-07-20 10:49:11 [WARNING] __main__: free_rooms_amount (7) > rooms_num (5) для odisseya — используем effective_rooms_num=7
2026-07-20 10:49:11 [INFO] __main__: Статистика сохранена в /home/runner/work/ostrovok-parser/ostrovok-parser/daily/statistics/2026-07-20.csv
2026-07-20 10:49:11 [INFO] __main__: Обработано 205 отелей
